Component: ARM Compiler 5.06 update 4 (build 422) Tool: armlink [4d35d2]

==============================================================================

Section Cross References

    system_stm32f4xx.o(i.SystemCoreClockUpdate) refers to system_stm32f4xx.o(.data) for SystemCoreClock
    system_stm32f4xx.o(i.SystemInit) refers to system_stm32f4xx.o(i.SetSysClock) for SetSysClock
    startup_stm32f40_41xxx.o(RESET) refers to startup_stm32f40_41xxx.o(STACK) for __initial_sp
    startup_stm32f40_41xxx.o(RESET) refers to startup_stm32f40_41xxx.o(.text) for Reset_Handler
    startup_stm32f40_41xxx.o(RESET) refers to tim3_ch2_pwm.o(i.TIM3_IRQHandler) for TIM3_IRQHandler
    startup_stm32f40_41xxx.o(.text) refers to system_stm32f4xx.o(i.SystemInit) for SystemInit
    startup_stm32f40_41xxx.o(.text) refers to entry.o(.ARM.Collect$$$$00000000) for __main
    main.o(i.main) refers to memseta.o(.text) for __aeabi_memclr4
    main.o(i.main) refers to systick.o(i.Delay_Init) for Delay_Init
    main.o(i.main) refers to spi.o(i.SPI_Init) for SPI_Init
    main.o(i.main) refers to led.o(i.LED_Init) for LED_Init
    main.o(i.main) refers to sht20.o(i.SHT20_Init) for SHT20_Init
    main.o(i.main) refers to oled.o(i.OLED_Init) for OLED_Init
    main.o(i.main) refers to hp_6.o(i.HP_Init) for HP_Init
    main.o(i.main) refers to tim3_ch2_pwm.o(i.TIM3_Init) for TIM3_Init
    main.o(i.main) refers to oled.o(i.OLED_drawBMP) for OLED_drawBMP
    main.o(i.main) refers to systick.o(i.delay_ms) for delay_ms
    main.o(i.main) refers to hp_6.o(i.HP_OpenRate) for HP_OpenRate
    main.o(i.main) refers to hp_6.o(i.HP_OpenBp) for HP_OpenBp
    main.o(i.main) refers to oled.o(i.OLED_clear) for OLED_clear
    main.o(i.main) refers to hp_6.o(i.HP_GetBpResult) for HP_GetBpResult
    main.o(i.main) refers to hp_6.o(i.HP_GetResultData) for HP_GetResultData
    main.o(i.main) refers to oled.o(i.OLED_showChString) for OLED_showChString
    main.o(i.main) refers to printfa.o(i.__0sprintf) for __2sprintf
    main.o(i.main) refers to sht20.o(i.SHT20_readTemAndHum) for SHT20_readTemAndHum
    main.o(i.main) refers to f2d.o(.text) for __aeabi_f2d
    main.o(i.main) refers to main.o(.constdata) for BMP_OPEN_PULSE
    systick.o(i.Delay_Init) refers to systick.o(.data) for fac_us
    systick.o(i.delay_ms) refers to systick.o(i.delay_xms) for delay_xms
    systick.o(i.delay_us) refers to systick.o(.data) for fac_us
    systick.o(i.delay_xms) refers to systick.o(.data) for fac_ms
    oled.o(i.OLED_Init) refers to oled.o(i.OLED_pinInit) for OLED_pinInit
    oled.o(i.OLED_Init) refers to oled.o(i.OLED_deSelect) for OLED_deSelect
    oled.o(i.OLED_Init) refers to oled.o(i.OLED_reset) for OLED_reset
    oled.o(i.OLED_Init) refers to oled.o(i.OLED_writeByte) for OLED_writeByte
    oled.o(i.OLED_Init) refers to oled.o(i.OLED_clear) for OLED_clear
    oled.o(i.OLED_Init) refers to oled.o(i.OLED_setPos) for OLED_setPos
    oled.o(i.OLED_clear) refers to oled.o(i.OLED_writeByte) for OLED_writeByte
    oled.o(i.OLED_drawBMP) refers to oled.o(i.OLED_setPos) for OLED_setPos
    oled.o(i.OLED_drawBMP) refers to oled.o(i.OLED_writeByte) for OLED_writeByte
    oled.o(i.OLED_eraseBMP) refers to oled.o(i.OLED_setPos) for OLED_setPos
    oled.o(i.OLED_eraseBMP) refers to oled.o(i.OLED_writeByte) for OLED_writeByte
    oled.o(i.OLED_reset) refers to systick.o(i.delay_ms) for delay_ms
    oled.o(i.OLED_setPos) refers to oled.o(i.OLED_writeByte) for OLED_writeByte
    oled.o(i.OLED_showCHinese) refers to oled.o(i.OLED_setPos) for OLED_setPos
    oled.o(i.OLED_showCHinese) refers to oled.o(i.OLED_writeByte) for OLED_writeByte
    oled.o(i.OLED_showCHinese) refers to oled.o(.data) for Hzk
    oled.o(i.OLED_showChString) refers to oled.o(i.OLED_showChar) for OLED_showChar
    oled.o(i.OLED_showChar) refers to oled.o(i.OLED_setPos) for OLED_setPos
    oled.o(i.OLED_showChar) refers to oled.o(i.OLED_writeByte) for OLED_writeByte
    oled.o(i.OLED_showChar) refers to oled.o(.constdata) for F16X24
    oled.o(i.OLED_showHzString) refers to oled.o(i.OLED_setPos) for OLED_setPos
    oled.o(i.OLED_showHzString) refers to oled.o(i.OLED_writeByte) for OLED_writeByte
    oled.o(i.OLED_showHzString) refers to strlen.o(.text) for strlen
    oled.o(i.OLED_showHzString) refers to oled.o(.data) for hz_index
    oled.o(i.OLED_writeByte) refers to oled.o(i.OLED_select) for OLED_select
    oled.o(i.OLED_writeByte) refers to spi.o(i.SPI_ReceiveByte) for SPI_ReceiveByte
    oled.o(i.OLED_writeByte) refers to oled.o(i.OLED_deSelect) for OLED_deSelect
    iic.o(i.IIC_Start) refers to iic.o(i.IIC_SDAOut_init) for IIC_SDAOut_init
    iic.o(i.IIC_Start) refers to systick.o(i.delay_us) for delay_us
    iic.o(i.IIC_Stop) refers to iic.o(i.IIC_SDAOut_init) for IIC_SDAOut_init
    iic.o(i.IIC_Stop) refers to systick.o(i.delay_us) for delay_us
    iic.o(i.MCU_IIC_Receiveack) refers to iic.o(i.IIC_SDAIn_init) for IIC_SDAIn_init
    iic.o(i.MCU_IIC_Receiveack) refers to systick.o(i.delay_us) for delay_us
    iic.o(i.MCU_IIC_Receivedata) refers to iic.o(i.IIC_SDAIn_init) for IIC_SDAIn_init
    iic.o(i.MCU_IIC_Receivedata) refers to systick.o(i.delay_us) for delay_us
    iic.o(i.MCU_IIC_Sendack) refers to iic.o(i.IIC_SDAOut_init) for IIC_SDAOut_init
    iic.o(i.MCU_IIC_Sendack) refers to systick.o(i.delay_us) for delay_us
    iic.o(i.MCU_IIC_Senddata) refers to iic.o(i.IIC_SDAOut_init) for IIC_SDAOut_init
    iic.o(i.MCU_IIC_Senddata) refers to systick.o(i.delay_us) for delay_us
    sht20.o(i.SHT20_Init) refers to sht20.o(i.SHT20_softReset) for SHT20_softReset
    sht20.o(i.SHT20_readTemAndHum) refers to sht20.o(i.SHT20_readTemOrHum) for SHT20_readTemOrHum
    sht20.o(i.SHT20_readTemAndHum) refers to sht20.o(.data) for temp_humi_Value
    sht20.o(i.SHT20_readTemOrHum) refers to sht20.o(i.SHT20_setResolution) for SHT20_setResolution
    sht20.o(i.SHT20_readTemOrHum) refers to iic.o(i.IIC_Start) for IIC_Start
    sht20.o(i.SHT20_readTemOrHum) refers to iic.o(i.MCU_IIC_Senddata) for MCU_IIC_Senddata
    sht20.o(i.SHT20_readTemOrHum) refers to iic.o(i.MCU_IIC_Receiveack) for MCU_IIC_Receiveack
    sht20.o(i.SHT20_readTemOrHum) refers to systick.o(i.delay_us) for delay_us
    sht20.o(i.SHT20_readTemOrHum) refers to iic.o(i.MCU_IIC_Receivedata) for MCU_IIC_Receivedata
    sht20.o(i.SHT20_readTemOrHum) refers to iic.o(i.MCU_IIC_Sendack) for MCU_IIC_Sendack
    sht20.o(i.SHT20_readTemOrHum) refers to iic.o(i.IIC_Stop) for IIC_Stop
    sht20.o(i.SHT20_readTemOrHum) refers to fflti.o(.text) for __aeabi_i2f
    sht20.o(i.SHT20_readTemOrHum) refers to fmul.o(.text) for __aeabi_fmul
    sht20.o(i.SHT20_readTemOrHum) refers to fdiv.o(.text) for __aeabi_fdiv
    sht20.o(i.SHT20_readTemOrHum) refers to fadd.o(.text) for __aeabi_fsub
    sht20.o(i.SHT20_readTemOrHum) refers to f2d.o(.text) for __aeabi_f2d
    sht20.o(i.SHT20_readTemOrHum) refers to dmul.o(.text) for __aeabi_dmul
    sht20.o(i.SHT20_readTemOrHum) refers to ddiv.o(.text) for __aeabi_ddiv
    sht20.o(i.SHT20_readTemOrHum) refers to dadd.o(.text) for __aeabi_dsub
    sht20.o(i.SHT20_readTemOrHum) refers to d2f.o(.text) for __aeabi_d2f
    sht20.o(i.SHT20_setResolution) refers to iic.o(i.IIC_Start) for IIC_Start
    sht20.o(i.SHT20_setResolution) refers to iic.o(i.MCU_IIC_Senddata) for MCU_IIC_Senddata
    sht20.o(i.SHT20_setResolution) refers to iic.o(i.MCU_IIC_Receiveack) for MCU_IIC_Receiveack
    sht20.o(i.SHT20_setResolution) refers to iic.o(i.IIC_Stop) for IIC_Stop
    sht20.o(i.SHT20_softReset) refers to iic.o(i.IIC_Start) for IIC_Start
    sht20.o(i.SHT20_softReset) refers to iic.o(i.MCU_IIC_Senddata) for MCU_IIC_Senddata
    sht20.o(i.SHT20_softReset) refers to iic.o(i.MCU_IIC_Receiveack) for MCU_IIC_Receiveack
    sht20.o(i.SHT20_softReset) refers to iic.o(i.IIC_Stop) for IIC_Stop
    hp_6.o(i.Crc16) refers to hp_6.o(.constdata) for crc16_tab
    hp_6.o(i.HP_6_VersionInfo) refers to hp_6.o(i.HP_SendCmd) for HP_SendCmd
    hp_6.o(i.HP_6_VersionInfo) refers to hp_6.o(.constdata) for cmd_get_version
    hp_6.o(i.HP_6_VersionInfo) refers to hp_6.o(.bss) for tx_buf
    hp_6.o(i.HP_CloseBp) refers to hp_6.o(i.HP_SendCmd) for HP_SendCmd
    hp_6.o(i.HP_CloseBp) refers to hp_6.o(.constdata) for cmd_bp_close
    hp_6.o(i.HP_CloseBp) refers to hp_6.o(.bss) for tx_buf
    hp_6.o(i.HP_CloseRate) refers to hp_6.o(i.HP_SendCmd) for HP_SendCmd
    hp_6.o(i.HP_CloseRate) refers to hp_6.o(.constdata) for cmd_rate_close
    hp_6.o(i.HP_CloseRate) refers to hp_6.o(.bss) for tx_buf
    hp_6.o(i.HP_Delay_ms) refers to systick.o(i.delay_ms) for delay_ms
    hp_6.o(i.HP_GetADC) refers to hp_6.o(i.Crc16) for Crc16
    hp_6.o(i.HP_GetADC) refers to hp_6.o(i.HP_SendCmd) for HP_SendCmd
    hp_6.o(i.HP_GetADC) refers to hp_6.o(.constdata) for cmd_get_adc
    hp_6.o(i.HP_GetADC) refers to hp_6.o(.bss) for tx_buf
    hp_6.o(i.HP_GetBpResult) refers to hp_6.o(i.HP_SendCmd) for HP_SendCmd
    hp_6.o(i.HP_GetBpResult) refers to hp_6.o(.constdata) for cmd_bp_result
    hp_6.o(i.HP_GetBpResult) refers to hp_6.o(.bss) for tx_buf
    hp_6.o(i.HP_GetRateResult) refers to hp_6.o(i.HP_SendCmd) for HP_SendCmd
    hp_6.o(i.HP_GetRateResult) refers to hp_6.o(.constdata) for cmd_rate_result
    hp_6.o(i.HP_GetRateResult) refers to hp_6.o(.bss) for tx_buf
    hp_6.o(i.HP_GetResultData) refers to hp_6.o(.bss) for rx_buf
    hp_6.o(i.HP_OpenBp) refers to hp_6.o(i.HP_SendCmd) for HP_SendCmd
    hp_6.o(i.HP_OpenBp) refers to hp_6.o(.constdata) for cmd_bp_open
    hp_6.o(i.HP_OpenBp) refers to hp_6.o(.bss) for tx_buf
    hp_6.o(i.HP_OpenRate) refers to hp_6.o(i.HP_SendCmd) for HP_SendCmd
    hp_6.o(i.HP_OpenRate) refers to hp_6.o(.constdata) for cmd_rate_open
    hp_6.o(i.HP_OpenRate) refers to hp_6.o(.bss) for tx_buf
    hp_6.o(i.HP_PowerSaving) refers to hp_6.o(i.HP_SendCmd) for HP_SendCmd
    hp_6.o(i.HP_PowerSaving) refers to hp_6.o(.constdata) for cmd_set_powersaving
    hp_6.o(i.HP_PowerSaving) refers to hp_6.o(.bss) for tx_buf
    hp_6.o(i.HP_SendCmd) refers to hp_6.o(i.Crc16) for Crc16
    hp_6.o(i.HP_SendCmd) refers to hp_6.o(i.Hp_Write) for Hp_Write
    hp_6.o(i.HP_SendCmd) refers to systick.o(i.delay_ms) for delay_ms
    hp_6.o(i.HP_SendCmd) refers to hp_6.o(i.Hp_Read) for Hp_Read
    hp_6.o(i.Hp_Read) refers to iic.o(i.IIC_Start) for IIC_Start
    hp_6.o(i.Hp_Read) refers to iic.o(i.MCU_IIC_Senddata) for MCU_IIC_Senddata
    hp_6.o(i.Hp_Read) refers to iic.o(i.MCU_IIC_Receiveack) for MCU_IIC_Receiveack
    hp_6.o(i.Hp_Read) refers to iic.o(i.MCU_IIC_Receivedata) for MCU_IIC_Receivedata
    hp_6.o(i.Hp_Read) refers to iic.o(i.MCU_IIC_Sendack) for MCU_IIC_Sendack
    hp_6.o(i.Hp_Read) refers to iic.o(i.IIC_Stop) for IIC_Stop
    hp_6.o(i.Hp_Write) refers to iic.o(i.IIC_Start) for IIC_Start
    hp_6.o(i.Hp_Write) refers to iic.o(i.MCU_IIC_Senddata) for MCU_IIC_Senddata
    hp_6.o(i.Hp_Write) refers to iic.o(i.MCU_IIC_Receiveack) for MCU_IIC_Receiveack
    hp_6.o(i.Hp_Write) refers to iic.o(i.IIC_Stop) for IIC_Stop
    entry.o(.ARM.Collect$$$$00000000) refers (Special) to entry10a.o(.ARM.Collect$$$$0000000D) for __rt_final_cpp
    entry.o(.ARM.Collect$$$$00000000) refers (Special) to entry11a.o(.ARM.Collect$$$$0000000F) for __rt_final_exit
    entry.o(.ARM.Collect$$$$00000000) refers (Special) to entry7b.o(.ARM.Collect$$$$00000008) for _main_clock
    entry.o(.ARM.Collect$$$$00000000) refers (Special) to entry8b.o(.ARM.Collect$$$$0000000A) for _main_cpp_init
    entry.o(.ARM.Collect$$$$00000000) refers (Special) to entry9a.o(.ARM.Collect$$$$0000000B) for _main_init
    entry.o(.ARM.Collect$$$$00000000) refers (Special) to entry5.o(.ARM.Collect$$$$00000004) for _main_scatterload
    entry.o(.ARM.Collect$$$$00000000) refers (Special) to entry2.o(.ARM.Collect$$$$00000001) for _main_stk
    printfb.o(i.__0fprintf$bare) refers to printfb.o(i._printf_core) for _printf_core
    printfb.o(i.__0fprintf$bare) refers to fputc.o(i.fputc) for fputc
    printfb.o(i.__0printf$bare) refers to printfb.o(i._printf_core) for _printf_core
    printfb.o(i.__0printf$bare) refers to fputc.o(i.fputc) for fputc
    printfb.o(i.__0printf$bare) refers to stdout.o(.data) for __stdout
    printfb.o(i.__0snprintf$bare) refers to printfb.o(i._printf_core) for _printf_core
    printfb.o(i.__0snprintf$bare) refers to printfb.o(i._snputc) for _snputc
    printfb.o(i.__0sprintf$bare) refers to printfb.o(i._printf_core) for _printf_core
    printfb.o(i.__0sprintf$bare) refers to printfb.o(i._sputc) for _sputc
    printfb.o(i.__0vfprintf$bare) refers to printfb.o(i._printf_core) for _printf_core
    printfb.o(i.__0vfprintf$bare) refers to fputc.o(i.fputc) for fputc
    printfb.o(i.__0vprintf$bare) refers to printfb.o(i._printf_core) for _printf_core
    printfb.o(i.__0vprintf$bare) refers to fputc.o(i.fputc) for fputc
    printfb.o(i.__0vprintf$bare) refers to stdout.o(.data) for __stdout
    printfb.o(i.__0vsnprintf$bare) refers to printfb.o(i._printf_core) for _printf_core
    printfb.o(i.__0vsnprintf$bare) refers to printfb.o(i._snputc) for _snputc
    printfb.o(i.__0vsprintf$bare) refers to printfb.o(i._printf_core) for _printf_core
    printfb.o(i.__0vsprintf$bare) refers to printfb.o(i._sputc) for _sputc
    printf0.o(i.__0fprintf$0) refers to printf0.o(i._printf_core) for _printf_core
    printf0.o(i.__0fprintf$0) refers to fputc.o(i.fputc) for fputc
    printf0.o(i.__0printf$0) refers to printf0.o(i._printf_core) for _printf_core
    printf0.o(i.__0printf$0) refers to fputc.o(i.fputc) for fputc
    printf0.o(i.__0printf$0) refers to stdout.o(.data) for __stdout
    printf0.o(i.__0snprintf$0) refers to printf0.o(i._printf_core) for _printf_core
    printf0.o(i.__0snprintf$0) refers to printf0.o(i._snputc) for _snputc
    printf0.o(i.__0sprintf$0) refers to printf0.o(i._printf_core) for _printf_core
    printf0.o(i.__0sprintf$0) refers to printf0.o(i._sputc) for _sputc
    printf0.o(i.__0vfprintf$0) refers to printf0.o(i._printf_core) for _printf_core
    printf0.o(i.__0vfprintf$0) refers to fputc.o(i.fputc) for fputc
    printf0.o(i.__0vprintf$0) refers to printf0.o(i._printf_core) for _printf_core
    printf0.o(i.__0vprintf$0) refers to fputc.o(i.fputc) for fputc
    printf0.o(i.__0vprintf$0) refers to stdout.o(.data) for __stdout
    printf0.o(i.__0vsnprintf$0) refers to printf0.o(i._printf_core) for _printf_core
    printf0.o(i.__0vsnprintf$0) refers to printf0.o(i._snputc) for _snputc
    printf0.o(i.__0vsprintf$0) refers to printf0.o(i._printf_core) for _printf_core
    printf0.o(i.__0vsprintf$0) refers to printf0.o(i._sputc) for _sputc
    printf1.o(i.__0fprintf$1) refers to printf1.o(i._printf_core) for _printf_core
    printf1.o(i.__0fprintf$1) refers to fputc.o(i.fputc) for fputc
    printf1.o(i.__0printf$1) refers to printf1.o(i._printf_core) for _printf_core
    printf1.o(i.__0printf$1) refers to fputc.o(i.fputc) for fputc
    printf1.o(i.__0printf$1) refers to stdout.o(.data) for __stdout
    printf1.o(i.__0snprintf$1) refers to printf1.o(i._printf_core) for _printf_core
    printf1.o(i.__0snprintf$1) refers to printf1.o(i._snputc) for _snputc
    printf1.o(i.__0sprintf$1) refers to printf1.o(i._printf_core) for _printf_core
    printf1.o(i.__0sprintf$1) refers to printf1.o(i._sputc) for _sputc
    printf1.o(i.__0vfprintf$1) refers to printf1.o(i._printf_core) for _printf_core
    printf1.o(i.__0vfprintf$1) refers to fputc.o(i.fputc) for fputc
    printf1.o(i.__0vprintf$1) refers to printf1.o(i._printf_core) for _printf_core
    printf1.o(i.__0vprintf$1) refers to fputc.o(i.fputc) for fputc
    printf1.o(i.__0vprintf$1) refers to stdout.o(.data) for __stdout
    printf1.o(i.__0vsnprintf$1) refers to printf1.o(i._printf_core) for _printf_core
    printf1.o(i.__0vsnprintf$1) refers to printf1.o(i._snputc) for _snputc
    printf1.o(i.__0vsprintf$1) refers to printf1.o(i._printf_core) for _printf_core
    printf1.o(i.__0vsprintf$1) refers to printf1.o(i._sputc) for _sputc
    printf1.o(i._printf_core) refers to uidiv.o(.text) for __aeabi_uidivmod
    printf2.o(i.__0fprintf$2) refers to printf2.o(i._printf_core) for _printf_core
    printf2.o(i.__0fprintf$2) refers to fputc.o(i.fputc) for fputc
    printf2.o(i.__0printf$2) refers to printf2.o(i._printf_core) for _printf_core
    printf2.o(i.__0printf$2) refers to fputc.o(i.fputc) for fputc
    printf2.o(i.__0printf$2) refers to stdout.o(.data) for __stdout
    printf2.o(i.__0snprintf$2) refers to printf2.o(i._printf_core) for _printf_core
    printf2.o(i.__0snprintf$2) refers to printf2.o(i._snputc) for _snputc
    printf2.o(i.__0sprintf$2) refers to printf2.o(i._printf_core) for _printf_core
    printf2.o(i.__0sprintf$2) refers to printf2.o(i._sputc) for _sputc
    printf2.o(i.__0vfprintf$2) refers to printf2.o(i._printf_core) for _printf_core
    printf2.o(i.__0vfprintf$2) refers to fputc.o(i.fputc) for fputc
    printf2.o(i.__0vprintf$2) refers to printf2.o(i._printf_core) for _printf_core
    printf2.o(i.__0vprintf$2) refers to fputc.o(i.fputc) for fputc
    printf2.o(i.__0vprintf$2) refers to stdout.o(.data) for __stdout
    printf2.o(i.__0vsnprintf$2) refers to printf2.o(i._printf_core) for _printf_core
    printf2.o(i.__0vsnprintf$2) refers to printf2.o(i._snputc) for _snputc
    printf2.o(i.__0vsprintf$2) refers to printf2.o(i._printf_core) for _printf_core
    printf2.o(i.__0vsprintf$2) refers to printf2.o(i._sputc) for _sputc
    printf3.o(i.__0fprintf$3) refers to printf3.o(i._printf_core) for _printf_core
    printf3.o(i.__0fprintf$3) refers to fputc.o(i.fputc) for fputc
    printf3.o(i.__0printf$3) refers to printf3.o(i._printf_core) for _printf_core
    printf3.o(i.__0printf$3) refers to fputc.o(i.fputc) for fputc
    printf3.o(i.__0printf$3) refers to stdout.o(.data) for __stdout
    printf3.o(i.__0snprintf$3) refers to printf3.o(i._printf_core) for _printf_core
    printf3.o(i.__0snprintf$3) refers to printf3.o(i._snputc) for _snputc
    printf3.o(i.__0sprintf$3) refers to printf3.o(i._printf_core) for _printf_core
    printf3.o(i.__0sprintf$3) refers to printf3.o(i._sputc) for _sputc
    printf3.o(i.__0vfprintf$3) refers to printf3.o(i._printf_core) for _printf_core
    printf3.o(i.__0vfprintf$3) refers to fputc.o(i.fputc) for fputc
    printf3.o(i.__0vprintf$3) refers to printf3.o(i._printf_core) for _printf_core
    printf3.o(i.__0vprintf$3) refers to fputc.o(i.fputc) for fputc
    printf3.o(i.__0vprintf$3) refers to stdout.o(.data) for __stdout
    printf3.o(i.__0vsnprintf$3) refers to printf3.o(i._printf_core) for _printf_core
    printf3.o(i.__0vsnprintf$3) refers to printf3.o(i._snputc) for _snputc
    printf3.o(i.__0vsprintf$3) refers to printf3.o(i._printf_core) for _printf_core
    printf3.o(i.__0vsprintf$3) refers to printf3.o(i._sputc) for _sputc
    printf3.o(i._printf_core) refers to uidiv.o(.text) for __aeabi_uidivmod
    printf4.o(i.__0fprintf$4) refers to printf4.o(i._printf_core) for _printf_core
    printf4.o(i.__0fprintf$4) refers to fputc.o(i.fputc) for fputc
    printf4.o(i.__0printf$4) refers to printf4.o(i._printf_core) for _printf_core
    printf4.o(i.__0printf$4) refers to fputc.o(i.fputc) for fputc
    printf4.o(i.__0printf$4) refers to stdout.o(.data) for __stdout
    printf4.o(i.__0snprintf$4) refers to printf4.o(i._printf_core) for _printf_core
    printf4.o(i.__0snprintf$4) refers to printf4.o(i._snputc) for _snputc
    printf4.o(i.__0sprintf$4) refers to printf4.o(i._printf_core) for _printf_core
    printf4.o(i.__0sprintf$4) refers to printf4.o(i._sputc) for _sputc
    printf4.o(i.__0vfprintf$4) refers to printf4.o(i._printf_core) for _printf_core
    printf4.o(i.__0vfprintf$4) refers to fputc.o(i.fputc) for fputc
    printf4.o(i.__0vprintf$4) refers to printf4.o(i._printf_core) for _printf_core
    printf4.o(i.__0vprintf$4) refers to fputc.o(i.fputc) for fputc
    printf4.o(i.__0vprintf$4) refers to stdout.o(.data) for __stdout
    printf4.o(i.__0vsnprintf$4) refers to printf4.o(i._printf_core) for _printf_core
    printf4.o(i.__0vsnprintf$4) refers to printf4.o(i._snputc) for _snputc
    printf4.o(i.__0vsprintf$4) refers to printf4.o(i._printf_core) for _printf_core
    printf4.o(i.__0vsprintf$4) refers to printf4.o(i._sputc) for _sputc
    printf4.o(i._printf_core) refers to uldiv.o(.text) for __aeabi_uldivmod
    printf5.o(i.__0fprintf$5) refers to printf5.o(i._printf_core) for _printf_core
    printf5.o(i.__0fprintf$5) refers to fputc.o(i.fputc) for fputc
    printf5.o(i.__0printf$5) refers to printf5.o(i._printf_core) for _printf_core
    printf5.o(i.__0printf$5) refers to fputc.o(i.fputc) for fputc
    printf5.o(i.__0printf$5) refers to stdout.o(.data) for __stdout
    printf5.o(i.__0snprintf$5) refers to printf5.o(i._printf_core) for _printf_core
    printf5.o(i.__0snprintf$5) refers to printf5.o(i._snputc) for _snputc
    printf5.o(i.__0sprintf$5) refers to printf5.o(i._printf_core) for _printf_core
    printf5.o(i.__0sprintf$5) refers to printf5.o(i._sputc) for _sputc
    printf5.o(i.__0vfprintf$5) refers to printf5.o(i._printf_core) for _printf_core
    printf5.o(i.__0vfprintf$5) refers to fputc.o(i.fputc) for fputc
    printf5.o(i.__0vprintf$5) refers to printf5.o(i._printf_core) for _printf_core
    printf5.o(i.__0vprintf$5) refers to fputc.o(i.fputc) for fputc
    printf5.o(i.__0vprintf$5) refers to stdout.o(.data) for __stdout
    printf5.o(i.__0vsnprintf$5) refers to printf5.o(i._printf_core) for _printf_core
    printf5.o(i.__0vsnprintf$5) refers to printf5.o(i._snputc) for _snputc
    printf5.o(i.__0vsprintf$5) refers to printf5.o(i._printf_core) for _printf_core
    printf5.o(i.__0vsprintf$5) refers to printf5.o(i._sputc) for _sputc
    printf5.o(i._printf_core) refers to uldiv.o(.text) for __aeabi_uldivmod
    printf6.o(i.__0fprintf$6) refers to printf6.o(i._printf_core) for _printf_core
    printf6.o(i.__0fprintf$6) refers to fputc.o(i.fputc) for fputc
    printf6.o(i.__0printf$6) refers to printf6.o(i._printf_core) for _printf_core
    printf6.o(i.__0printf$6) refers to fputc.o(i.fputc) for fputc
    printf6.o(i.__0printf$6) refers to stdout.o(.data) for __stdout
    printf6.o(i.__0snprintf$6) refers to printf6.o(i._printf_core) for _printf_core
    printf6.o(i.__0snprintf$6) refers to printf6.o(i._snputc) for _snputc
    printf6.o(i.__0sprintf$6) refers to printf6.o(i._printf_core) for _printf_core
    printf6.o(i.__0sprintf$6) refers to printf6.o(i._sputc) for _sputc
    printf6.o(i.__0vfprintf$6) refers to printf6.o(i._printf_core) for _printf_core
    printf6.o(i.__0vfprintf$6) refers to fputc.o(i.fputc) for fputc
    printf6.o(i.__0vprintf$6) refers to printf6.o(i._printf_core) for _printf_core
    printf6.o(i.__0vprintf$6) refers to fputc.o(i.fputc) for fputc
    printf6.o(i.__0vprintf$6) refers to stdout.o(.data) for __stdout
    printf6.o(i.__0vsnprintf$6) refers to printf6.o(i._printf_core) for _printf_core
    printf6.o(i.__0vsnprintf$6) refers to printf6.o(i._snputc) for _snputc
    printf6.o(i.__0vsprintf$6) refers to printf6.o(i._printf_core) for _printf_core
    printf6.o(i.__0vsprintf$6) refers to printf6.o(i._sputc) for _sputc
    printf6.o(i._printf_core) refers to printf6.o(i._printf_pre_padding) for _printf_pre_padding
    printf6.o(i._printf_core) refers to uidiv.o(.text) for __aeabi_uidivmod
    printf6.o(i._printf_core) refers to printf6.o(i._printf_post_padding) for _printf_post_padding
    printf7.o(i.__0fprintf$7) refers to printf7.o(i._printf_core) for _printf_core
    printf7.o(i.__0fprintf$7) refers to fputc.o(i.fputc) for fputc
    printf7.o(i.__0printf$7) refers to printf7.o(i._printf_core) for _printf_core
    printf7.o(i.__0printf$7) refers to fputc.o(i.fputc) for fputc
    printf7.o(i.__0printf$7) refers to stdout.o(.data) for __stdout
    printf7.o(i.__0snprintf$7) refers to printf7.o(i._printf_core) for _printf_core
    printf7.o(i.__0snprintf$7) refers to printf7.o(i._snputc) for _snputc
    printf7.o(i.__0sprintf$7) refers to printf7.o(i._printf_core) for _printf_core
    printf7.o(i.__0sprintf$7) refers to printf7.o(i._sputc) for _sputc
    printf7.o(i.__0vfprintf$7) refers to printf7.o(i._printf_core) for _printf_core
    printf7.o(i.__0vfprintf$7) refers to fputc.o(i.fputc) for fputc
    printf7.o(i.__0vprintf$7) refers to printf7.o(i._printf_core) for _printf_core
    printf7.o(i.__0vprintf$7) refers to fputc.o(i.fputc) for fputc
    printf7.o(i.__0vprintf$7) refers to stdout.o(.data) for __stdout
    printf7.o(i.__0vsnprintf$7) refers to printf7.o(i._printf_core) for _printf_core
    printf7.o(i.__0vsnprintf$7) refers to printf7.o(i._snputc) for _snputc
    printf7.o(i.__0vsprintf$7) refers to printf7.o(i._printf_core) for _printf_core
    printf7.o(i.__0vsprintf$7) refers to printf7.o(i._sputc) for _sputc
    printf7.o(i._printf_core) refers to printf7.o(i._printf_pre_padding) for _printf_pre_padding
    printf7.o(i._printf_core) refers to uldiv.o(.text) for __aeabi_uldivmod
    printf7.o(i._printf_core) refers to printf7.o(i._printf_post_padding) for _printf_post_padding
    printf8.o(i.__0fprintf$8) refers to printf8.o(i._printf_core) for _printf_core
    printf8.o(i.__0fprintf$8) refers to fputc.o(i.fputc) for fputc
    printf8.o(i.__0printf$8) refers to printf8.o(i._printf_core) for _printf_core
    printf8.o(i.__0printf$8) refers to fputc.o(i.fputc) for fputc
    printf8.o(i.__0printf$8) refers to stdout.o(.data) for __stdout
    printf8.o(i.__0snprintf$8) refers to printf8.o(i._printf_core) for _printf_core
    printf8.o(i.__0snprintf$8) refers to printf8.o(i._snputc) for _snputc
    printf8.o(i.__0sprintf$8) refers to printf8.o(i._printf_core) for _printf_core
    printf8.o(i.__0sprintf$8) refers to printf8.o(i._sputc) for _sputc
    printf8.o(i.__0vfprintf$8) refers to printf8.o(i._printf_core) for _printf_core
    printf8.o(i.__0vfprintf$8) refers to fputc.o(i.fputc) for fputc
    printf8.o(i.__0vprintf$8) refers to printf8.o(i._printf_core) for _printf_core
    printf8.o(i.__0vprintf$8) refers to fputc.o(i.fputc) for fputc
    printf8.o(i.__0vprintf$8) refers to stdout.o(.data) for __stdout
    printf8.o(i.__0vsnprintf$8) refers to printf8.o(i._printf_core) for _printf_core
    printf8.o(i.__0vsnprintf$8) refers to printf8.o(i._snputc) for _snputc
    printf8.o(i.__0vsprintf$8) refers to printf8.o(i._printf_core) for _printf_core
    printf8.o(i.__0vsprintf$8) refers to printf8.o(i._sputc) for _sputc
    printf8.o(i._printf_core) refers to printf8.o(i._printf_pre_padding) for _printf_pre_padding
    printf8.o(i._printf_core) refers to uldiv.o(.text) for __aeabi_uldivmod
    printf8.o(i._printf_core) refers to printf8.o(i._printf_post_padding) for _printf_post_padding
    printfa.o(i.__0fprintf) refers (Special) to iusefp.o(.text) for __I$use$fp
    printfa.o(i.__0fprintf) refers to printfa.o(i._printf_core) for _printf_core
    printfa.o(i.__0fprintf) refers to fputc.o(i.fputc) for fputc
    printfa.o(i.__0printf) refers (Special) to iusefp.o(.text) for __I$use$fp
    printfa.o(i.__0printf) refers to printfa.o(i._printf_core) for _printf_core
    printfa.o(i.__0printf) refers to fputc.o(i.fputc) for fputc
    printfa.o(i.__0printf) refers to stdout.o(.data) for __stdout
    printfa.o(i.__0snprintf) refers (Special) to iusefp.o(.text) for __I$use$fp
    printfa.o(i.__0snprintf) refers to printfa.o(i._printf_core) for _printf_core
    printfa.o(i.__0snprintf) refers to printfa.o(i._snputc) for _snputc
    printfa.o(i.__0sprintf) refers (Special) to iusefp.o(.text) for __I$use$fp
    printfa.o(i.__0sprintf) refers to printfa.o(i._printf_core) for _printf_core
    printfa.o(i.__0sprintf) refers to printfa.o(i._sputc) for _sputc
    printfa.o(i.__0vfprintf) refers (Special) to iusefp.o(.text) for __I$use$fp
    printfa.o(i.__0vfprintf) refers to printfa.o(i._printf_core) for _printf_core
    printfa.o(i.__0vfprintf) refers to fputc.o(i.fputc) for fputc
    printfa.o(i.__0vprintf) refers (Special) to iusefp.o(.text) for __I$use$fp
    printfa.o(i.__0vprintf) refers to printfa.o(i._printf_core) for _printf_core
    printfa.o(i.__0vprintf) refers to fputc.o(i.fputc) for fputc
    printfa.o(i.__0vprintf) refers to stdout.o(.data) for __stdout
    printfa.o(i.__0vsnprintf) refers (Special) to iusefp.o(.text) for __I$use$fp
    printfa.o(i.__0vsnprintf) refers to printfa.o(i._printf_core) for _printf_core
    printfa.o(i.__0vsnprintf) refers to printfa.o(i._snputc) for _snputc
    printfa.o(i.__0vsprintf) refers (Special) to iusefp.o(.text) for __I$use$fp
    printfa.o(i.__0vsprintf) refers to printfa.o(i._printf_core) for _printf_core
    printfa.o(i.__0vsprintf) refers to printfa.o(i._sputc) for _sputc
    printfa.o(i._fp_digits) refers (Special) to iusefp.o(.text) for __I$use$fp
    printfa.o(i._fp_digits) refers to dmul.o(.text) for __aeabi_dmul
    printfa.o(i._fp_digits) refers to ddiv.o(.text) for __aeabi_ddiv
    printfa.o(i._fp_digits) refers to cdrcmple.o(.text) for __aeabi_cdrcmple
    printfa.o(i._fp_digits) refers to dadd.o(.text) for __aeabi_dadd
    printfa.o(i._fp_digits) refers to dfixul.o(.text) for __aeabi_d2ulz
    printfa.o(i._fp_digits) refers to uldiv.o(.text) for __aeabi_uldivmod
    printfa.o(i._printf_core) refers (Special) to iusefp.o(.text) for __I$use$fp
    printfa.o(i._printf_core) refers to printfa.o(i._printf_pre_padding) for _printf_pre_padding
    printfa.o(i._printf_core) refers to uldiv.o(.text) for __aeabi_uldivmod
    printfa.o(i._printf_core) refers to printfa.o(i._printf_post_padding) for _printf_post_padding
    printfa.o(i._printf_core) refers to printfa.o(i._fp_digits) for _fp_digits
    printfa.o(i._printf_core) refers to uidiv.o(.text) for __aeabi_uidivmod
    printfa.o(i._printf_post_padding) refers (Special) to iusefp.o(.text) for __I$use$fp
    printfa.o(i._printf_pre_padding) refers (Special) to iusefp.o(.text) for __I$use$fp
    printfa.o(i._snputc) refers (Special) to iusefp.o(.text) for __I$use$fp
    printfa.o(i._sputc) refers (Special) to iusefp.o(.text) for __I$use$fp
    fadd.o(.text) refers (Special) to iusefp.o(.text) for __I$use$fp
    fadd.o(.text) refers to fepilogue.o(.text) for _float_epilogue
    fmul.o(.text) refers (Special) to iusefp.o(.text) for __I$use$fp
    fdiv.o(.text) refers (Special) to iusefp.o(.text) for __I$use$fp
    fdiv.o(.text) refers to fepilogue.o(.text) for _float_round
    dadd.o(.text) refers (Special) to iusefp.o(.text) for __I$use$fp
    dadd.o(.text) refers to llshl.o(.text) for __aeabi_llsl
    dadd.o(.text) refers to llsshr.o(.text) for __aeabi_lasr
    dadd.o(.text) refers to depilogue.o(.text) for _double_epilogue
    dmul.o(.text) refers (Special) to iusefp.o(.text) for __I$use$fp
    dmul.o(.text) refers to depilogue.o(.text) for _double_epilogue
    ddiv.o(.text) refers (Special) to iusefp.o(.text) for __I$use$fp
    ddiv.o(.text) refers to depilogue.o(.text) for _double_round
    fflti.o(.text) refers (Special) to iusefp.o(.text) for __I$use$fp
    fflti.o(.text) refers to fepilogue.o(.text) for _float_epilogue
    f2d.o(.text) refers (Special) to iusefp.o(.text) for __I$use$fp
    d2f.o(.text) refers (Special) to iusefp.o(.text) for __I$use$fp
    d2f.o(.text) refers to fepilogue.o(.text) for _float_round
    entry2.o(.ARM.Collect$$$$00000001) refers to entry2.o(.ARM.Collect$$$$00002712) for __lit__00000000
    entry2.o(.ARM.Collect$$$$00002712) refers to startup_stm32f40_41xxx.o(STACK) for __initial_sp
    entry2.o(__vectab_stack_and_reset_area) refers to startup_stm32f40_41xxx.o(STACK) for __initial_sp
    entry2.o(__vectab_stack_and_reset_area) refers to entry.o(.ARM.Collect$$$$00000000) for __main
    entry5.o(.ARM.Collect$$$$00000004) refers to init.o(.text) for __scatterload
    entry9a.o(.ARM.Collect$$$$0000000B) refers to main.o(i.main) for main
    entry9b.o(.ARM.Collect$$$$0000000C) refers to main.o(i.main) for main
    fputc.o(i.fputc) refers (Special) to iusesemip.o(.text) for __I$use$semihosting$fputc
    fputc.o(i.fputc) refers (Special) to semi.o(.text) for __semihosting_library_function
    uldiv.o(.text) refers to llushr.o(.text) for __aeabi_llsr
    uldiv.o(.text) refers to llshl.o(.text) for __aeabi_llsl
    depilogue.o(.text) refers to llshl.o(.text) for __aeabi_llsl
    depilogue.o(.text) refers to llushr.o(.text) for __aeabi_llsr
    dfixul.o(.text) refers to llushr.o(.text) for __aeabi_llsr
    dfixul.o(.text) refers to llshl.o(.text) for __aeabi_llsl
    init.o(.text) refers to entry5.o(.ARM.Collect$$$$00000004) for __main_after_scatterload


==============================================================================

Removing Unused input sections from the image.

    Removing system_stm32f4xx.o(.rev16_text), (4 bytes).
    Removing system_stm32f4xx.o(.revsh_text), (4 bytes).
    Removing system_stm32f4xx.o(i.SystemCoreClockUpdate), (168 bytes).
    Removing system_stm32f4xx.o(.data), (20 bytes).
    Removing startup_stm32f40_41xxx.o(HEAP), (512 bytes).
    Removing main.o(.rev16_text), (4 bytes).
    Removing main.o(.revsh_text), (4 bytes).
    Removing led.o(.rev16_text), (4 bytes).
    Removing led.o(.revsh_text), (4 bytes).
    Removing systick.o(.rev16_text), (4 bytes).
    Removing systick.o(.revsh_text), (4 bytes).
    Removing exti.o(.rev16_text), (4 bytes).
    Removing exti.o(.revsh_text), (4 bytes).
    Removing exti.o(i.My_NVIC_Init), (104 bytes).
    Removing motor.o(.rev16_text), (4 bytes).
    Removing motor.o(.revsh_text), (4 bytes).
    Removing motor.o(i.Motor_Init), (100 bytes).
    Removing key.o(.rev16_text), (4 bytes).
    Removing key.o(.revsh_text), (4 bytes).
    Removing key.o(i.Key_Init), (56 bytes).
    Removing tim3_ch2_pwm.o(.rev16_text), (4 bytes).
    Removing tim3_ch2_pwm.o(.revsh_text), (4 bytes).
    Removing tim3_ch2_pwm.o(i.TIM3_CH2_PWM_Init), (232 bytes).
    Removing tim2_ch3_pwm .o(.rev16_text), (4 bytes).
    Removing tim2_ch3_pwm .o(.revsh_text), (4 bytes).
    Removing tim2_ch3_pwm .o(i.TIM2_CH3_PWM_Init), (200 bytes).
    Removing spi.o(.rev16_text), (4 bytes).
    Removing spi.o(.revsh_text), (4 bytes).
    Removing oled.o(.rev16_text), (4 bytes).
    Removing oled.o(.revsh_text), (4 bytes).
    Removing oled.o(i.OLED_eraseBMP), (64 bytes).
    Removing oled.o(i.OLED_showCHinese), (92 bytes).
    Removing oled.o(i.OLED_showHzString), (152 bytes).
    Removing oled.o(.data), (1109 bytes).
    Removing iic.o(.rev16_text), (4 bytes).
    Removing iic.o(.revsh_text), (4 bytes).
    Removing sht20.o(.rev16_text), (4 bytes).
    Removing sht20.o(.revsh_text), (4 bytes).
    Removing hp_6.o(.rev16_text), (4 bytes).
    Removing hp_6.o(.revsh_text), (4 bytes).
    Removing hp_6.o(i.HP_6_VersionInfo), (44 bytes).
    Removing hp_6.o(i.HP_CloseBp), (44 bytes).
    Removing hp_6.o(i.HP_CloseRate), (44 bytes).
    Removing hp_6.o(i.HP_Delay_ms), (14 bytes).
    Removing hp_6.o(i.HP_GetADC), (68 bytes).
    Removing hp_6.o(i.HP_GetRateResult), (44 bytes).
    Removing hp_6.o(i.HP_PowerSaving), (44 bytes).

47 unused section(s) (total 3223 bytes) removed from the image.

==============================================================================

Image Symbol Table

    Local Symbols

    Symbol Name                              Value     Ov Type        Size  Object(Section)

    ../clib/microlib/division.c              0x00000000   Number         0  uldiv.o ABSOLUTE
    ../clib/microlib/division.c              0x00000000   Number         0  uidiv.o ABSOLUTE
    ../clib/microlib/init/entry.s            0x00000000   Number         0  entry11b.o ABSOLUTE
    ../clib/microlib/init/entry.s            0x00000000   Number         0  entry11a.o ABSOLUTE
    ../clib/microlib/init/entry.s            0x00000000   Number         0  entry10b.o ABSOLUTE
    ../clib/microlib/init/entry.s            0x00000000   Number         0  entry.o ABSOLUTE
    ../clib/microlib/init/entry.s            0x00000000   Number         0  entry10a.o ABSOLUTE
    ../clib/microlib/init/entry.s            0x00000000   Number         0  entry9b.o ABSOLUTE
    ../clib/microlib/init/entry.s            0x00000000   Number         0  entry9a.o ABSOLUTE
    ../clib/microlib/init/entry.s            0x00000000   Number         0  entry8b.o ABSOLUTE
    ../clib/microlib/init/entry.s            0x00000000   Number         0  entry8a.o ABSOLUTE
    ../clib/microlib/init/entry.s            0x00000000   Number         0  entry7b.o ABSOLUTE
    ../clib/microlib/init/entry.s            0x00000000   Number         0  entry7a.o ABSOLUTE
    ../clib/microlib/init/entry.s            0x00000000   Number         0  entry5.o ABSOLUTE
    ../clib/microlib/init/entry.s            0x00000000   Number         0  entry2.o ABSOLUTE
    ../clib/microlib/longlong.c              0x00000000   Number         0  llshl.o ABSOLUTE
    ../clib/microlib/longlong.c              0x00000000   Number         0  llushr.o ABSOLUTE
    ../clib/microlib/longlong.c              0x00000000   Number         0  llsshr.o ABSOLUTE
    ../clib/microlib/printf/printf.c         0x00000000   Number         0  printf4.o ABSOLUTE
    ../clib/microlib/printf/printf.c         0x00000000   Number         0  printf3.o ABSOLUTE
    ../clib/microlib/printf/printf.c         0x00000000   Number         0  printf2.o ABSOLUTE
    ../clib/microlib/printf/printf.c         0x00000000   Number         0  printf1.o ABSOLUTE
    ../clib/microlib/printf/printf.c         0x00000000   Number         0  printfa.o ABSOLUTE
    ../clib/microlib/printf/printf.c         0x00000000   Number         0  printf0.o ABSOLUTE
    ../clib/microlib/printf/printf.c         0x00000000   Number         0  printfb.o ABSOLUTE
    ../clib/microlib/printf/printf.c         0x00000000   Number         0  printf8.o ABSOLUTE
    ../clib/microlib/printf/printf.c         0x00000000   Number         0  printf7.o ABSOLUTE
    ../clib/microlib/printf/printf.c         0x00000000   Number         0  printf6.o ABSOLUTE
    ../clib/microlib/printf/printf.c         0x00000000   Number         0  printf5.o ABSOLUTE
    ../clib/microlib/printf/stubs.s          0x00000000   Number         0  stubs.o ABSOLUTE
    ../clib/microlib/stdio/fputc.c           0x00000000   Number         0  fputc.o ABSOLUTE
    ../clib/microlib/stdio/semi.s            0x00000000   Number         0  semi.o ABSOLUTE
    ../clib/microlib/stdio/streams.c         0x00000000   Number         0  stdout.o ABSOLUTE
    ../clib/microlib/string/memset.c         0x00000000   Number         0  memseta.o ABSOLUTE
    ../clib/microlib/string/strlen.c         0x00000000   Number         0  strlen.o ABSOLUTE
    ../clib/microlib/stubs.s                 0x00000000   Number         0  iusefp.o ABSOLUTE
    ../clib/microlib/stubs.s                 0x00000000   Number         0  iusesemip.o ABSOLUTE
    ../fplib/microlib/d2f.c                  0x00000000   Number         0  d2f.o ABSOLUTE
    ../fplib/microlib/f2d.c                  0x00000000   Number         0  f2d.o ABSOLUTE
    ../fplib/microlib/fpadd.c                0x00000000   Number         0  fadd.o ABSOLUTE
    ../fplib/microlib/fpadd.c                0x00000000   Number         0  dadd.o ABSOLUTE
    ../fplib/microlib/fpdiv.c                0x00000000   Number         0  ddiv.o ABSOLUTE
    ../fplib/microlib/fpdiv.c                0x00000000   Number         0  fdiv.o ABSOLUTE
    ../fplib/microlib/fpepilogue.c           0x00000000   Number         0  depilogue.o ABSOLUTE
    ../fplib/microlib/fpepilogue.c           0x00000000   Number         0  fepilogue.o ABSOLUTE
    ../fplib/microlib/fpfix.c                0x00000000   Number         0  dfixul.o ABSOLUTE
    ../fplib/microlib/fpflt.c                0x00000000   Number         0  fflti.o ABSOLUTE
    ../fplib/microlib/fpmul.c                0x00000000   Number         0  dmul.o ABSOLUTE
    ../fplib/microlib/fpmul.c                0x00000000   Number         0  fmul.o ABSOLUTE
    ..\CMSIS\startup_stm32f40_41xxx.s        0x00000000   Number         0  startup_stm32f40_41xxx.o ABSOLUTE
    ..\CMSIS\system_stm32f4xx.c              0x00000000   Number         0  system_stm32f4xx.o ABSOLUTE
    ..\User\src\exti.c                       0x00000000   Number         0  exti.o ABSOLUTE
    ..\User\src\hp_6.c                       0x00000000   Number         0  hp_6.o ABSOLUTE
    ..\User\src\iic.c                        0x00000000   Number         0  iic.o ABSOLUTE
    ..\User\src\key.c                        0x00000000   Number         0  key.o ABSOLUTE
    ..\User\src\led.c                        0x00000000   Number         0  led.o ABSOLUTE
    ..\User\src\main.c                       0x00000000   Number         0  main.o ABSOLUTE
    ..\User\src\motor.c                      0x00000000   Number         0  motor.o ABSOLUTE
    ..\User\src\oled.c                       0x00000000   Number         0  oled.o ABSOLUTE
    ..\User\src\sht20.c                      0x00000000   Number         0  sht20.o ABSOLUTE
    ..\User\src\spi.c                        0x00000000   Number         0  spi.o ABSOLUTE
    ..\User\src\systick.c                    0x00000000   Number         0  systick.o ABSOLUTE
    ..\User\src\tim2_ch3_pwm .c              0x00000000   Number         0  tim2_ch3_pwm .o ABSOLUTE
    ..\User\src\tim3_ch2_pwm.c               0x00000000   Number         0  tim3_ch2_pwm.o ABSOLUTE
    ..\\CMSIS\\system_stm32f4xx.c            0x00000000   Number         0  system_stm32f4xx.o ABSOLUTE
    ..\\User\\src\\exti.c                    0x00000000   Number         0  exti.o ABSOLUTE
    ..\\User\\src\\hp_6.c                    0x00000000   Number         0  hp_6.o ABSOLUTE
    ..\\User\\src\\iic.c                     0x00000000   Number         0  iic.o ABSOLUTE
    ..\\User\\src\\key.c                     0x00000000   Number         0  key.o ABSOLUTE
    ..\\User\\src\\led.c                     0x00000000   Number         0  led.o ABSOLUTE
    ..\\User\\src\\main.c                    0x00000000   Number         0  main.o ABSOLUTE
    ..\\User\\src\\motor.c                   0x00000000   Number         0  motor.o ABSOLUTE
    ..\\User\\src\\oled.c                    0x00000000   Number         0  oled.o ABSOLUTE
    ..\\User\\src\\sht20.c                   0x00000000   Number         0  sht20.o ABSOLUTE
    ..\\User\\src\\spi.c                     0x00000000   Number         0  spi.o ABSOLUTE
    ..\\User\\src\\systick.c                 0x00000000   Number         0  systick.o ABSOLUTE
    ..\\User\\src\\tim2_ch3_pwm .c           0x00000000   Number         0  tim2_ch3_pwm .o ABSOLUTE
    ..\\User\\src\\tim3_ch2_pwm.c            0x00000000   Number         0  tim3_ch2_pwm.o ABSOLUTE
    cdrcmple.s                               0x00000000   Number         0  cdrcmple.o ABSOLUTE
    dc.s                                     0x00000000   Number         0  dc.o ABSOLUTE
    handlers.s                               0x00000000   Number         0  handlers.o ABSOLUTE
    init.s                                   0x00000000   Number         0  init.o ABSOLUTE
    RESET                                    0x08000000   Section      392  startup_stm32f40_41xxx.o(RESET)
    .ARM.Collect$$$$00000000                 0x08000188   Section        0  entry.o(.ARM.Collect$$$$00000000)
    .ARM.Collect$$$$00000001                 0x08000188   Section        4  entry2.o(.ARM.Collect$$$$00000001)
    .ARM.Collect$$$$00000004                 0x0800018c   Section        4  entry5.o(.ARM.Collect$$$$00000004)
    .ARM.Collect$$$$00000008                 0x08000190   Section        0  entry7b.o(.ARM.Collect$$$$00000008)
    .ARM.Collect$$$$0000000A                 0x08000190   Section        0  entry8b.o(.ARM.Collect$$$$0000000A)
    .ARM.Collect$$$$0000000B                 0x08000190   Section        8  entry9a.o(.ARM.Collect$$$$0000000B)
    .ARM.Collect$$$$0000000D                 0x08000198   Section        0  entry10a.o(.ARM.Collect$$$$0000000D)
    .ARM.Collect$$$$0000000F                 0x08000198   Section        0  entry11a.o(.ARM.Collect$$$$0000000F)
    .ARM.Collect$$$$00002712                 0x08000198   Section        4  entry2.o(.ARM.Collect$$$$00002712)
    __lit__00000000                          0x08000198   Data           4  entry2.o(.ARM.Collect$$$$00002712)
    .text                                    0x0800019c   Section       36  startup_stm32f40_41xxx.o(.text)
    .text                                    0x080001c0   Section        0  memseta.o(.text)
    .text                                    0x080001e4   Section        0  fadd.o(.text)
    .text                                    0x08000294   Section        0  fmul.o(.text)
    .text                                    0x080002f8   Section        0  fdiv.o(.text)
    .text                                    0x08000374   Section        0  dadd.o(.text)
    .text                                    0x080004c2   Section        0  dmul.o(.text)
    .text                                    0x080005a6   Section        0  ddiv.o(.text)
    .text                                    0x08000684   Section        0  fflti.o(.text)
    .text                                    0x08000696   Section        0  f2d.o(.text)
    .text                                    0x080006bc   Section        0  d2f.o(.text)
    .text                                    0x080006f4   Section        0  uidiv.o(.text)
    .text                                    0x08000720   Section        0  uldiv.o(.text)
    .text                                    0x08000782   Section        0  llshl.o(.text)
    .text                                    0x080007a0   Section        0  llsshr.o(.text)
    .text                                    0x080007c4   Section        0  iusefp.o(.text)
    .text                                    0x080007c4   Section        0  fepilogue.o(.text)
    .text                                    0x08000832   Section        0  depilogue.o(.text)
    .text                                    0x080008ec   Section        0  dfixul.o(.text)
    .text                                    0x0800091c   Section       48  cdrcmple.o(.text)
    .text                                    0x0800094c   Section       36  init.o(.text)
    .text                                    0x08000970   Section        0  llushr.o(.text)
    i.Crc16                                  0x08000990   Section        0  hp_6.o(i.Crc16)
    i.Delay_Init                             0x080009c0   Section        0  systick.o(i.Delay_Init)
    i.HP_GetBpResult                         0x08000a00   Section        0  hp_6.o(i.HP_GetBpResult)
    i.HP_GetResultData                       0x08000a2c   Section        0  hp_6.o(i.HP_GetResultData)
    i.HP_Init                                0x08000a50   Section        0  hp_6.o(i.HP_Init)
    i.HP_OpenBp                              0x08000ab0   Section        0  hp_6.o(i.HP_OpenBp)
    i.HP_OpenRate                            0x08000adc   Section        0  hp_6.o(i.HP_OpenRate)
    i.HP_SendCmd                             0x08000b08   Section        0  hp_6.o(i.HP_SendCmd)
    i.Hp_Read                                0x08000b4e   Section        0  hp_6.o(i.Hp_Read)
    i.Hp_Write                               0x08000ba0   Section        0  hp_6.o(i.Hp_Write)
    i.IIC_SDAIn_init                         0x08000be8   Section        0  iic.o(i.IIC_SDAIn_init)
    i.IIC_SDAOut_init                        0x08000c60   Section        0  iic.o(i.IIC_SDAOut_init)
    i.IIC_Start                              0x08000cf4   Section        0  iic.o(i.IIC_Start)
    i.IIC_Stop                               0x08000d34   Section        0  iic.o(i.IIC_Stop)
    i.LED_Init                               0x08000d7c   Section        0  led.o(i.LED_Init)
    i.MCU_IIC_Receiveack                     0x08000ddc   Section        0  iic.o(i.MCU_IIC_Receiveack)
    i.MCU_IIC_Receivedata                    0x08000e28   Section        0  iic.o(i.MCU_IIC_Receivedata)
    i.MCU_IIC_Sendack                        0x08000e8c   Section        0  iic.o(i.MCU_IIC_Sendack)
    i.MCU_IIC_Senddata                       0x08000ee4   Section        0  iic.o(i.MCU_IIC_Senddata)
    i.OLED_Init                              0x08000f50   Section        0  oled.o(i.OLED_Init)
    i.OLED_clear                             0x08001054   Section        0  oled.o(i.OLED_clear)
    i.OLED_deSelect                          0x08001094   Section        0  oled.o(i.OLED_deSelect)
    i.OLED_drawBMP                           0x080010a0   Section        0  oled.o(i.OLED_drawBMP)
    i.OLED_pinInit                           0x080010ec   Section        0  oled.o(i.OLED_pinInit)
    i.OLED_reset                             0x080011ac   Section        0  oled.o(i.OLED_reset)
    i.OLED_select                            0x080011d0   Section        0  oled.o(i.OLED_select)
    i.OLED_setPos                            0x080011dc   Section        0  oled.o(i.OLED_setPos)
    i.OLED_showChString                      0x0800120e   Section        0  oled.o(i.OLED_showChString)
    i.OLED_showChar                          0x08001258   Section        0  oled.o(i.OLED_showChar)
    i.OLED_writeByte                         0x08001380   Section        0  oled.o(i.OLED_writeByte)
    i.SHT20_Init                             0x080013b0   Section        0  sht20.o(i.SHT20_Init)
    i.SHT20_readTemAndHum                    0x080013b8   Section        0  sht20.o(i.SHT20_readTemAndHum)
    i.SHT20_readTemOrHum                     0x080013d8   Section        0  sht20.o(i.SHT20_readTemOrHum)
    i.SHT20_setResolution                    0x080014dc   Section        0  sht20.o(i.SHT20_setResolution)
    i.SHT20_softReset                        0x08001514   Section        0  sht20.o(i.SHT20_softReset)
    i.SPI_Init                               0x08001540   Section        0  spi.o(i.SPI_Init)
    i.SPI_ReceiveByte                        0x08001614   Section        0  spi.o(i.SPI_ReceiveByte)
    i.SetSysClock                            0x08001644   Section        0  system_stm32f4xx.o(i.SetSysClock)
    SetSysClock                              0x08001645   Thumb Code   138  system_stm32f4xx.o(i.SetSysClock)
    i.SystemInit                             0x080016e0   Section        0  system_stm32f4xx.o(i.SystemInit)
    i.TIM3_IRQHandler                        0x0800173c   Section        0  tim3_ch2_pwm.o(i.TIM3_IRQHandler)
    i.TIM3_Init                              0x08001768   Section        0  tim3_ch2_pwm.o(i.TIM3_Init)
    i.__0sprintf                             0x08001874   Section        0  printfa.o(i.__0sprintf)
    i.__scatterload_copy                     0x0800189c   Section       14  handlers.o(i.__scatterload_copy)
    i.__scatterload_null                     0x080018aa   Section        2  handlers.o(i.__scatterload_null)
    i.__scatterload_zeroinit                 0x080018ac   Section       14  handlers.o(i.__scatterload_zeroinit)
    i._fp_digits                             0x080018bc   Section        0  printfa.o(i._fp_digits)
    _fp_digits                               0x080018bd   Thumb Code   366  printfa.o(i._fp_digits)
    i._printf_core                           0x08001a40   Section        0  printfa.o(i._printf_core)
    _printf_core                             0x08001a41   Thumb Code  1744  printfa.o(i._printf_core)
    i._printf_post_padding                   0x0800211c   Section        0  printfa.o(i._printf_post_padding)
    _printf_post_padding                     0x0800211d   Thumb Code    36  printfa.o(i._printf_post_padding)
    i._printf_pre_padding                    0x08002140   Section        0  printfa.o(i._printf_pre_padding)
    _printf_pre_padding                      0x08002141   Thumb Code    46  printfa.o(i._printf_pre_padding)
    i._sputc                                 0x0800216e   Section        0  printfa.o(i._sputc)
    _sputc                                   0x0800216f   Thumb Code    10  printfa.o(i._sputc)
    i.delay_ms                               0x08002178   Section        0  systick.o(i.delay_ms)
    i.delay_us                               0x080021b0   Section        0  systick.o(i.delay_us)
    i.delay_xms                              0x080021ec   Section        0  systick.o(i.delay_xms)
    i.main                                   0x08002228   Section        0  main.o(i.main)
    .constdata                               0x08002384   Section     5424  main.o(.constdata)
    .constdata                               0x080038b4   Section     3368  oled.o(.constdata)
    .constdata                               0x080045dc   Section      728  hp_6.o(.constdata)
    .data                                    0x20000000   Section        4  systick.o(.data)
    fac_us                                   0x20000000   Data           1  systick.o(.data)
    fac_ms                                   0x20000002   Data           2  systick.o(.data)
    .data                                    0x20000004   Section        8  sht20.o(.data)
    .bss                                     0x2000000c   Section       48  hp_6.o(.bss)
    tx_buf                                   0x2000000c   Data          24  hp_6.o(.bss)
    rx_buf                                   0x20000024   Data          24  hp_6.o(.bss)
    STACK                                    0x20000040   Section     1024  startup_stm32f40_41xxx.o(STACK)

    Global Symbols

    Symbol Name                              Value     Ov Type        Size  Object(Section)

    BuildAttributes$$THM_ISAv4$E$P$D$K$B$S$7EM$PE$A:L22UL41UL21$X:L11$S22US41US21$IEEE1$IW$USESV6$~STKCKD$USESV7$~SHL$OTIME$ROPI$EBA8$MICROLIB$REQ8$PRES8$EABIv2 0x00000000   Number         0  anon$$obj.o ABSOLUTE
    __ARM_use_no_argv                        0x00000000   Number         0  main.o ABSOLUTE
    _printf_a                                0x00000000   Number         0  stubs.o ABSOLUTE
    _printf_c                                0x00000000   Number         0  stubs.o ABSOLUTE
    _printf_charcount                        0x00000000   Number         0  stubs.o ABSOLUTE
    _printf_d                                0x00000000   Number         0  stubs.o ABSOLUTE
    _printf_e                                0x00000000   Number         0  stubs.o ABSOLUTE
    _printf_f                                0x00000000   Number         0  stubs.o ABSOLUTE
    _printf_flags                            0x00000000   Number         0  stubs.o ABSOLUTE
    _printf_fp_dec                           0x00000000   Number         0  stubs.o ABSOLUTE
    _printf_fp_hex                           0x00000000   Number         0  stubs.o ABSOLUTE
    _printf_g                                0x00000000   Number         0  stubs.o ABSOLUTE
    _printf_i                                0x00000000   Number         0  stubs.o ABSOLUTE
    _printf_int_dec                          0x00000000   Number         0  stubs.o ABSOLUTE
    _printf_l                                0x00000000   Number         0  stubs.o ABSOLUTE
    _printf_lc                               0x00000000   Number         0  stubs.o ABSOLUTE
    _printf_ll                               0x00000000   Number         0  stubs.o ABSOLUTE
    _printf_lld                              0x00000000   Number         0  stubs.o ABSOLUTE
    _printf_lli                              0x00000000   Number         0  stubs.o ABSOLUTE
    _printf_llo                              0x00000000   Number         0  stubs.o ABSOLUTE
    _printf_llu                              0x00000000   Number         0  stubs.o ABSOLUTE
    _printf_llx                              0x00000000   Number         0  stubs.o ABSOLUTE
    _printf_longlong_dec                     0x00000000   Number         0  stubs.o ABSOLUTE
    _printf_longlong_hex                     0x00000000   Number         0  stubs.o ABSOLUTE
    _printf_longlong_oct                     0x00000000   Number         0  stubs.o ABSOLUTE
    _printf_ls                               0x00000000   Number         0  stubs.o ABSOLUTE
    _printf_mbtowc                           0x00000000   Number         0  stubs.o ABSOLUTE
    _printf_n                                0x00000000   Number         0  stubs.o ABSOLUTE
    _printf_o                                0x00000000   Number         0  stubs.o ABSOLUTE
    _printf_p                                0x00000000   Number         0  stubs.o ABSOLUTE
    _printf_percent                          0x00000000   Number         0  stubs.o ABSOLUTE
    _printf_pre_padding                      0x00000000   Number         0  stubs.o ABSOLUTE
    _printf_return_value                     0x00000000   Number         0  stubs.o ABSOLUTE
    _printf_s                                0x00000000   Number         0  stubs.o ABSOLUTE
    _printf_sizespec                         0x00000000   Number         0  stubs.o ABSOLUTE
    _printf_str                              0x00000000   Number         0  stubs.o ABSOLUTE
    _printf_truncate_signed                  0x00000000   Number         0  stubs.o ABSOLUTE
    _printf_truncate_unsigned                0x00000000   Number         0  stubs.o ABSOLUTE
    _printf_u                                0x00000000   Number         0  stubs.o ABSOLUTE
    _printf_wc                               0x00000000   Number         0  stubs.o ABSOLUTE
    _printf_wctomb                           0x00000000   Number         0  stubs.o ABSOLUTE
    _printf_widthprec                        0x00000000   Number         0  stubs.o ABSOLUTE
    _printf_x                                0x00000000   Number         0  stubs.o ABSOLUTE
    __cpp_initialize__aeabi_                  - Undefined Weak Reference
    __cxa_finalize                            - Undefined Weak Reference
    __decompress                              - Undefined Weak Reference
    _clock_init                               - Undefined Weak Reference
    _microlib_exit                            - Undefined Weak Reference
    __Vectors_Size                           0x00000188   Number         0  startup_stm32f40_41xxx.o ABSOLUTE
    __Vectors                                0x08000000   Data           4  startup_stm32f40_41xxx.o(RESET)
    __Vectors_End                            0x08000188   Data           0  startup_stm32f40_41xxx.o(RESET)
    __main                                   0x08000189   Thumb Code     0  entry.o(.ARM.Collect$$$$00000000)
    _main_stk                                0x08000189   Thumb Code     0  entry2.o(.ARM.Collect$$$$00000001)
    _main_scatterload                        0x0800018d   Thumb Code     0  entry5.o(.ARM.Collect$$$$00000004)
    __main_after_scatterload                 0x08000191   Thumb Code     0  entry5.o(.ARM.Collect$$$$00000004)
    _main_clock                              0x08000191   Thumb Code     0  entry7b.o(.ARM.Collect$$$$00000008)
    _main_cpp_init                           0x08000191   Thumb Code     0  entry8b.o(.ARM.Collect$$$$0000000A)
    _main_init                               0x08000191   Thumb Code     0  entry9a.o(.ARM.Collect$$$$0000000B)
    __rt_final_cpp                           0x08000199   Thumb Code     0  entry10a.o(.ARM.Collect$$$$0000000D)
    __rt_final_exit                          0x08000199   Thumb Code     0  entry11a.o(.ARM.Collect$$$$0000000F)
    Reset_Handler                            0x0800019d   Thumb Code     8  startup_stm32f40_41xxx.o(.text)
    NMI_Handler                              0x080001a5   Thumb Code     2  startup_stm32f40_41xxx.o(.text)
    HardFault_Handler                        0x080001a7   Thumb Code     2  startup_stm32f40_41xxx.o(.text)
    MemManage_Handler                        0x080001a9   Thumb Code     2  startup_stm32f40_41xxx.o(.text)
    BusFault_Handler                         0x080001ab   Thumb Code     2  startup_stm32f40_41xxx.o(.text)
    UsageFault_Handler                       0x080001ad   Thumb Code     2  startup_stm32f40_41xxx.o(.text)
    SVC_Handler                              0x080001af   Thumb Code     2  startup_stm32f40_41xxx.o(.text)
    DebugMon_Handler                         0x080001b1   Thumb Code     2  startup_stm32f40_41xxx.o(.text)
    PendSV_Handler                           0x080001b3   Thumb Code     2  startup_stm32f40_41xxx.o(.text)
    SysTick_Handler                          0x080001b5   Thumb Code     2  startup_stm32f40_41xxx.o(.text)
    ADC_IRQHandler                           0x080001b7   Thumb Code     0  startup_stm32f40_41xxx.o(.text)
    CAN1_RX0_IRQHandler                      0x080001b7   Thumb Code     0  startup_stm32f40_41xxx.o(.text)
    CAN1_RX1_IRQHandler                      0x080001b7   Thumb Code     0  startup_stm32f40_41xxx.o(.text)
    CAN1_SCE_IRQHandler                      0x080001b7   Thumb Code     0  startup_stm32f40_41xxx.o(.text)
    CAN1_TX_IRQHandler                       0x080001b7   Thumb Code     0  startup_stm32f40_41xxx.o(.text)
    CAN2_RX0_IRQHandler                      0x080001b7   Thumb Code     0  startup_stm32f40_41xxx.o(.text)
    CAN2_RX1_IRQHandler                      0x080001b7   Thumb Code     0  startup_stm32f40_41xxx.o(.text)
    CAN2_SCE_IRQHandler                      0x080001b7   Thumb Code     0  startup_stm32f40_41xxx.o(.text)
    CAN2_TX_IRQHandler                       0x080001b7   Thumb Code     0  startup_stm32f40_41xxx.o(.text)
    CRYP_IRQHandler                          0x080001b7   Thumb Code     0  startup_stm32f40_41xxx.o(.text)
    DCMI_IRQHandler                          0x080001b7   Thumb Code     0  startup_stm32f40_41xxx.o(.text)
    DMA1_Stream0_IRQHandler                  0x080001b7   Thumb Code     0  startup_stm32f40_41xxx.o(.text)
    DMA1_Stream1_IRQHandler                  0x080001b7   Thumb Code     0  startup_stm32f40_41xxx.o(.text)
    DMA1_Stream2_IRQHandler                  0x080001b7   Thumb Code     0  startup_stm32f40_41xxx.o(.text)
    DMA1_Stream3_IRQHandler                  0x080001b7   Thumb Code     0  startup_stm32f40_41xxx.o(.text)
    DMA1_Stream4_IRQHandler                  0x080001b7   Thumb Code     0  startup_stm32f40_41xxx.o(.text)
    DMA1_Stream5_IRQHandler                  0x080001b7   Thumb Code     0  startup_stm32f40_41xxx.o(.text)
    DMA1_Stream6_IRQHandler                  0x080001b7   Thumb Code     0  startup_stm32f40_41xxx.o(.text)
    DMA1_Stream7_IRQHandler                  0x080001b7   Thumb Code     0  startup_stm32f40_41xxx.o(.text)
    DMA2_Stream0_IRQHandler                  0x080001b7   Thumb Code     0  startup_stm32f40_41xxx.o(.text)
    DMA2_Stream1_IRQHandler                  0x080001b7   Thumb Code     0  startup_stm32f40_41xxx.o(.text)
    DMA2_Stream2_IRQHandler                  0x080001b7   Thumb Code     0  startup_stm32f40_41xxx.o(.text)
    DMA2_Stream3_IRQHandler                  0x080001b7   Thumb Code     0  startup_stm32f40_41xxx.o(.text)
    DMA2_Stream4_IRQHandler                  0x080001b7   Thumb Code     0  startup_stm32f40_41xxx.o(.text)
    DMA2_Stream5_IRQHandler                  0x080001b7   Thumb Code     0  startup_stm32f40_41xxx.o(.text)
    DMA2_Stream6_IRQHandler                  0x080001b7   Thumb Code     0  startup_stm32f40_41xxx.o(.text)
    DMA2_Stream7_IRQHandler                  0x080001b7   Thumb Code     0  startup_stm32f40_41xxx.o(.text)
    ETH_IRQHandler                           0x080001b7   Thumb Code     0  startup_stm32f40_41xxx.o(.text)
    ETH_WKUP_IRQHandler                      0x080001b7   Thumb Code     0  startup_stm32f40_41xxx.o(.text)
    EXTI0_IRQHandler                         0x080001b7   Thumb Code     0  startup_stm32f40_41xxx.o(.text)
    EXTI15_10_IRQHandler                     0x080001b7   Thumb Code     0  startup_stm32f40_41xxx.o(.text)
    EXTI1_IRQHandler                         0x080001b7   Thumb Code     0  startup_stm32f40_41xxx.o(.text)
    EXTI2_IRQHandler                         0x080001b7   Thumb Code     0  startup_stm32f40_41xxx.o(.text)
    EXTI3_IRQHandler                         0x080001b7   Thumb Code     0  startup_stm32f40_41xxx.o(.text)
    EXTI4_IRQHandler                         0x080001b7   Thumb Code     0  startup_stm32f40_41xxx.o(.text)
    EXTI9_5_IRQHandler                       0x080001b7   Thumb Code     0  startup_stm32f40_41xxx.o(.text)
    FLASH_IRQHandler                         0x080001b7   Thumb Code     0  startup_stm32f40_41xxx.o(.text)
    FPU_IRQHandler                           0x080001b7   Thumb Code     0  startup_stm32f40_41xxx.o(.text)
    FSMC_IRQHandler                          0x080001b7   Thumb Code     0  startup_stm32f40_41xxx.o(.text)
    HASH_RNG_IRQHandler                      0x080001b7   Thumb Code     0  startup_stm32f40_41xxx.o(.text)
    I2C1_ER_IRQHandler                       0x080001b7   Thumb Code     0  startup_stm32f40_41xxx.o(.text)
    I2C1_EV_IRQHandler                       0x080001b7   Thumb Code     0  startup_stm32f40_41xxx.o(.text)
    I2C2_ER_IRQHandler                       0x080001b7   Thumb Code     0  startup_stm32f40_41xxx.o(.text)
    I2C2_EV_IRQHandler                       0x080001b7   Thumb Code     0  startup_stm32f40_41xxx.o(.text)
    I2C3_ER_IRQHandler                       0x080001b7   Thumb Code     0  startup_stm32f40_41xxx.o(.text)
    I2C3_EV_IRQHandler                       0x080001b7   Thumb Code     0  startup_stm32f40_41xxx.o(.text)
    OTG_FS_IRQHandler                        0x080001b7   Thumb Code     0  startup_stm32f40_41xxx.o(.text)
    OTG_FS_WKUP_IRQHandler                   0x080001b7   Thumb Code     0  startup_stm32f40_41xxx.o(.text)
    OTG_HS_EP1_IN_IRQHandler                 0x080001b7   Thumb Code     0  startup_stm32f40_41xxx.o(.text)
    OTG_HS_EP1_OUT_IRQHandler                0x080001b7   Thumb Code     0  startup_stm32f40_41xxx.o(.text)
    OTG_HS_IRQHandler                        0x080001b7   Thumb Code     0  startup_stm32f40_41xxx.o(.text)
    OTG_HS_WKUP_IRQHandler                   0x080001b7   Thumb Code     0  startup_stm32f40_41xxx.o(.text)
    PVD_IRQHandler                           0x080001b7   Thumb Code     0  startup_stm32f40_41xxx.o(.text)
    RCC_IRQHandler                           0x080001b7   Thumb Code     0  startup_stm32f40_41xxx.o(.text)
    RTC_Alarm_IRQHandler                     0x080001b7   Thumb Code     0  startup_stm32f40_41xxx.o(.text)
    RTC_WKUP_IRQHandler                      0x080001b7   Thumb Code     0  startup_stm32f40_41xxx.o(.text)
    SDIO_IRQHandler                          0x080001b7   Thumb Code     0  startup_stm32f40_41xxx.o(.text)
    SPI1_IRQHandler                          0x080001b7   Thumb Code     0  startup_stm32f40_41xxx.o(.text)
    SPI2_IRQHandler                          0x080001b7   Thumb Code     0  startup_stm32f40_41xxx.o(.text)
    SPI3_IRQHandler                          0x080001b7   Thumb Code     0  startup_stm32f40_41xxx.o(.text)
    TAMP_STAMP_IRQHandler                    0x080001b7   Thumb Code     0  startup_stm32f40_41xxx.o(.text)
    TIM1_BRK_TIM9_IRQHandler                 0x080001b7   Thumb Code     0  startup_stm32f40_41xxx.o(.text)
    TIM1_CC_IRQHandler                       0x080001b7   Thumb Code     0  startup_stm32f40_41xxx.o(.text)
    TIM1_TRG_COM_TIM11_IRQHandler            0x080001b7   Thumb Code     0  startup_stm32f40_41xxx.o(.text)
    TIM1_UP_TIM10_IRQHandler                 0x080001b7   Thumb Code     0  startup_stm32f40_41xxx.o(.text)
    TIM2_IRQHandler                          0x080001b7   Thumb Code     0  startup_stm32f40_41xxx.o(.text)
    TIM4_IRQHandler                          0x080001b7   Thumb Code     0  startup_stm32f40_41xxx.o(.text)
    TIM5_IRQHandler                          0x080001b7   Thumb Code     0  startup_stm32f40_41xxx.o(.text)
    TIM6_DAC_IRQHandler                      0x080001b7   Thumb Code     0  startup_stm32f40_41xxx.o(.text)
    TIM7_IRQHandler                          0x080001b7   Thumb Code     0  startup_stm32f40_41xxx.o(.text)
    TIM8_BRK_TIM12_IRQHandler                0x080001b7   Thumb Code     0  startup_stm32f40_41xxx.o(.text)
    TIM8_CC_IRQHandler                       0x080001b7   Thumb Code     0  startup_stm32f40_41xxx.o(.text)
    TIM8_TRG_COM_TIM14_IRQHandler            0x080001b7   Thumb Code     0  startup_stm32f40_41xxx.o(.text)
    TIM8_UP_TIM13_IRQHandler                 0x080001b7   Thumb Code     0  startup_stm32f40_41xxx.o(.text)
    UART4_IRQHandler                         0x080001b7   Thumb Code     0  startup_stm32f40_41xxx.o(.text)
    UART5_IRQHandler                         0x080001b7   Thumb Code     0  startup_stm32f40_41xxx.o(.text)
    USART1_IRQHandler                        0x080001b7   Thumb Code     0  startup_stm32f40_41xxx.o(.text)
    USART2_IRQHandler                        0x080001b7   Thumb Code     0  startup_stm32f40_41xxx.o(.text)
    USART3_IRQHandler                        0x080001b7   Thumb Code     0  startup_stm32f40_41xxx.o(.text)
    USART6_IRQHandler                        0x080001b7   Thumb Code     0  startup_stm32f40_41xxx.o(.text)
    WWDG_IRQHandler                          0x080001b7   Thumb Code     0  startup_stm32f40_41xxx.o(.text)
    __aeabi_memset                           0x080001c1   Thumb Code    14  memseta.o(.text)
    __aeabi_memset4                          0x080001c1   Thumb Code     0  memseta.o(.text)
    __aeabi_memset8                          0x080001c1   Thumb Code     0  memseta.o(.text)
    __aeabi_memclr                           0x080001cf   Thumb Code     4  memseta.o(.text)
    __aeabi_memclr4                          0x080001cf   Thumb Code     0  memseta.o(.text)
    __aeabi_memclr8                          0x080001cf   Thumb Code     0  memseta.o(.text)
    _memset$wrapper                          0x080001d3   Thumb Code    18  memseta.o(.text)
    __aeabi_fadd                             0x080001e5   Thumb Code   164  fadd.o(.text)
    __aeabi_fsub                             0x08000289   Thumb Code     6  fadd.o(.text)
    __aeabi_frsub                            0x0800028f   Thumb Code     6  fadd.o(.text)
    __aeabi_fmul                             0x08000295   Thumb Code   100  fmul.o(.text)
    __aeabi_fdiv                             0x080002f9   Thumb Code   124  fdiv.o(.text)
    __aeabi_dadd                             0x08000375   Thumb Code   322  dadd.o(.text)
    __aeabi_dsub                             0x080004b7   Thumb Code     6  dadd.o(.text)
    __aeabi_drsub                            0x080004bd   Thumb Code     6  dadd.o(.text)
    __aeabi_dmul                             0x080004c3   Thumb Code   228  dmul.o(.text)
    __aeabi_ddiv                             0x080005a7   Thumb Code   222  ddiv.o(.text)
    __aeabi_i2f                              0x08000685   Thumb Code    18  fflti.o(.text)
    __aeabi_f2d                              0x08000697   Thumb Code    38  f2d.o(.text)
    __aeabi_d2f                              0x080006bd   Thumb Code    56  d2f.o(.text)
    __aeabi_uidiv                            0x080006f5   Thumb Code     0  uidiv.o(.text)
    __aeabi_uidivmod                         0x080006f5   Thumb Code    44  uidiv.o(.text)
    __aeabi_uldivmod                         0x08000721   Thumb Code    98  uldiv.o(.text)
    __aeabi_llsl                             0x08000783   Thumb Code    30  llshl.o(.text)
    _ll_shift_l                              0x08000783   Thumb Code     0  llshl.o(.text)
    __aeabi_lasr                             0x080007a1   Thumb Code    36  llsshr.o(.text)
    _ll_sshift_r                             0x080007a1   Thumb Code     0  llsshr.o(.text)
    __I$use$fp                               0x080007c5   Thumb Code     0  iusefp.o(.text)
    _float_round                             0x080007c5   Thumb Code    18  fepilogue.o(.text)
    _float_epilogue                          0x080007d7   Thumb Code    92  fepilogue.o(.text)
    _double_round                            0x08000833   Thumb Code    30  depilogue.o(.text)
    _double_epilogue                         0x08000851   Thumb Code   156  depilogue.o(.text)
    __aeabi_d2ulz                            0x080008ed   Thumb Code    48  dfixul.o(.text)
    __aeabi_cdrcmple                         0x0800091d   Thumb Code    48  cdrcmple.o(.text)
    __scatterload                            0x0800094d   Thumb Code    28  init.o(.text)
    __scatterload_rt2                        0x0800094d   Thumb Code     0  init.o(.text)
    __aeabi_llsr                             0x08000971   Thumb Code    32  llushr.o(.text)
    _ll_ushift_r                             0x08000971   Thumb Code     0  llushr.o(.text)
    Crc16                                    0x08000991   Thumb Code    42  hp_6.o(i.Crc16)
    Delay_Init                               0x080009c1   Thumb Code    56  systick.o(i.Delay_Init)
    HP_GetBpResult                           0x08000a01   Thumb Code    30  hp_6.o(i.HP_GetBpResult)
    HP_GetResultData                         0x08000a2d   Thumb Code    32  hp_6.o(i.HP_GetResultData)
    HP_Init                                  0x08000a51   Thumb Code    86  hp_6.o(i.HP_Init)
    HP_OpenBp                                0x08000ab1   Thumb Code    30  hp_6.o(i.HP_OpenBp)
    HP_OpenRate                              0x08000add   Thumb Code    30  hp_6.o(i.HP_OpenRate)
    HP_SendCmd                               0x08000b09   Thumb Code    70  hp_6.o(i.HP_SendCmd)
    Hp_Read                                  0x08000b4f   Thumb Code    82  hp_6.o(i.Hp_Read)
    Hp_Write                                 0x08000ba1   Thumb Code    70  hp_6.o(i.Hp_Write)
    IIC_SDAIn_init                           0x08000be9   Thumb Code   110  iic.o(i.IIC_SDAIn_init)
    IIC_SDAOut_init                          0x08000c61   Thumb Code   138  iic.o(i.IIC_SDAOut_init)
    IIC_Start                                0x08000cf5   Thumb Code    58  iic.o(i.IIC_Start)
    IIC_Stop                                 0x08000d35   Thumb Code    66  iic.o(i.IIC_Stop)
    LED_Init                                 0x08000d7d   Thumb Code    86  led.o(i.LED_Init)
    MCU_IIC_Receiveack                       0x08000ddd   Thumb Code    72  iic.o(i.MCU_IIC_Receiveack)
    MCU_IIC_Receivedata                      0x08000e29   Thumb Code    96  iic.o(i.MCU_IIC_Receivedata)
    MCU_IIC_Sendack                          0x08000e8d   Thumb Code    84  iic.o(i.MCU_IIC_Sendack)
    MCU_IIC_Senddata                         0x08000ee5   Thumb Code   102  iic.o(i.MCU_IIC_Senddata)
    OLED_Init                                0x08000f51   Thumb Code   260  oled.o(i.OLED_Init)
    OLED_clear                               0x08001055   Thumb Code    64  oled.o(i.OLED_clear)
    OLED_deSelect                            0x08001095   Thumb Code     8  oled.o(i.OLED_deSelect)
    OLED_drawBMP                             0x080010a1   Thumb Code    76  oled.o(i.OLED_drawBMP)
    OLED_pinInit                             0x080010ed   Thumb Code   180  oled.o(i.OLED_pinInit)
    OLED_reset                               0x080011ad   Thumb Code    30  oled.o(i.OLED_reset)
    OLED_select                              0x080011d1   Thumb Code     8  oled.o(i.OLED_select)
    OLED_setPos                              0x080011dd   Thumb Code    50  oled.o(i.OLED_setPos)
    OLED_showChString                        0x0800120f   Thumb Code    72  oled.o(i.OLED_showChString)
    OLED_showChar                            0x08001259   Thumb Code   282  oled.o(i.OLED_showChar)
    OLED_writeByte                           0x08001381   Thumb Code    42  oled.o(i.OLED_writeByte)
    SHT20_Init                               0x080013b1   Thumb Code     8  sht20.o(i.SHT20_Init)
    SHT20_readTemAndHum                      0x080013b9   Thumb Code    26  sht20.o(i.SHT20_readTemAndHum)
    SHT20_readTemOrHum                       0x080013d9   Thumb Code   230  sht20.o(i.SHT20_readTemOrHum)
    SHT20_setResolution                      0x080014dd   Thumb Code    56  sht20.o(i.SHT20_setResolution)
    SHT20_softReset                          0x08001515   Thumb Code    42  sht20.o(i.SHT20_softReset)
    SPI_Init                                 0x08001541   Thumb Code   190  spi.o(i.SPI_Init)
    SPI_ReceiveByte                          0x08001615   Thumb Code    42  spi.o(i.SPI_ReceiveByte)
    SystemInit                               0x080016e1   Thumb Code    74  system_stm32f4xx.o(i.SystemInit)
    TIM3_IRQHandler                          0x0800173d   Thumb Code    36  tim3_ch2_pwm.o(i.TIM3_IRQHandler)
    TIM3_Init                                0x08001769   Thumb Code   248  tim3_ch2_pwm.o(i.TIM3_Init)
    __0sprintf                               0x08001875   Thumb Code    34  printfa.o(i.__0sprintf)
    __1sprintf                               0x08001875   Thumb Code     0  printfa.o(i.__0sprintf)
    __2sprintf                               0x08001875   Thumb Code     0  printfa.o(i.__0sprintf)
    __c89sprintf                             0x08001875   Thumb Code     0  printfa.o(i.__0sprintf)
    sprintf                                  0x08001875   Thumb Code     0  printfa.o(i.__0sprintf)
    __scatterload_copy                       0x0800189d   Thumb Code    14  handlers.o(i.__scatterload_copy)
    __scatterload_null                       0x080018ab   Thumb Code     2  handlers.o(i.__scatterload_null)
    __scatterload_zeroinit                   0x080018ad   Thumb Code    14  handlers.o(i.__scatterload_zeroinit)
    delay_ms                                 0x08002179   Thumb Code    56  systick.o(i.delay_ms)
    delay_us                                 0x080021b1   Thumb Code    56  systick.o(i.delay_us)
    delay_xms                                0x080021ed   Thumb Code    56  systick.o(i.delay_xms)
    main                                     0x08002229   Thumb Code   280  main.o(i.main)
    BMP_OPEN_BP                              0x08002384   Data        1024  main.o(.constdata)
    BMP_OPEN_PULSE                           0x08002784   Data        1024  main.o(.constdata)
    BMP_advert                               0x08002b84   Data        1024  main.o(.constdata)
    BT_connect                               0x08002f84   Data          40  main.o(.constdata)
    Pulse_bmp_large                          0x08002fac   Data         378  main.o(.constdata)
    Pulse_bmp_smll                           0x08003126   Data         378  main.o(.constdata)
    BP_bmp                                   0x080032a0   Data         378  main.o(.constdata)
    step_bmp                                 0x0800341a   Data         378  main.o(.constdata)
    CalDist                                  0x08003594   Data         512  main.o(.constdata)
    Battery100                               0x08003794   Data          48  main.o(.constdata)
    Battery75                                0x080037c4   Data          48  main.o(.constdata)
    Battery50                                0x080037f4   Data          48  main.o(.constdata)
    Battery25                                0x08003824   Data          48  main.o(.constdata)
    BatteryLOW                               0x08003854   Data          48  main.o(.constdata)
    BatteryCharge                            0x08003884   Data          48  main.o(.constdata)
    F8X16                                    0x080038b4   Data        1520  oled.o(.constdata)
    F6x8                                     0x08003ea4   Data         552  oled.o(.constdata)
    F16X24                                   0x080040cc   Data        1296  oled.o(.constdata)
    crc16_tab                                0x080045dc   Data         512  hp_6.o(.constdata)
    cmd_bp_open                              0x080047dc   Data          24  hp_6.o(.constdata)
    cmd_bp_close                             0x080047f4   Data          24  hp_6.o(.constdata)
    cmd_bp_result                            0x0800480c   Data          24  hp_6.o(.constdata)
    cmd_rate_open                            0x08004824   Data          24  hp_6.o(.constdata)
    cmd_rate_close                           0x0800483c   Data          24  hp_6.o(.constdata)
    cmd_rate_result                          0x08004854   Data          24  hp_6.o(.constdata)
    cmd_get_adc                              0x0800486c   Data          24  hp_6.o(.constdata)
    cmd_set_powersaving                      0x08004884   Data          24  hp_6.o(.constdata)
    cmd_get_version                          0x0800489c   Data          24  hp_6.o(.constdata)
    Region$$Table$$Base                      0x080048b4   Number         0  anon$$obj.o(Region$$Table)
    Region$$Table$$Limit                     0x080048d4   Number         0  anon$$obj.o(Region$$Table)
    temp_humi_Value                          0x20000004   Data           8  sht20.o(.data)
    __initial_sp                             0x20000440   Data           0  startup_stm32f40_41xxx.o(STACK)



==============================================================================

Memory Map of the image

  Image Entry point : 0x08000189

  Load Region LR_IROM1 (Base: 0x08000000, Size: 0x000048e0, Max: 0x00080000, ABSOLUTE)

    Execution Region ER_IROM1 (Base: 0x08000000, Size: 0x000048d4, Max: 0x00080000, ABSOLUTE)

    Base Addr    Size         Type   Attr      Idx    E Section Name        Object

    0x08000000   0x00000188   Data   RO           62    RESET               startup_stm32f40_41xxx.o
    0x08000188   0x00000000   Code   RO          680  * .ARM.Collect$$$$00000000  mc_w.l(entry.o)
    0x08000188   0x00000004   Code   RO          966    .ARM.Collect$$$$00000001  mc_w.l(entry2.o)
    0x0800018c   0x00000004   Code   RO          969    .ARM.Collect$$$$00000004  mc_w.l(entry5.o)
    0x08000190   0x00000000   Code   RO          971    .ARM.Collect$$$$00000008  mc_w.l(entry7b.o)
    0x08000190   0x00000000   Code   RO          973    .ARM.Collect$$$$0000000A  mc_w.l(entry8b.o)
    0x08000190   0x00000008   Code   RO          974    .ARM.Collect$$$$0000000B  mc_w.l(entry9a.o)
    0x08000198   0x00000000   Code   RO          976    .ARM.Collect$$$$0000000D  mc_w.l(entry10a.o)
    0x08000198   0x00000000   Code   RO          978    .ARM.Collect$$$$0000000F  mc_w.l(entry11a.o)
    0x08000198   0x00000004   Code   RO          967    .ARM.Collect$$$$00002712  mc_w.l(entry2.o)
    0x0800019c   0x00000024   Code   RO           63    .text               startup_stm32f40_41xxx.o
    0x080001c0   0x00000024   Code   RO          683    .text               mc_w.l(memseta.o)
    0x080001e4   0x000000b0   Code   RO          948    .text               mf_w.l(fadd.o)
    0x08000294   0x00000064   Code   RO          950    .text               mf_w.l(fmul.o)
    0x080002f8   0x0000007c   Code   RO          952    .text               mf_w.l(fdiv.o)
    0x08000374   0x0000014e   Code   RO          954    .text               mf_w.l(dadd.o)
    0x080004c2   0x000000e4   Code   RO          956    .text               mf_w.l(dmul.o)
    0x080005a6   0x000000de   Code   RO          958    .text               mf_w.l(ddiv.o)
    0x08000684   0x00000012   Code   RO          960    .text               mf_w.l(fflti.o)
    0x08000696   0x00000026   Code   RO          962    .text               mf_w.l(f2d.o)
    0x080006bc   0x00000038   Code   RO          964    .text               mf_w.l(d2f.o)
    0x080006f4   0x0000002c   Code   RO          983    .text               mc_w.l(uidiv.o)
    0x08000720   0x00000062   Code   RO          985    .text               mc_w.l(uldiv.o)
    0x08000782   0x0000001e   Code   RO          987    .text               mc_w.l(llshl.o)
    0x080007a0   0x00000024   Code   RO          989    .text               mc_w.l(llsshr.o)
    0x080007c4   0x00000000   Code   RO          991    .text               mc_w.l(iusefp.o)
    0x080007c4   0x0000006e   Code   RO          992    .text               mf_w.l(fepilogue.o)
    0x08000832   0x000000ba   Code   RO          994    .text               mf_w.l(depilogue.o)
    0x080008ec   0x00000030   Code   RO          996    .text               mf_w.l(dfixul.o)
    0x0800091c   0x00000030   Code   RO          998    .text               mf_w.l(cdrcmple.o)
    0x0800094c   0x00000024   Code   RO         1000    .text               mc_w.l(init.o)
    0x08000970   0x00000020   Code   RO         1003    .text               mc_w.l(llushr.o)
    0x08000990   0x00000030   Code   RO          568    i.Crc16             hp_6.o
    0x080009c0   0x00000040   Code   RO          169    i.Delay_Init        systick.o
    0x08000a00   0x0000002c   Code   RO          574    i.HP_GetBpResult    hp_6.o
    0x08000a2c   0x00000024   Code   RO          576    i.HP_GetResultData  hp_6.o
    0x08000a50   0x00000060   Code   RO          577    i.HP_Init           hp_6.o
    0x08000ab0   0x0000002c   Code   RO          578    i.HP_OpenBp         hp_6.o
    0x08000adc   0x0000002c   Code   RO          579    i.HP_OpenRate       hp_6.o
    0x08000b08   0x00000046   Code   RO          581    i.HP_SendCmd        hp_6.o
    0x08000b4e   0x00000052   Code   RO          582    i.Hp_Read           hp_6.o
    0x08000ba0   0x00000046   Code   RO          583    i.Hp_Write          hp_6.o
    0x08000be6   0x00000002   PAD
    0x08000be8   0x00000078   Code   RO          459    i.IIC_SDAIn_init    iic.o
    0x08000c60   0x00000094   Code   RO          460    i.IIC_SDAOut_init   iic.o
    0x08000cf4   0x00000040   Code   RO          461    i.IIC_Start         iic.o
    0x08000d34   0x00000048   Code   RO          462    i.IIC_Stop          iic.o
    0x08000d7c   0x00000060   Code   RO          149    i.LED_Init          led.o
    0x08000ddc   0x0000004c   Code   RO          463    i.MCU_IIC_Receiveack  iic.o
    0x08000e28   0x00000064   Code   RO          464    i.MCU_IIC_Receivedata  iic.o
    0x08000e8c   0x00000058   Code   RO          465    i.MCU_IIC_Sendack   iic.o
    0x08000ee4   0x0000006c   Code   RO          466    i.MCU_IIC_Senddata  iic.o
    0x08000f50   0x00000104   Code   RO          351    i.OLED_Init         oled.o
    0x08001054   0x00000040   Code   RO          352    i.OLED_clear        oled.o
    0x08001094   0x0000000c   Code   RO          353    i.OLED_deSelect     oled.o
    0x080010a0   0x0000004c   Code   RO          354    i.OLED_drawBMP      oled.o
    0x080010ec   0x000000c0   Code   RO          356    i.OLED_pinInit      oled.o
    0x080011ac   0x00000024   Code   RO          357    i.OLED_reset        oled.o
    0x080011d0   0x0000000c   Code   RO          358    i.OLED_select       oled.o
    0x080011dc   0x00000032   Code   RO          359    i.OLED_setPos       oled.o
    0x0800120e   0x00000048   Code   RO          361    i.OLED_showChString  oled.o
    0x08001256   0x00000002   PAD
    0x08001258   0x00000128   Code   RO          362    i.OLED_showChar     oled.o
    0x08001380   0x00000030   Code   RO          364    i.OLED_writeByte    oled.o
    0x080013b0   0x00000008   Code   RO          521    i.SHT20_Init        sht20.o
    0x080013b8   0x00000020   Code   RO          522    i.SHT20_readTemAndHum  sht20.o
    0x080013d8   0x00000104   Code   RO          523    i.SHT20_readTemOrHum  sht20.o
    0x080014dc   0x00000038   Code   RO          524    i.SHT20_setResolution  sht20.o
    0x08001514   0x0000002a   Code   RO          525    i.SHT20_softReset   sht20.o
    0x0800153e   0x00000002   PAD
    0x08001540   0x000000d4   Code   RO          325    i.SPI_Init          spi.o
    0x08001614   0x00000030   Code   RO          326    i.SPI_ReceiveByte   spi.o
    0x08001644   0x0000009c   Code   RO            3    i.SetSysClock       system_stm32f4xx.o
    0x080016e0   0x0000005c   Code   RO            5    i.SystemInit        system_stm32f4xx.o
    0x0800173c   0x0000002c   Code   RO          270    i.TIM3_IRQHandler   tim3_ch2_pwm.o
    0x08001768   0x0000010c   Code   RO          271    i.TIM3_Init         tim3_ch2_pwm.o
    0x08001874   0x00000028   Code   RO          922    i.__0sprintf        mc_w.l(printfa.o)
    0x0800189c   0x0000000e   Code   RO         1008    i.__scatterload_copy  mc_w.l(handlers.o)
    0x080018aa   0x00000002   Code   RO         1009    i.__scatterload_null  mc_w.l(handlers.o)
    0x080018ac   0x0000000e   Code   RO         1010    i.__scatterload_zeroinit  mc_w.l(handlers.o)
    0x080018ba   0x00000002   PAD
    0x080018bc   0x00000184   Code   RO          927    i._fp_digits        mc_w.l(printfa.o)
    0x08001a40   0x000006dc   Code   RO          928    i._printf_core      mc_w.l(printfa.o)
    0x0800211c   0x00000024   Code   RO          929    i._printf_post_padding  mc_w.l(printfa.o)
    0x08002140   0x0000002e   Code   RO          930    i._printf_pre_padding  mc_w.l(printfa.o)
    0x0800216e   0x0000000a   Code   RO          932    i._sputc            mc_w.l(printfa.o)
    0x08002178   0x00000038   Code   RO          170    i.delay_ms          systick.o
    0x080021b0   0x0000003c   Code   RO          171    i.delay_us          systick.o
    0x080021ec   0x0000003c   Code   RO          172    i.delay_xms         systick.o
    0x08002228   0x0000015c   Code   RO           69    i.main              main.o
    0x08002384   0x00001530   Data   RO           70    .constdata          main.o
    0x080038b4   0x00000d28   Data   RO          365    .constdata          oled.o
    0x080045dc   0x000002d8   Data   RO          585    .constdata          hp_6.o
    0x080048b4   0x00000020   Data   RO         1006    Region$$Table       anon$$obj.o


    Execution Region RW_IRAM1 (Base: 0x20000000, Size: 0x00000440, Max: 0x00020000, ABSOLUTE)

    Base Addr    Size         Type   Attr      Idx    E Section Name        Object

    0x20000000   0x00000004   Data   RW          173    .data               systick.o
    0x20000004   0x00000008   Data   RW          526    .data               sht20.o
    0x2000000c   0x00000030   Zero   RW          584    .bss                hp_6.o
    0x2000003c   0x00000004   PAD
    0x20000040   0x00000400   Zero   RW           60    STACK               startup_stm32f40_41xxx.o


==============================================================================

Image component sizes


      Code (inc. data)   RO Data    RW Data    ZI Data      Debug   Object Name

       534         62        728          0         48       6186   hp_6.o
       776         50          0          0          0       3950   iic.o
        96         10          0          0          0        423   led.o
       348         68       5424          0          0       2319   main.o
      1118         46       3368          0          0       7314   oled.o
       398         36          0          8          0       3290   sht20.o
       260         28          0          0          0        965   spi.o
        36          8        392          0       1024        792   startup_stm32f40_41xxx.o
       248         36          0          0          0     202025   system_stm32f4xx.o
       240         16          0          4          0       2243   systick.o
       312         28          0          0          0      28001   tim3_ch2_pwm.o

    ----------------------------------------------------------------------
      4372        388       9944         12       1076     257508   Object Totals
         0          0         32          0          0          0   (incl. Generated)
         6          0          0          0          4          0   (incl. Padding)

    ----------------------------------------------------------------------

      Code (inc. data)   RO Data    RW Data    ZI Data      Debug   Library Member Name

         0          0          0          0          0          0   entry.o
         0          0          0          0          0          0   entry10a.o
         0          0          0          0          0          0   entry11a.o
         8          4          0          0          0          0   entry2.o
         4          0          0          0          0          0   entry5.o
         0          0          0          0          0          0   entry7b.o
         0          0          0          0          0          0   entry8b.o
         8          4          0          0          0          0   entry9a.o
        30          0          0          0          0          0   handlers.o
        36          8          0          0          0         68   init.o
         0          0          0          0          0          0   iusefp.o
        30          0          0          0          0         68   llshl.o
        36          0          0          0          0         68   llsshr.o
        32          0          0          0          0         68   llushr.o
        36          0          0          0          0        108   memseta.o
      2276         86          0          0          0        520   printfa.o
        44          0          0          0          0         80   uidiv.o
        98          0          0          0          0         92   uldiv.o
        48          0          0          0          0         68   cdrcmple.o
        56          0          0          0          0         88   d2f.o
       334          0          0          0          0        148   dadd.o
       222          0          0          0          0        100   ddiv.o
       186          0          0          0          0        176   depilogue.o
        48          0          0          0          0         68   dfixul.o
       228          0          0          0          0         96   dmul.o
        38          0          0          0          0         68   f2d.o
       176          0          0          0          0        140   fadd.o
       124          0          0          0          0         88   fdiv.o
       110          0          0          0          0        168   fepilogue.o
        18          0          0          0          0         68   fflti.o
       100          0          0          0          0         76   fmul.o

    ----------------------------------------------------------------------
      4328        102          0          0          0       2424   Library Totals
         2          0          0          0          0          0   (incl. Padding)

    ----------------------------------------------------------------------

      Code (inc. data)   RO Data    RW Data    ZI Data      Debug   Library Name

      2638        102          0          0          0       1072   mc_w.l
     