Component: ARM Compiler 5.06 update 4 (build 422) Tool: armlink [4d35d2]

==============================================================================

Section Cross References

    system_stm32f4xx.o(i.SystemCoreClockUpdate) refers to system_stm32f4xx.o(.data) for SystemCoreClock
    system_stm32f4xx.o(i.SystemInit) refers to system_stm32f4xx.o(i.SetSysClock) for SetSysClock
    startup_stm32f40_41xxx.o(RESET) refers to startup_stm32f40_41xxx.o(STACK) for __initial_sp
    startup_stm32f40_41xxx.o(RESET) refers to startup_stm32f40_41xxx.o(.text) for Reset_Handler
    startup_stm32f40_41xxx.o(.text) refers to system_stm32f4xx.o(i.SystemInit) for SystemInit
    startup_stm32f40_41xxx.o(.text) refers to entry.o(.ARM.Collect$$$$00000000) for __main
    main.o(i.main) refers to spi.o(i.SPI_Init) for SPI_Init
    main.o(i.main) refers to led.o(i.LED_Init) for LED_Init
    main.o(i.main) refers to oled.o(i.OLED_Init) for OLED_Init
    main.o(i.main) refers to oled.o(i.OLED_showHzString) for OLED_showHzString
    main.o(i.main) refers to oled.o(i.OLED_showChString) for OLED_showChString
    oled.o(i.OLED_Init) refers to oled.o(i.OLED_pinInit) for OLED_pinInit
    oled.o(i.OLED_Init) refers to oled.o(i.OLED_deSelect) for OLED_deSelect
    oled.o(i.OLED_Init) refers to oled.o(i.OLED_reset) for OLED_reset
    oled.o(i.OLED_Init) refers to oled.o(i.OLED_writeByte) for OLED_writeByte
    oled.o(i.OLED_Init) refers to oled.o(i.OLED_clear) for OLED_clear
    oled.o(i.OLED_Init) refers to oled.o(i.OLED_setPos) for OLED_setPos
    oled.o(i.OLED_clear) refers to oled.o(i.OLED_writeByte) for OLED_writeByte
    oled.o(i.OLED_reset) refers to systick.o(i.Delay_ms) for Delay_ms
    oled.o(i.OLED_setPos) refers to oled.o(i.OLED_writeByte) for OLED_writeByte
    oled.o(i.OLED_showCHinese) refers to oled.o(i.OLED_setPos) for OLED_setPos
    oled.o(i.OLED_showCHinese) refers to oled.o(i.OLED_writeByte) for OLED_writeByte
    oled.o(i.OLED_showCHinese) refers to oled.o(.data) for Hzk
    oled.o(i.OLED_showChString) refers to oled.o(i.OLED_showChar) for OLED_showChar
    oled.o(i.OLED_showChar) refers to oled.o(i.OLED_setPos) for OLED_setPos
    oled.o(i.OLED_showChar) refers to oled.o(i.OLED_writeByte) for OLED_writeByte
    oled.o(i.OLED_showChar) refers to oled.o(.constdata) for F16X24
    oled.o(i.OLED_showHzString) refers to oled.o(i.OLED_showCHinese) for OLED_showCHinese
    oled.o(i.OLED_showHzString) refers to strlen.o(.text) for strlen
    oled.o(i.OLED_showHzString) refers to oled.o(.data) for hz_index
    oled.o(i.OLED_writeByte) refers to oled.o(i.OLED_select) for OLED_select
    oled.o(i.OLED_writeByte) refers to spi.o(i.SPI_ReceiveByte) for SPI_ReceiveByte
    oled.o(i.OLED_writeByte) refers to oled.o(i.OLED_deSelect) for OLED_deSelect
    entry.o(.ARM.Collect$$$$00000000) refers (Special) to entry10a.o(.ARM.Collect$$$$0000000D) for __rt_final_cpp
    entry.o(.ARM.Collect$$$$00000000) refers (Special) to entry11a.o(.ARM.Collect$$$$0000000F) for __rt_final_exit
    entry.o(.ARM.Collect$$$$00000000) refers (Special) to entry7b.o(.ARM.Collect$$$$00000008) for _main_clock
    entry.o(.ARM.Collect$$$$00000000) refers (Special) to entry8b.o(.ARM.Collect$$$$0000000A) for _main_cpp_init
    entry.o(.ARM.Collect$$$$00000000) refers (Special) to entry9a.o(.ARM.Collect$$$$0000000B) for _main_init
    entry.o(.ARM.Collect$$$$00000000) refers (Special) to entry5.o(.ARM.Collect$$$$00000004) for _main_scatterload
    entry.o(.ARM.Collect$$$$00000000) refers (Special) to entry2.o(.ARM.Collect$$$$00000001) for _main_stk
    entry2.o(.ARM.Collect$$$$00000001) refers to entry2.o(.ARM.Collect$$$$00002712) for __lit__00000000
    entry2.o(.ARM.Collect$$$$00002712) refers to startup_stm32f40_41xxx.o(STACK) for __initial_sp
    entry2.o(__vectab_stack_and_reset_area) refers to startup_stm32f40_41xxx.o(STACK) for __initial_sp
    entry2.o(__vectab_stack_and_reset_area) refers to entry.o(.ARM.Collect$$$$00000000) for __main
    entry5.o(.ARM.Collect$$$$00000004) refers to init.o(.text) for __scatterload
    entry9a.o(.ARM.Collect$$$$0000000B) refers to main.o(i.main) for main
    entry9b.o(.ARM.Collect$$$$0000000C) refers to main.o(i.main) for main
    init.o(.text) refers to entry5.o(.ARM.Collect$$$$00000004) for __main_after_scatterload


==============================================================================

Removing Unused input sections from the image.

    Removing system_stm32f4xx.o(.rev16_text), (4 bytes).
    Removing system_stm32f4xx.o(.revsh_text), (4 bytes).
    Removing system_stm32f4xx.o(i.SystemCoreClockUpdate), (168 bytes).
    Removing system_stm32f4xx.o(.data), (20 bytes).
    Removing startup_stm32f40_41xxx.o(HEAP), (512 bytes).
    Removing main.o(.rev16_text), (4 bytes).
    Removing main.o(.revsh_text), (4 bytes).
    Removing led.o(.rev16_text), (4 bytes).
    Removing led.o(.revsh_text), (4 bytes).
    Removing systick.o(.rev16_text), (4 bytes).
    Removing systick.o(.revsh_text), (4 bytes).
    Removing systick.o(i.Delay_us), (76 bytes).
    Removing systick.o(i.delay), (12 bytes).
    Removing exti.o(.rev16_text), (4 bytes).
    Removing exti.o(.revsh_text), (4 bytes).
    Removing exti.o(i.My_NVIC_Init), (104 bytes).
    Removing motor.o(.rev16_text), (4 bytes).
    Removing motor.o(.revsh_text), (4 bytes).
    Removing motor.o(i.Motor_Init), (100 bytes).
    Removing key.o(.rev16_text), (4 bytes).
    Removing key.o(.revsh_text), (4 bytes).
    Removing key.o(i.Key_Init), (56 bytes).
    Removing tim3_ch2_pwm.o(.rev16_text), (4 bytes).
    Removing tim3_ch2_pwm.o(.revsh_text), (4 bytes).
    Removing tim3_ch2_pwm.o(i.TIM3_CH2_PWM_Init), (232 bytes).
    Removing tim2_ch3_pwm .o(.rev16_text), (4 bytes).
    Removing tim2_ch3_pwm .o(.revsh_text), (4 bytes).
    Removing tim2_ch3_pwm .o(i.TIM2_CH3_PWM_Init), (200 bytes).
    Removing spi.o(.rev16_text), (4 bytes).
    Removing spi.o(.revsh_text), (4 bytes).
    Removing oled.o(.rev16_text), (4 bytes).
    Removing oled.o(.revsh_text), (4 bytes).

32 unused section(s) (total 1568 bytes) removed from the image.

==============================================================================

Image Symbol Table

    Local Symbols

    Symbol Name                              Value     Ov Type        Size  Object(Section)

    ../clib/../cmprslib/zerorunl2.c          0x00000000   Number         0  __dczerorl2.o ABSOLUTE
    ../clib/microlib/init/entry.s            0x00000000   Number         0  entry10b.o ABSOLUTE
    ../clib/microlib/init/entry.s            0x00000000   Number         0  entry10a.o ABSOLUTE
    ../clib/microlib/init/entry.s            0x00000000   Number         0  entry9b.o ABSOLUTE
    ../clib/microlib/init/entry.s            0x00000000   Number         0  entry9a.o ABSOLUTE
    ../clib/microlib/init/entry.s            0x00000000   Number         0  entry5.o ABSOLUTE
    ../clib/microlib/init/entry.s            0x00000000   Number         0  entry8b.o ABSOLUTE
    ../clib/microlib/init/entry.s            0x00000000   Number         0  entry8a.o ABSOLUTE
    ../clib/microlib/init/entry.s            0x00000000   Number         0  entry11a.o ABSOLUTE
    ../clib/microlib/init/entry.s            0x00000000   Number         0  entry7a.o ABSOLUTE
    ../clib/microlib/init/entry.s            0x00000000   Number         0  entry7b.o ABSOLUTE
    ../clib/microlib/init/entry.s            0x00000000   Number         0  entry2.o ABSOLUTE
    ../clib/microlib/init/entry.s            0x00000000   Number         0  entry.o ABSOLUTE
    ../clib/microlib/init/entry.s            0x00000000   Number         0  entry11b.o ABSOLUTE
    ../clib/microlib/string/strlen.c         0x00000000   Number         0  strlen.o ABSOLUTE
    ..\CMSIS\startup_stm32f40_41xxx.s        0x00000000   Number         0  startup_stm32f40_41xxx.o ABSOLUTE
    ..\CMSIS\system_stm32f4xx.c              0x00000000   Number         0  system_stm32f4xx.o ABSOLUTE
    ..\User\src\exti.c                       0x00000000   Number         0  exti.o ABSOLUTE
    ..\User\src\key.c                        0x00000000   Number         0  key.o ABSOLUTE
    ..\User\src\led.c                        0x00000000   Number         0  led.o ABSOLUTE
    ..\User\src\main.c                       0x00000000   Number         0  main.o ABSOLUTE
    ..\User\src\motor.c                      0x00000000   Number         0  motor.o ABSOLUTE
    ..\User\src\oled.c                       0x00000000   Number         0  oled.o ABSOLUTE
    ..\User\src\spi.c                        0x00000000   Number         0  spi.o ABSOLUTE
    ..\User\src\systick.c                    0x00000000   Number         0  systick.o ABSOLUTE
    ..\User\src\tim2_ch3_pwm .c              0x00000000   Number         0  tim2_ch3_pwm .o ABSOLUTE
    ..\User\src\tim3_ch2_pwm.c               0x00000000   Number         0  tim3_ch2_pwm.o ABSOLUTE
    ..\\CMSIS\\system_stm32f4xx.c            0x00000000   Number         0  system_stm32f4xx.o ABSOLUTE
    ..\\User\\src\\exti.c                    0x00000000   Number         0  exti.o ABSOLUTE
    ..\\User\\src\\key.c                     0x00000000   Number         0  key.o ABSOLUTE
    ..\\User\\src\\led.c                     0x00000000   Number         0  led.o ABSOLUTE
    ..\\User\\src\\main.c                    0x00000000   Number         0  main.o ABSOLUTE
    ..\\User\\src\\motor.c                   0x00000000   Number         0  motor.o ABSOLUTE
    ..\\User\\src\\oled.c                    0x00000000   Number         0  oled.o ABSOLUTE
    ..\\User\\src\\spi.c                     0x00000000   Number         0  spi.o ABSOLUTE
    ..\\User\\src\\systick.c                 0x00000000   Number         0  systick.o ABSOLUTE
    ..\\User\\src\\tim2_ch3_pwm .c           0x00000000   Number         0  tim2_ch3_pwm .o ABSOLUTE
    ..\\User\\src\\tim3_ch2_pwm.c            0x00000000   Number         0  tim3_ch2_pwm.o ABSOLUTE
    dc.s                                     0x00000000   Number         0  dc.o ABSOLUTE
    handlers.s                               0x00000000   Number         0  handlers.o ABSOLUTE
    init.s                                   0x00000000   Number         0  init.o ABSOLUTE
    RESET                                    0x08000000   Section      392  startup_stm32f40_41xxx.o(RESET)
    .ARM.Collect$$$$00000000                 0x08000188   Section        0  entry.o(.ARM.Collect$$$$00000000)
    .ARM.Collect$$$$00000001                 0x08000188   Section        4  entry2.o(.ARM.Collect$$$$00000001)
    .ARM.Collect$$$$00000004                 0x0800018c   Section        4  entry5.o(.ARM.Collect$$$$00000004)
    .ARM.Collect$$$$00000008                 0x08000190   Section        0  entry7b.o(.ARM.Collect$$$$00000008)
    .ARM.Collect$$$$0000000A                 0x08000190   Section        0  entry8b.o(.ARM.Collect$$$$0000000A)
    .ARM.Collect$$$$0000000B                 0x08000190   Section        8  entry9a.o(.ARM.Collect$$$$0000000B)
    .ARM.Collect$$$$0000000D                 0x08000198   Section        0  entry10a.o(.ARM.Collect$$$$0000000D)
    .ARM.Collect$$$$0000000F                 0x08000198   Section        0  entry11a.o(.ARM.Collect$$$$0000000F)
    .ARM.Collect$$$$00002712                 0x08000198   Section        4  entry2.o(.ARM.Collect$$$$00002712)
    __lit__00000000                          0x08000198   Data           4  entry2.o(.ARM.Collect$$$$00002712)
    .text                                    0x0800019c   Section       36  startup_stm32f40_41xxx.o(.text)
    .text                                    0x080001c0   Section        0  strlen.o(.text)
    .text                                    0x080001d0   Section       36  init.o(.text)
    .text                                    0x080001f4   Section        0  __dczerorl2.o(.text)
    i.Delay_ms                               0x0800024a   Section        0  systick.o(i.Delay_ms)
    i.LED_Init                               0x08000294   Section        0  led.o(i.LED_Init)
    i.OLED_Init                              0x080002f4   Section        0  oled.o(i.OLED_Init)
    i.OLED_clear                             0x080003f8   Section        0  oled.o(i.OLED_clear)
    i.OLED_deSelect                          0x08000438   Section        0  oled.o(i.OLED_deSelect)
    i.OLED_pinInit                           0x08000444   Section        0  oled.o(i.OLED_pinInit)
    i.OLED_reset                             0x08000504   Section        0  oled.o(i.OLED_reset)
    i.OLED_select                            0x08000528   Section        0  oled.o(i.OLED_select)
    i.OLED_setPos                            0x08000534   Section        0  oled.o(i.OLED_setPos)
    i.OLED_showCHinese                       0x08000568   Section        0  oled.o(i.OLED_showCHinese)
    i.OLED_showChString                      0x080005c4   Section        0  oled.o(i.OLED_showChString)
    i.OLED_showChar                          0x0800060c   Section        0  oled.o(i.OLED_showChar)
    i.OLED_showHzString                      0x08000734   Section        0  oled.o(i.OLED_showHzString)
    i.OLED_writeByte                         0x08000774   Section        0  oled.o(i.OLED_writeByte)
    i.SPI_Init                               0x080007a4   Section        0  spi.o(i.SPI_Init)
    i.SPI_ReceiveByte                        0x08000878   Section        0  spi.o(i.SPI_ReceiveByte)
    i.SetSysClock                            0x080008a8   Section        0  system_stm32f4xx.o(i.SetSysClock)
    SetSysClock                              0x080008a9   Thumb Code   138  system_stm32f4xx.o(i.SetSysClock)
    i.SystemInit                             0x08000944   Section        0  system_stm32f4xx.o(i.SystemInit)
    i.__scatterload_copy                     0x080009a0   Section       14  handlers.o(i.__scatterload_copy)
    i.__scatterload_null                     0x080009ae   Section        2  handlers.o(i.__scatterload_null)
    i.__scatterload_zeroinit                 0x080009b0   Section       14  handlers.o(i.__scatterload_zeroinit)
    i.main                                   0x080009c0   Section        0  main.o(i.main)
    .constdata                               0x08000a14   Section     3368  oled.o(.constdata)
    .data                                    0x20000000   Section     1097  oled.o(.data)
    STACK                                    0x20000450   Section     1024  startup_stm32f40_41xxx.o(STACK)

    Global Symbols

    Symbol Name                              Value     Ov Type        Size  Object(Section)

    BuildAttributes$$THM_ISAv4$E$P$D$K$B$S$7EM$PE$A:L22UL41UL21$X:L11$S22US41US21$IEEE1$IW$USESV6$~STKCKD$USESV7$~SHL$OSPACE$EBA8$MICROLIB$REQ8$PRES8$EABIv2 0x00000000   Number         0  anon$$obj.o ABSOLUTE
    __ARM_use_no_argv                        0x00000000   Number         0  main.o ABSOLUTE
    __cpp_initialize__aeabi_                  - Undefined Weak Reference
    __cxa_finalize                            - Undefined Weak Reference
    _clock_init                               - Undefined Weak Reference
    _microlib_exit                            - Undefined Weak Reference
    __Vectors_Size                           0x00000188   Number         0  startup_stm32f40_41xxx.o ABSOLUTE
    __Vectors                                0x08000000   Data           4  startup_stm32f40_41xxx.o(RESET)
    __Vectors_End                            0x08000188   Data           0  startup_stm32f40_41xxx.o(RESET)
    __main                                   0x08000189   Thumb Code     0  entry.o(.ARM.Collect$$$$00000000)
    _main_stk                                0x08000189   Thumb Code     0  entry2.o(.ARM.Collect$$$$00000001)
    _main_scatterload                        0x0800018d   Thumb Code     0  entry5.o(.ARM.Collect$$$$00000004)
    __main_after_scatterload                 0x08000191   Thumb Code     0  entry5.o(.ARM.Collect$$$$00000004)
    _main_clock                              0x08000191   Thumb Code     0  entry7b.o(.ARM.Collect$$$$00000008)
    _main_cpp_init                           0x08000191   Thumb Code     0  entry8b.o(.ARM.Collect$$$$0000000A)
    _main_init                               0x08000191   Thumb Code     0  entry9a.o(.ARM.Collect$$$$0000000B)
    __rt_final_cpp                           0x08000199   Thumb Code     0  entry10a.o(.ARM.Collect$$$$0000000D)
    __rt_final_exit                          0x08000199   Thumb Code     0  entry11a.o(.ARM.Collect$$$$0000000F)
    Reset_Handler                            0x0800019d   Thumb Code     8  startup_stm32f40_41xxx.o(.text)
    NMI_Handler                              0x080001a5   Thumb Code     2  startup_stm32f40_41xxx.o(.text)
    HardFault_Handler                        0x080001a7   Thumb Code     2  startup_stm32f40_41xxx.o(.text)
    MemManage_Handler                        0x080001a9   Thumb Code     2  startup_stm32f40_41xxx.o(.text)
    BusFault_Handler                         0x080001ab   Thumb Code     2  startup_stm32f40_41xxx.o(.text)
    UsageFault_Handler                       0x080001ad   Thumb Code     2  startup_stm32f40_41xxx.o(.text)
    SVC_Handler                              0x080001af   Thumb Code     2  startup_stm32f40_41xxx.o(.text)
    DebugMon_Handler                         0x080001b1   Thumb Code     2  startup_stm32f40_41xxx.o(.text)
    PendSV_Handler                           0x080001b3   Thumb Code     2  startup_stm32f40_41xxx.o(.text)
    SysTick_Handler                          0x080001b5   Thumb Code     2  startup_stm32f40_41xxx.o(.text)
    ADC_IRQHandler                           0x080001b7   Thumb Code     0  startup_stm32f40_41xxx.o(.text)
    CAN1_RX0_IRQHandler                      0x080001b7   Thumb Code     0  startup_stm32f40_41xxx.o(.text)
    CAN1_RX1_IRQHandler                      0x080001b7   Thumb Code     0  startup_stm32f40_41xxx.o(.text)
    CAN1_SCE_IRQHandler                      0x080001b7   Thumb Code     0  startup_stm32f40_41xxx.o(.text)
    CAN1_TX_IRQHandler                       0x080001b7   Thumb Code     0  startup_stm32f40_41xxx.o(.text)
    CAN2_RX0_IRQHandler                      0x080001b7   Thumb Code     0  startup_stm32f40_41xxx.o(.text)
    CAN2_RX1_IRQHandler                      0x080001b7   Thumb Code     0  startup_stm32f40_41xxx.o(.text)
    CAN2_SCE_IRQHandler                      0x080001b7   Thumb Code     0  startup_stm32f40_41xxx.o(.text)
    CAN2_TX_IRQHandler                       0x080001b7   Thumb Code     0  startup_stm32f40_41xxx.o(.text)
    CRYP_IRQHandler                          0x080001b7   Thumb Code     0  startup_stm32f40_41xxx.o(.text)
    DCMI_IRQHandler                          0x080001b7   Thumb Code     0  startup_stm32f40_41xxx.o(.text)
    DMA1_Stream0_IRQHandler                  0x080001b7   Thumb Code     0  startup_stm32f40_41xxx.o(.text)
    DMA1_Stream1_IRQHandler                  0x080001b7   Thumb Code     0  startup_stm32f40_41xxx.o(.text)
    DMA1_Stream2_IRQHandler                  0x080001b7   Thumb Code     0  startup_stm32f40_41xxx.o(.text)
    DMA1_Stream3_IRQHandler                  0x080001b7   Thumb Code     0  startup_stm32f40_41xxx.o(.text)
    DMA1_Stream4_IRQHandler                  0x080001b7   Thumb Code     0  startup_stm32f40_41xxx.o(.text)
    DMA1_Stream5_IRQHandler                  0x080001b7   Thumb Code     0  startup_stm32f40_41xxx.o(.text)
    DMA1_Stream6_IRQHandler                  0x080001b7   Thumb Code     0  startup_stm32f40_41xxx.o(.text)
    DMA1_Stream7_IRQHandler                  0x080001b7   Thumb Code     0  startup_stm32f40_41xxx.o(.text)
    DMA2_Stream0_IRQHandler                  0x080001b7   Thumb Code     0  startup_stm32f40_41xxx.o(.text)
    DMA2_Stream1_IRQHandler                  0x080001b7   Thumb Code     0  startup_stm32f40_41xxx.o(.text)
    DMA2_Stream2_IRQHandler                  0x080001b7   Thumb Code     0  startup_stm32f40_41xxx.o(.text)
    DMA2_Stream3_IRQHandler                  0x080001b7   Thumb Code     0  startup_stm32f40_41xxx.o(.text)
    DMA2_Stream4_IRQHandler                  0x080001b7   Thumb Code     0  startup_stm32f40_41xxx.o(.text)
    DMA2_Stream5_IRQHandler                  0x080001b7   Thumb Code     0  startup_stm32f40_41xxx.o(.text)
    DMA2_Stream6_IRQHandler                  0x080001b7   Thumb Code     0  startup_stm32f40_41xxx.o(.text)
    DMA2_Stream7_IRQHandler                  0x080001b7   Thumb Code     0  startup_stm32f40_41xxx.o(.text)
    ETH_IRQHandler                           0x080001b7   Thumb Code     0  startup_stm32f40_41xxx.o(.text)
    ETH_WKUP_IRQHandler                      0x080001b7   Thumb Code     0  startup_stm32f40_41xxx.o(.text)
    EXTI0_IRQHandler                         0x080001b7   Thumb Code     0  startup_stm32f40_41xxx.o(.text)
    EXTI15_10_IRQHandler                     0x080001b7   Thumb Code     0  startup_stm32f40_41xxx.o(.text)
    EXTI1_IRQHandler                         0x080001b7   Thumb Code     0  startup_stm32f40_41xxx.o(.text)
    EXTI2_IRQHandler                         0x080001b7   Thumb Code     0  startup_stm32f40_41xxx.o(.text)
    EXTI3_IRQHandler                         0x080001b7   Thumb Code     0  startup_stm32f40_41xxx.o(.text)
    EXTI4_IRQHandler                         0x080001b7   Thumb Code     0  startup_stm32f40_41xxx.o(.text)
    EXTI9_5_IRQHandler                       0x080001b7   Thumb Code     0  startup_stm32f40_41xxx.o(.text)
    FLASH_IRQHandler                         0x080001b7   Thumb Code     0  startup_stm32f40_41xxx.o(.text)
    FPU_IRQHandler                           0x080001b7   Thumb Code     0  startup_stm32f40_41xxx.o(.text)
    FSMC_IRQHandler                          0x080001b7   Thumb Code     0  startup_stm32f40_41xxx.o(.text)
    HASH_RNG_IRQHandler                      0x080001b7   Thumb Code     0  startup_stm32f40_41xxx.o(.text)
    I2C1_ER_IRQHandler                       0x080001b7   Thumb Code     0  startup_stm32f40_41xxx.o(.text)
    I2C1_EV_IRQHandler                       0x080001b7   Thumb Code     0  startup_stm32f40_41xxx.o(.text)
    I2C2_ER_IRQHandler                       0x080001b7   Thumb Code     0  startup_stm32f40_41xxx.o(.text)
    I2C2_EV_IRQHandler                       0x080001b7   Thumb Code     0  startup_stm32f40_41xxx.o(.text)
    I2C3_ER_IRQHandler                       0x080001b7   Thumb Code     0  startup_stm32f40_41xxx.o(.text)
    I2C3_EV_IRQHandler                       0x080001b7   Thumb Code     0  startup_stm32f40_41xxx.o(.text)
    OTG_FS_IRQHandler                        0x080001b7   Thumb Code     0  startup_stm32f40_41xxx.o(.text)
    OTG_FS_WKUP_IRQHandler                   0x080001b7   Thumb Code     0  startup_stm32f40_41xxx.o(.text)
    OTG_HS_EP1_IN_IRQHandler                 0x080001b7   Thumb Code     0  startup_stm32f40_41xxx.o(.text)
    OTG_HS_EP1_OUT_IRQHandler                0x080001b7   Thumb Code     0  startup_stm32f40_41xxx.o(.text)
    OTG_HS_IRQHandler                        0x080001b7   Thumb Code     0  startup_stm32f40_41xxx.o(.text)
    OTG_HS_WKUP_IRQHandler                   0x080001b7   Thumb Code     0  startup_stm32f40_41xxx.o(.text)
    PVD_IRQHandler                           0x080001b7   Thumb Code     0  startup_stm32f40_41xxx.o(.text)
    RCC_IRQHandler                           0x080001b7   Thumb Code     0  startup_stm32f40_41xxx.o(.text)
    RTC_Alarm_IRQHandler                     0x080001b7   Thumb Code     0  startup_stm32f40_41xxx.o(.text)
    RTC_WKUP_IRQHandler                      0x080001b7   Thumb Code     0  startup_stm32f40_41xxx.o(.text)
    SDIO_IRQHandler                          0x080001b7   Thumb Code     0  startup_stm32f40_41xxx.o(.text)
    SPI1_IRQHandler                          0x080001b7   Thumb Code     0  startup_stm32f40_41xxx.o(.text)
    SPI2_IRQHandler                          0x080001b7   Thumb Code     0  startup_stm32f40_41xxx.o(.text)
    SPI3_IRQHandler                          0x080001b7   Thumb Code     0  startup_stm32f40_41xxx.o(.text)
    TAMP_STAMP_IRQHandler                    0x080001b7   Thumb Code     0  startup_stm32f40_41xxx.o(.text)
    TIM1_BRK_TIM9_IRQHandler                 0x080001b7   Thumb Code     0  startup_stm32f40_41xxx.o(.text)
    TIM1_CC_IRQHandler                       0x080001b7   Thumb Code     0  startup_stm32f40_41xxx.o(.text)
    TIM1_TRG_COM_TIM11_IRQHandler            0x080001b7   Thumb Code     0  startup_stm32f40_41xxx.o(.text)
    TIM1_UP_TIM10_IRQHandler                 0x080001b7   Thumb Code     0  startup_stm32f40_41xxx.o(.text)
    TIM2_IRQHandler                          0x080001b7   Thumb Code     0  startup_stm32f40_41xxx.o(.text)
    TIM3_IRQHandler                          0x080001b7   Thumb Code     0  startup_stm32f40_41xxx.o(.text)
    TIM4_IRQHandler                          0x080001b7   Thumb Code     0  startup_stm32f40_41xxx.o(.text)
    TIM5_IRQHandler                          0x080001b7   Thumb Code     0  startup_stm32f40_41xxx.o(.text)
    TIM6_DAC_IRQHandler                      0x080001b7   Thumb Code     0  startup_stm32f40_41xxx.o(.text)
    TIM7_IRQHandler                          0x080001b7   Thumb Code     0  startup_stm32f40_41xxx.o(.text)
    TIM8_BRK_TIM12_IRQHandler                0x080001b7   Thumb Code     0  startup_stm32f40_41xxx.o(.text)
    TIM8_CC_IRQHandler                       0x080001b7   Thumb Code     0  startup_stm32f40_41xxx.o(.text)
    TIM8_TRG_COM_TIM14_IRQHandler            0x080001b7   Thumb Code     0  startup_stm32f40_41xxx.o(.text)
    TIM8_UP_TIM13_IRQHandler                 0x080001b7   Thumb Code     0  startup_stm32f40_41xxx.o(.text)
    UART4_IRQHandler                         0x080001b7   Thumb Code     0  startup_stm32f40_41xxx.o(.text)
    UART5_IRQHandler                         0x080001b7   Thumb Code     0  startup_stm32f40_41xxx.o(.text)
    USART1_IRQHandler                        0x080001b7   Thumb Code     0  startup_stm32f40_41xxx.o(.text)
    USART2_IRQHandler                        0x080001b7   Thumb Code     0  startup_stm32f40_41xxx.o(.text)
    USART3_IRQHandler                        0x080001b7   Thumb Code     0  startup_stm32f40_41xxx.o(.text)
    USART6_IRQHandler                        0x080001b7   Thumb Code     0  startup_stm32f40_41xxx.o(.text)
    WWDG_IRQHandler                          0x080001b7   Thumb Code     0  startup_stm32f40_41xxx.o(.text)
    strlen                                   0x080001c1   Thumb Code    14  strlen.o(.text)
    __scatterload                            0x080001d1   Thumb Code    28  init.o(.text)
    __scatterload_rt2                        0x080001d1   Thumb Code     0  init.o(.text)
    __decompress                             0x080001f5   Thumb Code     0  __dczerorl2.o(.text)
    __decompress1                            0x080001f5   Thumb Code    86  __dczerorl2.o(.text)
    Delay_ms                                 0x0800024b   Thumb Code    72  systick.o(i.Delay_ms)
    LED_Init                                 0x08000295   Thumb Code    86  led.o(i.LED_Init)
    OLED_Init                                0x080002f5   Thumb Code   260  oled.o(i.OLED_Init)
    OLED_clear                               0x080003f9   Thumb Code    64  oled.o(i.OLED_clear)
    OLED_deSelect                            0x08000439   Thumb Code     8  oled.o(i.OLED_deSelect)
    OLED_pinInit                             0x08000445   Thumb Code   180  oled.o(i.OLED_pinInit)
    OLED_reset                               0x08000505   Thumb Code    30  oled.o(i.OLED_reset)
    OLED_select                              0x08000529   Thumb Code     8  oled.o(i.OLED_select)
    OLED_setPos                              0x08000535   Thumb Code    50  oled.o(i.OLED_setPos)
    OLED_showCHinese                         0x08000569   Thumb Code    88  oled.o(i.OLED_showCHinese)
    OLED_showChString                        0x080005c5   Thumb Code    72  oled.o(i.OLED_showChString)
    OLED_showChar                            0x0800060d   Thumb Code   282  oled.o(i.OLED_showChar)
    OLED_showHzString                        0x08000735   Thumb Code    58  oled.o(i.OLED_showHzString)
    OLED_writeByte                           0x08000775   Thumb Code    42  oled.o(i.OLED_writeByte)
    SPI_Init                                 0x080007a5   Thumb Code   190  spi.o(i.SPI_Init)
    SPI_ReceiveByte                          0x08000879   Thumb Code    42  spi.o(i.SPI_ReceiveByte)
    SystemInit                               0x08000945   Thumb Code    74  system_stm32f4xx.o(i.SystemInit)
    __scatterload_copy                       0x080009a1   Thumb Code    14  handlers.o(i.__scatterload_copy)
    __scatterload_null                       0x080009af   Thumb Code     2  handlers.o(i.__scatterload_null)
    __scatterload_zeroinit                   0x080009b1   Thumb Code    14  handlers.o(i.__scatterload_zeroinit)
    main                                     0x080009c1   Thumb Code    62  main.o(i.main)
    F8X16                                    0x08000a14   Data        1520  oled.o(.constdata)
    F6x8                                     0x08001004   Data         552  oled.o(.constdata)
    F16X24                                   0x0800122c   Data        1296  oled.o(.constdata)
    Region$$Table$$Base                      0x0800173c   Number         0  anon$$obj.o(Region$$Table)
    Region$$Table$$Limit                     0x0800175c   Number         0  anon$$obj.o(Region$$Table)
    hz_index                                 0x20000000   Data           9  oled.o(.data)
    Hzk                                      0x20000009   Data        1088  oled.o(.data)
    __initial_sp                             0x20000850   Data           0  startup_stm32f40_41xxx.o(STACK)



==============================================================================

Memory Map of the image

  Image Entry point : 0x08000189

  Load Region LR_IROM1 (Base: 0x08000000, Size: 0x00001ba8, Max: 0x00080000, ABSOLUTE, COMPRESSED[0x0000191c])

    Execution Region ER_IROM1 (Base: 0x08000000, Size: 0x0000175c, Max: 0x00080000, ABSOLUTE)

    Base Addr    Size         Type   Attr      Idx    E Section Name        Object

    0x08000000   0x00000188   Data   RO           62    RESET               startup_stm32f40_41xxx.o
    0x08000188   0x00000000   Code   RO          399  * .ARM.Collect$$$$00000000  mc_w.l(entry.o)
    0x08000188   0x00000004   Code   RO          404    .ARM.Collect$$$$00000001  mc_w.l(entry2.o)
    0x0800018c   0x00000004   Code   RO          407    .ARM.Collect$$$$00000004  mc_w.l(entry5.o)
    0x08000190   0x00000000   Code   RO          409    .ARM.Collect$$$$00000008  mc_w.l(entry7b.o)
    0x08000190   0x00000000   Code   RO          411    .ARM.Collect$$$$0000000A  mc_w.l(entry8b.o)
    0x08000190   0x00000008   Code   RO          412    .ARM.Collect$$$$0000000B  mc_w.l(entry9a.o)
    0x08000198   0x00000000   Code   RO          414    .ARM.Collect$$$$0000000D  mc_w.l(entry10a.o)
    0x08000198   0x00000000   Code   RO          416    .ARM.Collect$$$$0000000F  mc_w.l(entry11a.o)
    0x08000198   0x00000004   Code   RO          405    .ARM.Collect$$$$00002712  mc_w.l(entry2.o)
    0x0800019c   0x00000024   Code   RO           63    .text               startup_stm32f40_41xxx.o
    0x080001c0   0x0000000e   Code   RO          402    .text               mc_w.l(strlen.o)
    0x080001ce   0x00000002   PAD
    0x080001d0   0x00000024   Code   RO          418    .text               mc_w.l(init.o)
    0x080001f4   0x00000056   Code   RO          428    .text               mc_w.l(__dczerorl2.o)
    0x0800024a   0x00000048   Code   RO          147    i.Delay_ms          systick.o
    0x08000292   0x00000002   PAD
    0x08000294   0x00000060   Code   RO          127    i.LED_Init          led.o
    0x080002f4   0x00000104   Code   RO          305    i.OLED_Init         oled.o
    0x080003f8   0x00000040   Code   RO          306    i.OLED_clear        oled.o
    0x08000438   0x0000000c   Code   RO          307    i.OLED_deSelect     oled.o
    0x08000444   0x000000c0   Code   RO          308    i.OLED_pinInit      oled.o
    0x08000504   0x00000024   Code   RO          309    i.OLED_reset        oled.o
    0x08000528   0x0000000c   Code   RO          310    i.OLED_select       oled.o
    0x08000534   0x00000032   Code   RO          311    i.OLED_setPos       oled.o
    0x08000566   0x00000002   PAD
    0x08000568   0x0000005c   Code   RO          312    i.OLED_showCHinese  oled.o
    0x080005c4   0x00000048   Code   RO          313    i.OLED_showChString  oled.o
    0x0800060c   0x00000128   Code   RO          314    i.OLED_showChar     oled.o
    0x08000734   0x00000040   Code   RO          315    i.OLED_showHzString  oled.o
    0x08000774   0x00000030   Code   RO          316    i.OLED_writeByte    oled.o
    0x080007a4   0x000000d4   Code   RO          279    i.SPI_Init          spi.o
    0x08000878   0x00000030   Code   RO          280    i.SPI_ReceiveByte   spi.o
    0x080008a8   0x0000009c   Code   RO            3    i.SetSysClock       system_stm32f4xx.o
    0x08000944   0x0000005c   Code   RO            5    i.SystemInit        system_stm32f4xx.o
    0x080009a0   0x0000000e   Code   RO          422    i.__scatterload_copy  mc_w.l(handlers.o)
    0x080009ae   0x00000002   Code   RO          423    i.__scatterload_null  mc_w.l(handlers.o)
    0x080009b0   0x0000000e   Code   RO          424    i.__scatterload_zeroinit  mc_w.l(handlers.o)
    0x080009be   0x00000002   PAD
    0x080009c0   0x00000054   Code   RO           69    i.main              main.o
    0x08000a14   0x00000d28   Data   RO          317    .constdata          oled.o
    0x0800173c   0x00000020   Data   RO          420    Region$$Table       anon$$obj.o


    Execution Region RW_IRAM1 (Base: 0x20000000, Size: 0x00000850, Max: 0x00020000, ABSOLUTE, COMPRESSED[0x000001c0])

    Base Addr    Size         Type   Attr      Idx    E Section Name        Object

    0x20000000   0x00000449   Data   RW          318    .data               oled.o
    0x20000449   0x00000007   PAD
    0x20000450   0x00000400   Zero   RW           60    STACK               startup_stm32f40_41xxx.o


==============================================================================

Image component sizes


      Code (inc. data)   RO Data    RW Data    ZI Data      Debug   Object Name

        96         10          0          0          0        415   led.o
        84         22          0          0          0        451   main.o
      1198         56       3368       1097          0       7706   oled.o
       260         28          0          0          0        949   spi.o
        36          8        392          0       1024        784   startup_stm32f40_41xxx.o
       248         36          0          0          0     201997   system_stm32f4xx.o
        72          0          0          0          0        459   systick.o

    ----------------------------------------------------------------------
      1998        160       3792       1100       1028     212761   Object Totals
         0          0         32          0          0          0   (incl. Generated)
         4          0          0          3          4          0   (incl. Padding)

    ----------------------------------------------------------------------

      Code (inc. data)   RO Data    RW Data    ZI Data      Debug   Library Member Name

        86          0          0          0          0          0   __dczerorl2.o
         0          0          0          0          0          0   entry.o
         0          0          0          0          0          0   entry10a.o
         0          0          0          0          0          0   entry11a.o
         8          4          0          0          0          0   entry2.o
         4          0          0          0          0          0   entry5.o
         0          0          0          0          0          0   entry7b.o
         0          0          0          0          0          0   entry8b.o
         8          4          0          0          0          0   entry9a.o
        30          0          0          0          0          0   handlers.o
        36          8          0          0          0         68   init.o
        14          0          0          0          0         68   strlen.o

    ----------------------------------------------------------------------
       190         16          0          0          0        136   Library Totals
         4          0          0          0          0          0   (incl. Padding)

    ----------------------------------------------------------------------

      Code (inc. data)   RO Data    RW Data    ZI Data      Debug   Library Name

       186         16          0          0          0        136   mc_w.l

    -----------