Component: ARM Compiler 5.06 update 4 (build 422) Tool: armlink [4d35d2]

==============================================================================

Section Cross References

    system_stm32f4xx.o(i.SystemCoreClockUpdate) refers to system_stm32f4xx.o(.data) for SystemCoreClock
    system_stm32f4xx.o(i.SystemInit) refers to system_stm32f4xx.o(i.SetSysClock) for SetSysClock
    startup_stm32f40_41xxx.o(RESET) refers to startup_stm32f40_41xxx.o(STACK) for __initial_sp
    startup_stm32f40_41xxx.o(RESET) refers to startup_stm32f40_41xxx.o(.text) for Reset_Handler
    startup_stm32f40_41xxx.o(.text) refers to system_stm32f4xx.o(i.SystemInit) for SystemInit
    startup_stm32f40_41xxx.o(.text) refers to entry.o(.ARM.Collect$$$$00000000) for __main
    main.o(i.main) refers to spi.o(i.SPI_Init) for SPI_Init
    main.o(i.main) refers to led.o(i.LED_Init) for LED_Init
    main.o(i.main) refers to sht20.o(i.SHT20_Init) for SHT20_Init
    main.o(i.main) refers to oled.o(i.OLED_Init) for OLED_Init
    main.o(i.main) refers to sht20.o(i.SHT20_readTemAndHum) for SHT20_readTemAndHum
    main.o(i.main) refers to f2d.o(.text) for __aeabi_f2d
    main.o(i.main) refers to printfa.o(i.__0sprintf) for __2sprintf
    main.o(i.main) refers to oled.o(i.OLED_showChString) for OLED_showChString
    systick.o(i.IIC_Delay_us) refers to dflti.o(.text) for __aeabi_i2d
    systick.o(i.IIC_Delay_us) refers to dmul.o(.text) for __aeabi_dmul
    systick.o(i.IIC_Delay_us) refers to dfixui.o(.text) for __aeabi_d2uiz
    oled.o(i.OLED_Init) refers to oled.o(i.OLED_pinInit) for OLED_pinInit
    oled.o(i.OLED_Init) refers to oled.o(i.OLED_deSelect) for OLED_deSelect
    oled.o(i.OLED_Init) refers to oled.o(i.OLED_reset) for OLED_reset
    oled.o(i.OLED_Init) refers to oled.o(i.OLED_writeByte) for OLED_writeByte
    oled.o(i.OLED_Init) refers to oled.o(i.OLED_clear) for OLED_clear
    oled.o(i.OLED_Init) refers to oled.o(i.OLED_setPos) for OLED_setPos
    oled.o(i.OLED_clear) refers to oled.o(i.OLED_writeByte) for OLED_writeByte
    oled.o(i.OLED_drawBMP) refers to oled.o(i.OLED_setPos) for OLED_setPos
    oled.o(i.OLED_drawBMP) refers to oled.o(i.OLED_writeByte) for OLED_writeByte
    oled.o(i.OLED_eraseBMP) refers to oled.o(i.OLED_setPos) for OLED_setPos
    oled.o(i.OLED_eraseBMP) refers to oled.o(i.OLED_writeByte) for OLED_writeByte
    oled.o(i.OLED_reset) refers to systick.o(i.Delay_ms) for Delay_ms
    oled.o(i.OLED_setPos) refers to oled.o(i.OLED_writeByte) for OLED_writeByte
    oled.o(i.OLED_showCHinese) refers to oled.o(i.OLED_setPos) for OLED_setPos
    oled.o(i.OLED_showCHinese) refers to oled.o(i.OLED_writeByte) for OLED_writeByte
    oled.o(i.OLED_showCHinese) refers to oled.o(.data) for Hzk
    oled.o(i.OLED_showChString) refers to oled.o(i.OLED_showChar) for OLED_showChar
    oled.o(i.OLED_showChar) refers to oled.o(i.OLED_setPos) for OLED_setPos
    oled.o(i.OLED_showChar) refers to oled.o(i.OLED_writeByte) for OLED_writeByte
    oled.o(i.OLED_showChar) refers to oled.o(.constdata) for F16X24
    oled.o(i.OLED_showHzString) refers to oled.o(i.OLED_setPos) for OLED_setPos
    oled.o(i.OLED_showHzString) refers to oled.o(i.OLED_writeByte) for OLED_writeByte
    oled.o(i.OLED_showHzString) refers to strlen.o(.text) for strlen
    oled.o(i.OLED_showHzString) refers to oled.o(.data) for hz_index
    oled.o(i.OLED_writeByte) refers to oled.o(i.OLED_select) for OLED_select
    oled.o(i.OLED_writeByte) refers to spi.o(i.SPI_ReceiveByte) for SPI_ReceiveByte
    oled.o(i.OLED_writeByte) refers to oled.o(i.OLED_deSelect) for OLED_deSelect
    iic.o(i.IIC_Receiveack) refers to iic.o(i.IIC_SDA_Int) for IIC_SDA_Int
    iic.o(i.IIC_Receiveack) refers to systick.o(i.Delay_us) for Delay_us
    iic.o(i.IIC_Receivedate) refers to iic.o(i.IIC_SDA_Int) for IIC_SDA_Int
    iic.o(i.IIC_Receivedate) refers to systick.o(i.Delay_us) for Delay_us
    iic.o(i.IIC_Sendack) refers to iic.o(i.IIC_SDA_Out) for IIC_SDA_Out
    iic.o(i.IIC_Sendack) refers to systick.o(i.Delay_us) for Delay_us
    iic.o(i.IIC_Senddate) refers to iic.o(i.IIC_SDA_Out) for IIC_SDA_Out
    iic.o(i.IIC_Senddate) refers to systick.o(i.Delay_us) for Delay_us
    iic.o(i.IIC_Start) refers to iic.o(i.IIC_SDA_Out) for IIC_SDA_Out
    iic.o(i.IIC_Start) refers to systick.o(i.Delay_us) for Delay_us
    iic.o(i.IIC_Stop) refers to iic.o(i.IIC_SDA_Out) for IIC_SDA_Out
    iic.o(i.IIC_Stop) refers to systick.o(i.Delay_us) for Delay_us
    sht20.o(i.SHT20_Init) refers to sht20.o(i.SHT20_softReset) for SHT20_softReset
    sht20.o(i.SHT20_readTemAndHum) refers to sht20.o(i.SHT20_readTemOrHum) for SHT20_readTemOrHum
    sht20.o(i.SHT20_readTemAndHum) refers to sht20.o(.data) for temp_humi_Value
    sht20.o(i.SHT20_readTemOrHum) refers to sht20.o(i.SHT20_setResolution) for SHT20_setResolution
    sht20.o(i.SHT20_readTemOrHum) refers to iic.o(i.IIC_Start) for IIC_Start
    sht20.o(i.SHT20_readTemOrHum) refers to iic.o(i.IIC_Senddate) for IIC_Senddate
    sht20.o(i.SHT20_readTemOrHum) refers to iic.o(i.IIC_Receiveack) for IIC_Receiveack
    sht20.o(i.SHT20_readTemOrHum) refers to systick.o(i.IIC_Delay_us) for IIC_Delay_us
    sht20.o(i.SHT20_readTemOrHum) refers to iic.o(i.IIC_Receivedate) for IIC_Receivedate
    sht20.o(i.SHT20_readTemOrHum) refers to iic.o(i.IIC_Sendack) for IIC_Sendack
    sht20.o(i.SHT20_readTemOrHum) refers to iic.o(i.IIC_Stop) for IIC_Stop
    sht20.o(i.SHT20_readTemOrHum) refers to fflti.o(.text) for __aeabi_i2f
    sht20.o(i.SHT20_readTemOrHum) refers to fmul.o(.text) for __aeabi_fmul
    sht20.o(i.SHT20_readTemOrHum) refers to fdiv.o(.text) for __aeabi_fdiv
    sht20.o(i.SHT20_readTemOrHum) refers to fadd.o(.text) for __aeabi_fsub
    sht20.o(i.SHT20_setResolution) refers to iic.o(i.IIC_Start) for IIC_Start
    sht20.o(i.SHT20_setResolution) refers to iic.o(i.IIC_Senddate) for IIC_Senddate
    sht20.o(i.SHT20_setResolution) refers to iic.o(i.IIC_Receiveack) for IIC_Receiveack
    sht20.o(i.SHT20_setResolution) refers to iic.o(i.IIC_Stop) for IIC_Stop
    sht20.o(i.SHT20_softReset) refers to iic.o(i.IIC_Start) for IIC_Start
    sht20.o(i.SHT20_softReset) refers to iic.o(i.IIC_Senddate) for IIC_Senddate
    sht20.o(i.SHT20_softReset) refers to iic.o(i.IIC_Receiveack) for IIC_Receiveack
    sht20.o(i.SHT20_softReset) refers to iic.o(i.IIC_Stop) for IIC_Stop
    entry.o(.ARM.Collect$$$$00000000) refers (Special) to entry10a.o(.ARM.Collect$$$$0000000D) for __rt_final_cpp
    entry.o(.ARM.Collect$$$$00000000) refers (Special) to entry11a.o(.ARM.Collect$$$$0000000F) for __rt_final_exit
    entry.o(.ARM.Collect$$$$00000000) refers (Special) to entry7b.o(.ARM.Collect$$$$00000008) for _main_clock
    entry.o(.ARM.Collect$$$$00000000) refers (Special) to entry8b.o(.ARM.Collect$$$$0000000A) for _main_cpp_init
    entry.o(.ARM.Collect$$$$00000000) refers (Special) to entry9a.o(.ARM.Collect$$$$0000000B) for _main_init
    entry.o(.ARM.Collect$$$$00000000) refers (Special) to entry5.o(.ARM.Collect$$$$00000004) for _main_scatterload
    entry.o(.ARM.Collect$$$$00000000) refers (Special) to entry2.o(.ARM.Collect$$$$00000001) for _main_stk
    printfb.o(i.__0fprintf$bare) refers to printfb.o(i._printf_core) for _printf_core
    printfb.o(i.__0fprintf$bare) refers to fputc.o(i.fputc) for fputc
    printfb.o(i.__0printf$bare) refers to printfb.o(i._printf_core) for _printf_core
    printfb.o(i.__0printf$bare) refers to fputc.o(i.fputc) for fputc
    printfb.o(i.__0printf$bare) refers to stdout.o(.data) for __stdout
    printfb.o(i.__0snprintf$bare) refers to printfb.o(i._printf_core) for _printf_core
    printfb.o(i.__0snprintf$bare) refers to printfb.o(i._snputc) for _snputc
    printfb.o(i.__0sprintf$bare) refers to printfb.o(i._printf_core) for _printf_core
    printfb.o(i.__0sprintf$bare) refers to printfb.o(i._sputc) for _sputc
    printfb.o(i.__0vfprintf$bare) refers to printfb.o(i._printf_core) for _printf_core
    printfb.o(i.__0vfprintf$bare) refers to fputc.o(i.fputc) for fputc
    printfb.o(i.__0vprintf$bare) refers to printfb.o(i._printf_core) for _printf_core
    printfb.o(i.__0vprintf$bare) refers to fputc.o(i.fputc) for fputc
    printfb.o(i.__0vprintf$bare) refers to stdout.o(.data) for __stdout
    printfb.o(i.__0vsnprintf$bare) refers to printfb.o(i._printf_core) for _printf_core
    printfb.o(i.__0vsnprintf$bare) refers to printfb.o(i._snputc) for _snputc
    printfb.o(i.__0vsprintf$bare) refers to printfb.o(i._printf_core) for _printf_core
    printfb.o(i.__0vsprintf$bare) refers to printfb.o(i._sputc) for _sputc
    printf0.o(i.__0fprintf$0) refers to printf0.o(i._printf_core) for _printf_core
    printf0.o(i.__0fprintf$0) refers to fputc.o(i.fputc) for fputc
    printf0.o(i.__0printf$0) refers to printf0.o(i._printf_core) for _printf_core
    printf0.o(i.__0printf$0) refers to fputc.o(i.fputc) for fputc
    printf0.o(i.__0printf$0) refers to stdout.o(.data) for __stdout
    printf0.o(i.__0snprintf$0) refers to printf0.o(i._printf_core) for _printf_core
    printf0.o(i.__0snprintf$0) refers to printf0.o(i._snputc) for _snputc
    printf0.o(i.__0sprintf$0) refers to printf0.o(i._printf_core) for _printf_core
    printf0.o(i.__0sprintf$0) refers to printf0.o(i._sputc) for _sputc
    printf0.o(i.__0vfprintf$0) refers to printf0.o(i._printf_core) for _printf_core
    printf0.o(i.__0vfprintf$0) refers to fputc.o(i.fputc) for fputc
    printf0.o(i.__0vprintf$0) refers to printf0.o(i._printf_core) for _printf_core
    printf0.o(i.__0vprintf$0) refers to fputc.o(i.fputc) for fputc
    printf0.o(i.__0vprintf$0) refers to stdout.o(.data) for __stdout
    printf0.o(i.__0vsnprintf$0) refers to printf0.o(i._printf_core) for _printf_core
    printf0.o(i.__0vsnprintf$0) refers to printf0.o(i._snputc) for _snputc
    printf0.o(i.__0vsprintf$0) refers to printf0.o(i._printf_core) for _printf_core
    printf0.o(i.__0vsprintf$0) refers to printf0.o(i._sputc) for _sputc
    printf1.o(i.__0fprintf$1) refers to printf1.o(i._printf_core) for _printf_core
    printf1.o(i.__0fprintf$1) refers to fputc.o(i.fputc) for fputc
    printf1.o(i.__0printf$1) refers to printf1.o(i._printf_core) for _printf_core
    printf1.o(i.__0printf$1) refers to fputc.o(i.fputc) for fputc
    printf1.o(i.__0printf$1) refers to stdout.o(.data) for __stdout
    printf1.o(i.__0snprintf$1) refers to printf1.o(i._printf_core) for _printf_core
    printf1.o(i.__0snprintf$1) refers to printf1.o(i._snputc) for _snputc
    printf1.o(i.__0sprintf$1) refers to printf1.o(i._printf_core) for _printf_core
    printf1.o(i.__0sprintf$1) refers to printf1.o(i._sputc) for _sputc
    printf1.o(i.__0vfprintf$1) refers to printf1.o(i._printf_core) for _printf_core
    printf1.o(i.__0vfprintf$1) refers to fputc.o(i.fputc) for fputc
    printf1.o(i.__0vprintf$1) refers to printf1.o(i._printf_core) for _printf_core
    printf1.o(i.__0vprintf$1) refers to fputc.o(i.fputc) for fputc
    printf1.o(i.__0vprintf$1) refers to stdout.o(.data) for __stdout
    printf1.o(i.__0vsnprintf$1) refers to printf1.o(i._printf_core) for _printf_core
    printf1.o(i.__0vsnprintf$1) refers to printf1.o(i._snputc) for _snputc
    printf1.o(i.__0vsprintf$1) refers to printf1.o(i._printf_core) for _printf_core
    printf1.o(i.__0vsprintf$1) refers to printf1.o(i._sputc) for _sputc
    printf1.o(i._printf_core) refers to uidiv.o(.text) for __aeabi_uidivmod
    printf2.o(i.__0fprintf$2) refers to printf2.o(i._printf_core) for _printf_core
    printf2.o(i.__0fprintf$2) refers to fputc.o(i.fputc) for fputc
    printf2.o(i.__0printf$2) refers to printf2.o(i._printf_core) for _printf_core
    printf2.o(i.__0printf$2) refers to fputc.o(i.fputc) for fputc
    printf2.o(i.__0printf$2) refers to stdout.o(.data) for __stdout
    printf2.o(i.__0snprintf$2) refers to printf2.o(i._printf_core) for _printf_core
    printf2.o(i.__0snprintf$2) refers to printf2.o(i._snputc) for _snputc
    printf2.o(i.__0sprintf$2) refers to printf2.o(i._printf_core) for _printf_core
    printf2.o(i.__0sprintf$2) refers to printf2.o(i._sputc) for _sputc
    printf2.o(i.__0vfprintf$2) refers to printf2.o(i._printf_core) for _printf_core
    printf2.o(i.__0vfprintf$2) refers to fputc.o(i.fputc) for fputc
    printf2.o(i.__0vprintf$2) refers to printf2.o(i._printf_core) for _printf_core
    printf2.o(i.__0vprintf$2) refers to fputc.o(i.fputc) for fputc
    printf2.o(i.__0vprintf$2) refers to stdout.o(.data) for __stdout
    printf2.o(i.__0vsnprintf$2) refers to printf2.o(i._printf_core) for _printf_core
    printf2.o(i.__0vsnprintf$2) refers to printf2.o(i._snputc) for _snputc
    printf2.o(i.__0vsprintf$2) refers to printf2.o(i._printf_core) for _printf_core
    printf2.o(i.__0vsprintf$2) refers to printf2.o(i._sputc) for _sputc
    printf3.o(i.__0fprintf$3) refers to printf3.o(i._printf_core) for _printf_core
    printf3.o(i.__0fprintf$3) refers to fputc.o(i.fputc) for fputc
    printf3.o(i.__0printf$3) refers to printf3.o(i._printf_core) for _printf_core
    printf3.o(i.__0printf$3) refers to fputc.o(i.fputc) for fputc
    printf3.o(i.__0printf$3) refers to stdout.o(.data) for __stdout
    printf3.o(i.__0snprintf$3) refers to printf3.o(i._printf_core) for _printf_core
    printf3.o(i.__0snprintf$3) refers to printf3.o(i._snputc) for _snputc
    printf3.o(i.__0sprintf$3) refers to printf3.o(i._printf_core) for _printf_core
    printf3.o(i.__0sprintf$3) refers to printf3.o(i._sputc) for _sputc
    printf3.o(i.__0vfprintf$3) refers to printf3.o(i._printf_core) for _printf_core
    printf3.o(i.__0vfprintf$3) refers to fputc.o(i.fputc) for fputc
    printf3.o(i.__0vprintf$3) refers to printf3.o(i._printf_core) for _printf_core
    printf3.o(i.__0vprintf$3) refers to fputc.o(i.fputc) for fputc
    printf3.o(i.__0vprintf$3) refers to stdout.o(.data) for __stdout
    printf3.o(i.__0vsnprintf$3) refers to printf3.o(i._printf_core) for _printf_core
    printf3.o(i.__0vsnprintf$3) refers to printf3.o(i._snputc) for _snputc
    printf3.o(i.__0vsprintf$3) refers to printf3.o(i._printf_core) for _printf_core
    printf3.o(i.__0vsprintf$3) refers to printf3.o(i._sputc) for _sputc
    printf3.o(i._printf_core) refers to uidiv.o(.text) for __aeabi_uidivmod
    printf4.o(i.__0fprintf$4) refers to printf4.o(i._printf_core) for _printf_core
    printf4.o(i.__0fprintf$4) refers to fputc.o(i.fputc) for fputc
    printf4.o(i.__0printf$4) refers to printf4.o(i._printf_core) for _printf_core
    printf4.o(i.__0printf$4) refers to fputc.o(i.fputc) for fputc
    printf4.o(i.__0printf$4) refers to stdout.o(.data) for __stdout
    printf4.o(i.__0snprintf$4) refers to printf4.o(i._printf_core) for _printf_core
    printf4.o(i.__0snprintf$4) refers to printf4.o(i._snputc) for _snputc
    printf4.o(i.__0sprintf$4) refers to printf4.o(i._printf_core) for _printf_core
    printf4.o(i.__0sprintf$4) refers to printf4.o(i._sputc) for _sputc
    printf4.o(i.__0vfprintf$4) refers to printf4.o(i._printf_core) for _printf_core
    printf4.o(i.__0vfprintf$4) refers to fputc.o(i.fputc) for fputc
    printf4.o(i.__0vprintf$4) refers to printf4.o(i._printf_core) for _printf_core
    printf4.o(i.__0vprintf$4) refers to fputc.o(i.fputc) for fputc
    printf4.o(i.__0vprintf$4) refers to stdout.o(.data) for __stdout
    printf4.o(i.__0vsnprintf$4) refers to printf4.o(i._printf_core) for _printf_core
    printf4.o(i.__0vsnprintf$4) refers to printf4.o(i._snputc) for _snputc
    printf4.o(i.__0vsprintf$4) refers to printf4.o(i._printf_core) for _printf_core
    printf4.o(i.__0vsprintf$4) refers to printf4.o(i._sputc) for _sputc
    printf4.o(i._printf_core) refers to uldiv.o(.text) for __aeabi_uldivmod
    printf5.o(i.__0fprintf$5) refers to printf5.o(i._printf_core) for _printf_core
    printf5.o(i.__0fprintf$5) refers to fputc.o(i.fputc) for fputc
    printf5.o(i.__0printf$5) refers to printf5.o(i._printf_core) for _printf_core
    printf5.o(i.__0printf$5) refers to fputc.o(i.fputc) for fputc
    printf5.o(i.__0printf$5) refers to stdout.o(.data) for __stdout
    printf5.o(i.__0snprintf$5) refers to printf5.o(i._printf_core) for _printf_core
    printf5.o(i.__0snprintf$5) refers to printf5.o(i._snputc) for _snputc
    printf5.o(i.__0sprintf$5) refers to printf5.o(i._printf_core) for _printf_core
    printf5.o(i.__0sprintf$5) refers to printf5.o(i._sputc) for _sputc
    printf5.o(i.__0vfprintf$5) refers to printf5.o(i._printf_core) for _printf_core
    printf5.o(i.__0vfprintf$5) refers to fputc.o(i.fputc) for fputc
    printf5.o(i.__0vprintf$5) refers to printf5.o(i._printf_core) for _printf_core
    printf5.o(i.__0vprintf$5) refers to fputc.o(i.fputc) for fputc
    printf5.o(i.__0vprintf$5) refers to stdout.o(.data) for __stdout
    printf5.o(i.__0vsnprintf$5) refers to printf5.o(i._printf_core) for _printf_core
    printf5.o(i.__0vsnprintf$5) refers to printf5.o(i._snputc) for _snputc
    printf5.o(i.__0vsprintf$5) refers to printf5.o(i._printf_core) for _printf_core
    printf5.o(i.__0vsprintf$5) refers to printf5.o(i._sputc) for _sputc
    printf5.o(i._printf_core) refers to uldiv.o(.text) for __aeabi_uldivmod
    printf6.o(i.__0fprintf$6) refers to printf6.o(i._printf_core) for _printf_core
    printf6.o(i.__0fprintf$6) refers to fputc.o(i.fputc) for fputc
    printf6.o(i.__0printf$6) refers to printf6.o(i._printf_core) for _printf_core
    printf6.o(i.__0printf$6) refers to fputc.o(i.fputc) for fputc
    printf6.o(i.__0printf$6) refers to stdout.o(.data) for __stdout
    printf6.o(i.__0snprintf$6) refers to printf6.o(i._printf_core) for _printf_core
    printf6.o(i.__0snprintf$6) refers to printf6.o(i._snputc) for _snputc
    printf6.o(i.__0sprintf$6) refers to printf6.o(i._printf_core) for _printf_core
    printf6.o(i.__0sprintf$6) refers to printf6.o(i._sputc) for _sputc
    printf6.o(i.__0vfprintf$6) refers to printf6.o(i._printf_core) for _printf_core
    printf6.o(i.__0vfprintf$6) refers to fputc.o(i.fputc) for fputc
    printf6.o(i.__0vprintf$6) refers to printf6.o(i._printf_core) for _printf_core
    printf6.o(i.__0vprintf$6) refers to fputc.o(i.fputc) for fputc
    printf6.o(i.__0vprintf$6) refers to stdout.o(.data) for __stdout
    printf6.o(i.__0vsnprintf$6) refers to printf6.o(i._printf_core) for _printf_core
    printf6.o(i.__0vsnprintf$6) refers to printf6.o(i._snputc) for _snputc
    printf6.o(i.__0vsprintf$6) refers to printf6.o(i._printf_core) for _printf_core
    printf6.o(i.__0vsprintf$6) refers to printf6.o(i._sputc) for _sputc
    printf6.o(i._printf_core) refers to printf6.o(i._printf_pre_padding) for _printf_pre_padding
    printf6.o(i._printf_core) refers to uidiv.o(.text) for __aeabi_uidivmod
    printf6.o(i._printf_core) refers to printf6.o(i._printf_post_padding) for _printf_post_padding
    printf7.o(i.__0fprintf$7) refers to printf7.o(i._printf_core) for _printf_core
    printf7.o(i.__0fprintf$7) refers to fputc.o(i.fputc) for fputc
    printf7.o(i.__0printf$7) refers to printf7.o(i._printf_core) for _printf_core
    printf7.o(i.__0printf$7) refers to fputc.o(i.fputc) for fputc
    printf7.o(i.__0printf$7) refers to stdout.o(.data) for __stdout
    printf7.o(i.__0snprintf$7) refers to printf7.o(i._printf_core) for _printf_core
    printf7.o(i.__0snprintf$7) refers to printf7.o(i._snputc) for _snputc
    printf7.o(i.__0sprintf$7) refers to printf7.o(i._printf_core) for _printf_core
    printf7.o(i.__0sprintf$7) refers to printf7.o(i._sputc) for _sputc
    printf7.o(i.__0vfprintf$7) refers to printf7.o(i._printf_core) for _printf_core
    printf7.o(i.__0vfprintf$7) refers to fputc.o(i.fputc) for fputc
    printf7.o(i.__0vprintf$7) refers to printf7.o(i._printf_core) for _printf_core
    printf7.o(i.__0vprintf$7) refers to fputc.o(i.fputc) for fputc
    printf7.o(i.__0vprintf$7) refers to stdout.o(.data) for __stdout
    printf7.o(i.__0vsnprintf$7) refers to printf7.o(i._printf_core) for _printf_core
    printf7.o(i.__0vsnprintf$7) refers to printf7.o(i._snputc) for _snputc
    printf7.o(i.__0vsprintf$7) refers to printf7.o(i._printf_core) for _printf_core
    printf7.o(i.__0vsprintf$7) refers to printf7.o(i._sputc) for _sputc
    printf7.o(i._printf_core) refers to printf7.o(i._printf_pre_padding) for _printf_pre_padding
    printf7.o(i._printf_core) refers to uldiv.o(.text) for __aeabi_uldivmod
    printf7.o(i._printf_core) refers to printf7.o(i._printf_post_padding) for _printf_post_padding
    printf8.o(i.__0fprintf$8) refers to printf8.o(i._printf_core) for _printf_core
    printf8.o(i.__0fprintf$8) refers to fputc.o(i.fputc) for fputc
    printf8.o(i.__0printf$8) refers to printf8.o(i._printf_core) for _printf_core
    printf8.o(i.__0printf$8) refers to fputc.o(i.fputc) for fputc
    printf8.o(i.__0printf$8) refers to stdout.o(.data) for __stdout
    printf8.o(i.__0snprintf$8) refers to printf8.o(i._printf_core) for _printf_core
    printf8.o(i.__0snprintf$8) refers to printf8.o(i._snputc) for _snputc
    printf8.o(i.__0sprintf$8) refers to printf8.o(i._printf_core) for _printf_core
    printf8.o(i.__0sprintf$8) refers to printf8.o(i._sputc) for _sputc
    printf8.o(i.__0vfprintf$8) refers to printf8.o(i._printf_core) for _printf_core
    printf8.o(i.__0vfprintf$8) refers to fputc.o(i.fputc) for fputc
    printf8.o(i.__0vprintf$8) refers to printf8.o(i._printf_core) for _printf_core
    printf8.o(i.__0vprintf$8) refers to fputc.o(i.fputc) for fputc
    printf8.o(i.__0vprintf$8) refers to stdout.o(.data) for __stdout
    printf8.o(i.__0vsnprintf$8) refers to printf8.o(i._printf_core) for _printf_core
    printf8.o(i.__0vsnprintf$8) refers to printf8.o(i._snputc) for _snputc
    printf8.o(i.__0vsprintf$8) refers to printf8.o(i._printf_core) for _printf_core
    printf8.o(i.__0vsprintf$8) refers to printf8.o(i._sputc) for _sputc
    printf8.o(i._printf_core) refers to printf8.o(i._printf_pre_padding) for _printf_pre_padding
    printf8.o(i._printf_core) refers to uldiv.o(.text) for __aeabi_uldivmod
    printf8.o(i._printf_core) refers to printf8.o(i._printf_post_padding) for _printf_post_padding
    printfa.o(i.__0fprintf) refers (Special) to iusefp.o(.text) for __I$use$fp
    printfa.o(i.__0fprintf) refers to printfa.o(i._printf_core) for _printf_core
    printfa.o(i.__0fprintf) refers to fputc.o(i.fputc) for fputc
    printfa.o(i.__0printf) refers (Special) to iusefp.o(.text) for __I$use$fp
    printfa.o(i.__0printf) refers to printfa.o(i._printf_core) for _printf_core
    printfa.o(i.__0printf) refers to fputc.o(i.fputc) for fputc
    printfa.o(i.__0printf) refers to stdout.o(.data) for __stdout
    printfa.o(i.__0snprintf) refers (Special) to iusefp.o(.text) for __I$use$fp
    printfa.o(i.__0snprintf) refers to printfa.o(i._printf_core) for _printf_core
    printfa.o(i.__0snprintf) refers to printfa.o(i._snputc) for _snputc
    printfa.o(i.__0sprintf) refers (Special) to iusefp.o(.text) for __I$use$fp
    printfa.o(i.__0sprintf) refers to printfa.o(i._printf_core) for _printf_core
    printfa.o(i.__0sprintf) refers to printfa.o(i._sputc) for _sputc
    printfa.o(i.__0vfprintf) refers (Special) to iusefp.o(.text) for __I$use$fp
    printfa.o(i.__0vfprintf) refers to printfa.o(i._printf_core) for _printf_core
    printfa.o(i.__0vfprintf) refers to fputc.o(i.fputc) for fputc
    printfa.o(i.__0vprintf) refers (Special) to iusefp.o(.text) for __I$use$fp
    printfa.o(i.__0vprintf) refers to printfa.o(i._printf_core) for _printf_core
    printfa.o(i.__0vprintf) refers to fputc.o(i.fputc) for fputc
    printfa.o(i.__0vprintf) refers to stdout.o(.data) for __stdout
    printfa.o(i.__0vsnprintf) refers (Special) to iusefp.o(.text) for __I$use$fp
    printfa.o(i.__0vsnprintf) refers to printfa.o(i._printf_core) for _printf_core
    printfa.o(i.__0vsnprintf) refers to printfa.o(i._snputc) for _snputc
    printfa.o(i.__0vsprintf) refers (Special) to iusefp.o(.text) for __I$use$fp
    printfa.o(i.__0vsprintf) refers to printfa.o(i._printf_core) for _printf_core
    printfa.o(i.__0vsprintf) refers to printfa.o(i._sputc) for _sputc
    printfa.o(i._fp_digits) refers (Special) to iusefp.o(.text) for __I$use$fp
    printfa.o(i._fp_digits) refers to dmul.o(.text) for __aeabi_dmul
    printfa.o(i._fp_digits) refers to ddiv.o(.text) for __aeabi_ddiv
    printfa.o(i._fp_digits) refers to cdrcmple.o(.text) for __aeabi_cdrcmple
    printfa.o(i._fp_digits) refers to dadd.o(.text) for __aeabi_dadd
    printfa.o(i._fp_digits) refers to dfixul.o(.text) for __aeabi_d2ulz
    printfa.o(i._fp_digits) refers to uldiv.o(.text) for __aeabi_uldivmod
    printfa.o(i._printf_core) refers (Special) to iusefp.o(.text) for __I$use$fp
    printfa.o(i._printf_core) refers to printfa.o(i._printf_pre_padding) for _printf_pre_padding
    printfa.o(i._printf_core) refers to uldiv.o(.text) for __aeabi_uldivmod
    printfa.o(i._printf_core) refers to printfa.o(i._printf_post_padding) for _printf_post_padding
    printfa.o(i._printf_core) refers to printfa.o(i._fp_digits) for _fp_digits
    printfa.o(i._printf_core) refers to uidiv.o(.text) for __aeabi_uidivmod
    printfa.o(i._printf_post_padding) refers (Special) to iusefp.o(.text) for __I$use$fp
    printfa.o(i._printf_pre_padding) refers (Special) to iusefp.o(.text) for __I$use$fp
    printfa.o(i._snputc) refers (Special) to iusefp.o(.text) for __I$use$fp
    printfa.o(i._sputc) refers (Special) to iusefp.o(.text) for __I$use$fp
    fadd.o(.text) refers (Special) to iusefp.o(.text) for __I$use$fp
    fadd.o(.text) refers to fepilogue.o(.text) for _float_epilogue
    fmul.o(.text) refers (Special) to iusefp.o(.text) for __I$use$fp
    fdiv.o(.text) refers (Special) to iusefp.o(.text) for __I$use$fp
    fdiv.o(.text) refers to fepilogue.o(.text) for _float_round
    dmul.o(.text) refers (Special) to iusefp.o(.text) for __I$use$fp
    dmul.o(.text) refers to depilogue.o(.text) for _double_epilogue
    fflti.o(.text) refers (Special) to iusefp.o(.text) for __I$use$fp
    fflti.o(.text) refers to fepilogue.o(.text) for _float_epilogue
    dflti.o(.text) refers (Special) to iusefp.o(.text) for __I$use$fp
    dflti.o(.text) refers to depilogue.o(.text) for _double_epilogue
    dfixui.o(.text) refers (Special) to iusefp.o(.text) for __I$use$fp
    dfixui.o(.text) refers to llushr.o(.text) for __aeabi_llsr
    f2d.o(.text) refers (Special) to iusefp.o(.text) for __I$use$fp
    entry2.o(.ARM.Collect$$$$00000001) refers to entry2.o(.ARM.Collect$$$$00002712) for __lit__00000000
    entry2.o(.ARM.Collect$$$$00002712) refers to startup_stm32f40_41xxx.o(STACK) for __initial_sp
    entry2.o(__vectab_stack_and_reset_area) refers to startup_stm32f40_41xxx.o(STACK) for __initial_sp
    entry2.o(__vectab_stack_and_reset_area) refers to entry.o(.ARM.Collect$$$$00000000) for __main
    entry5.o(.ARM.Collect$$$$00000004) refers to init.o(.text) for __scatterload
    entry9a.o(.ARM.Collect$$$$0000000B) refers to main.o(i.main) for main
    entry9b.o(.ARM.Collect$$$$0000000C) refers to main.o(i.main) for main
    fputc.o(i.fputc) refers (Special) to iusesemip.o(.text) for __I$use$semihosting$fputc
    fputc.o(i.fputc) refers (Special) to semi.o(.text) for __semihosting_library_function
    uldiv.o(.text) refers to llushr.o(.text) for __aeabi_llsr
    uldiv.o(.text) refers to llshl.o(.text) for __aeabi_llsl
    depilogue.o(.text) refers to llshl.o(.text) for __aeabi_llsl
    depilogue.o(.text) refers to llushr.o(.text) for __aeabi_llsr
    dadd.o(.text) refers to llshl.o(.text) for __aeabi_llsl
    dadd.o(.text) refers to llsshr.o(.text) for __aeabi_lasr
    dadd.o(.text) refers to depilogue.o(.text) for _double_epilogue
    ddiv.o(.text) refers to depilogue.o(.text) for _double_round
    dfixul.o(.text) refers to llushr.o(.text) for __aeabi_llsr
    dfixul.o(.text) refers to llshl.o(.text) for __aeabi_llsl
    init.o(.text) refers to entry5.o(.ARM.Collect$$$$00000004) for __main_after_scatterload


==============================================================================

Removing Unused input sections from the image.

    Removing system_stm32f4xx.o(.rev16_text), (4 bytes).
    Removing system_stm32f4xx.o(.revsh_text), (4 bytes).
    Removing system_stm32f4xx.o(i.SystemCoreClockUpdate), (168 bytes).
    Removing system_stm32f4xx.o(.data), (20 bytes).
    Removing startup_stm32f40_41xxx.o(HEAP), (512 bytes).
    Removing main.o(.rev16_text), (4 bytes).
    Removing main.o(.revsh_text), (4 bytes).
    Removing main.o(.constdata), (3376 bytes).
    Removing led.o(.rev16_text), (4 bytes).
    Removing led.o(.revsh_text), (4 bytes).
    Removing systick.o(.rev16_text), (4 bytes).
    Removing systick.o(.revsh_text), (4 bytes).
    Removing systick.o(i.delay), (12 bytes).
    Removing exti.o(.rev16_text), (4 bytes).
    Removing exti.o(.revsh_text), (4 bytes).
    Removing exti.o(i.My_NVIC_Init), (104 bytes).
    Removing motor.o(.rev16_text), (4 bytes).
    Removing motor.o(.revsh_text), (4 bytes).
    Removing motor.o(i.Motor_Init), (100 bytes).
    Removing key.o(.rev16_text), (4 bytes).
    Removing key.o(.revsh_text), (4 bytes).
    Removing key.o(i.Key_Init), (56 bytes).
    Removing tim3_ch2_pwm.o(.rev16_text), (4 bytes).
    Removing tim3_ch2_pwm.o(.revsh_text), (4 bytes).
    Removing tim3_ch2_pwm.o(i.TIM3_CH2_PWM_Init), (232 bytes).
    Removing tim2_ch3_pwm .o(.rev16_text), (4 bytes).
    Removing tim2_ch3_pwm .o(.revsh_text), (4 bytes).
    Removing tim2_ch3_pwm .o(i.TIM2_CH3_PWM_Init), (200 bytes).
    Removing spi.o(.rev16_text), (4 bytes).
    Removing spi.o(.revsh_text), (4 bytes).
    Removing oled.o(.rev16_text), (4 bytes).
    Removing oled.o(.revsh_text), (4 bytes).
    Removing oled.o(i.OLED_drawBMP), (76 bytes).
    Removing oled.o(i.OLED_eraseBMP), (64 bytes).
    Removing oled.o(i.OLED_showCHinese), (92 bytes).
    Removing oled.o(i.OLED_showHzString), (152 bytes).
    Removing oled.o(.data), (1109 bytes).
    Removing iic.o(.rev16_text), (4 bytes).
    Removing iic.o(.revsh_text), (4 bytes).
    Removing sht20.o(.rev16_text), (4 bytes).
    Removing sht20.o(.revsh_text), (4 bytes).

41 unused section(s) (total 6377 bytes) removed from the image.

==============================================================================

Image Symbol Table

    Local Symbols

    Symbol Name                              Value     Ov Type        Size  Object(Section)

    ../clib/microlib/division.c              0x00000000   Number         0  uidiv.o ABSOLUTE
    ../clib/microlib/division.c              0x00000000   Number         0  uldiv.o ABSOLUTE
    ../clib/microlib/init/entry.s            0x00000000   Number         0  entry.o ABSOLUTE
    ../clib/microlib/init/entry.s            0x00000000   Number         0  entry11b.o ABSOLUTE
    ../clib/microlib/init/entry.s            0x00000000   Number         0  entry11a.o ABSOLUTE
    ../clib/microlib/init/entry.s            0x00000000   Number         0  entry9a.o ABSOLUTE
    ../clib/microlib/init/entry.s            0x00000000   Number         0  entry10b.o ABSOLUTE
    ../clib/microlib/init/entry.s            0x00000000   Number         0  entry10a.o ABSOLUTE
    ../clib/microlib/init/entry.s            0x00000000   Number         0  entry8b.o ABSOLUTE
    ../clib/microlib/init/entry.s            0x00000000   Number         0  entry5.o ABSOLUTE
    ../clib/microlib/init/entry.s            0x00000000   Number         0  entry8a.o ABSOLUTE
    ../clib/microlib/init/entry.s            0x00000000   Number         0  entry7a.o ABSOLUTE
    ../clib/microlib/init/entry.s            0x00000000   Number         0  entry7b.o ABSOLUTE
    ../clib/microlib/init/entry.s            0x00000000   Number         0  entry2.o ABSOLUTE
    ../clib/microlib/init/entry.s            0x00000000   Number         0  entry9b.o ABSOLUTE
    ../clib/microlib/longlong.c              0x00000000   Number         0  llsshr.o ABSOLUTE
    ../clib/microlib/longlong.c              0x00000000   Number         0  llshl.o ABSOLUTE
    ../clib/microlib/longlong.c              0x00000000   Number         0  llushr.o ABSOLUTE
    ../clib/microlib/printf/printf.c         0x00000000   Number         0  printf1.o ABSOLUTE
    ../clib/microlib/printf/printf.c         0x00000000   Number         0  printf0.o ABSOLUTE
    ../clib/microlib/printf/printf.c         0x00000000   Number         0  printf3.o ABSOLUTE
    ../clib/microlib/printf/printf.c         0x00000000   Number         0  printfb.o ABSOLUTE
    ../clib/microlib/printf/printf.c         0x00000000   Number         0  printfa.o ABSOLUTE
    ../clib/microlib/printf/printf.c         0x00000000   Number         0  printf8.o ABSOLUTE
    ../clib/microlib/printf/printf.c         0x00000000   Number         0  printf7.o ABSOLUTE
    ../clib/microlib/printf/printf.c         0x00000000   Number         0  printf6.o ABSOLUTE
    ../clib/microlib/printf/printf.c         0x00000000   Number         0  printf5.o ABSOLUTE
    ../clib/microlib/printf/printf.c         0x00000000   Number         0  printf4.o ABSOLUTE
    ../clib/microlib/printf/printf.c         0x00000000   Number         0  printf2.o ABSOLUTE
    ../clib/microlib/printf/stubs.s          0x00000000   Number         0  stubs.o ABSOLUTE
    ../clib/microlib/stdio/fputc.c           0x00000000   Number         0  fputc.o ABSOLUTE
    ../clib/microlib/stdio/semi.s            0x00000000   Number         0  semi.o ABSOLUTE
    ../clib/microlib/stdio/streams.c         0x00000000   Number         0  stdout.o ABSOLUTE
    ../clib/microlib/string/strlen.c         0x00000000   Number         0  strlen.o ABSOLUTE
    ../clib/microlib/stubs.s                 0x00000000   Number         0  iusefp.o ABSOLUTE
    ../clib/microlib/stubs.s                 0x00000000   Number         0  iusesemip.o ABSOLUTE
    ../fplib/microlib/f2d.c                  0x00000000   Number         0  f2d.o ABSOLUTE
    ../fplib/microlib/fpadd.c                0x00000000   Number         0  dadd.o ABSOLUTE
    ../fplib/microlib/fpadd.c                0x00000000   Number         0  fadd.o ABSOLUTE
    ../fplib/microlib/fpdiv.c                0x00000000   Number         0  fdiv.o ABSOLUTE
    ../fplib/microlib/fpdiv.c                0x00000000   Number         0  ddiv.o ABSOLUTE
    ../fplib/microlib/fpepilogue.c           0x00000000   Number         0  fepilogue.o ABSOLUTE
    ../fplib/microlib/fpepilogue.c           0x00000000   Number         0  depilogue.o ABSOLUTE
    ../fplib/microlib/fpfix.c                0x00000000   Number         0  dfixui.o ABSOLUTE
    ../fplib/microlib/fpfix.c                0x00000000   Number         0  dfixul.o ABSOLUTE
    ../fplib/microlib/fpflt.c                0x00000000   Number         0  dflti.o ABSOLUTE
    ../fplib/microlib/fpflt.c                0x00000000   Number         0  fflti.o ABSOLUTE
    ../fplib/microlib/fpmul.c                0x00000000   Number         0  fmul.o ABSOLUTE
    ../fplib/microlib/fpmul.c                0x00000000   Number         0  dmul.o ABSOLUTE
    ..\CMSIS\startup_stm32f40_41xxx.s        0x00000000   Number         0  startup_stm32f40_41xxx.o ABSOLUTE
    ..\CMSIS\system_stm32f4xx.c              0x00000000   Number         0  system_stm32f4xx.o ABSOLUTE
    ..\User\src\exti.c                       0x00000000   Number         0  exti.o ABSOLUTE
    ..\User\src\iic.c                        0x00000000   Number         0  iic.o ABSOLUTE
    ..\User\src\key.c                        0x00000000   Number         0  key.o ABSOLUTE
    ..\User\src\led.c                        0x00000000   Number         0  led.o ABSOLUTE
    ..\User\src\main.c                       0x00000000   Number         0  main.o ABSOLUTE
    ..\User\src\motor.c                      0x00000000   Number         0  motor.o ABSOLUTE
    ..\User\src\oled.c                       0x00000000   Number         0  oled.o ABSOLUTE
    ..\User\src\sht20.c                      0x00000000   Number         0  sht20.o ABSOLUTE
    ..\User\src\spi.c                        0x00000000   Number         0  spi.o ABSOLUTE
    ..\User\src\systick.c                    0x00000000   Number         0  systick.o ABSOLUTE
    ..\User\src\tim2_ch3_pwm .c              0x00000000   Number         0  tim2_ch3_pwm .o ABSOLUTE
    ..\User\src\tim3_ch2_pwm.c               0x00000000   Number         0  tim3_ch2_pwm.o ABSOLUTE
    ..\\CMSIS\\system_stm32f4xx.c            0x00000000   Number         0  system_stm32f4xx.o ABSOLUTE
    ..\\User\\src\\exti.c                    0x00000000   Number         0  exti.o ABSOLUTE
    ..\\User\\src\\iic.c                     0x00000000   Number         0  iic.o ABSOLUTE
    ..\\User\\src\\key.c                     0x00000000   Number         0  key.o ABSOLUTE
    ..\\User\\src\\led.c                     0x00000000   Number         0  led.o ABSOLUTE
    ..\\User\\src\\main.c                    0x00000000   Number         0  main.o ABSOLUTE
    ..\\User\\src\\motor.c                   0x00000000   Number         0  motor.o ABSOLUTE
    ..\\User\\src\\oled.c                    0x00000000   Number         0  oled.o ABSOLUTE
    ..\\User\\src\\sht20.c                   0x00000000   Number         0  sht20.o ABSOLUTE
    ..\\User\\src\\spi.c                     0x00000000   Number         0  spi.o ABSOLUTE
    ..\\User\\src\\systick.c                 0x00000000   Number         0  systick.o ABSOLUTE
    ..\\User\\src\\tim2_ch3_pwm .c           0x00000000   Number         0  tim2_ch3_pwm .o ABSOLUTE
    ..\\User\\src\\tim3_ch2_pwm.c            0x00000000   Number         0  tim3_ch2_pwm.o ABSOLUTE
    cdrcmple.s                               0x00000000   Number         0  cdrcmple.o ABSOLUTE
    dc.s                                     0x00000000   Number         0  dc.o ABSOLUTE
    handlers.s                               0x00000000   Number         0  handlers.o ABSOLUTE
    init.s                                   0x00000000   Number         0  init.o ABSOLUTE
    RESET                                    0x08000000   Section      392  startup_stm32f40_41xxx.o(RESET)
    .ARM.Collect$$$$00000000                 0x08000188   Section        0  entry.o(.ARM.Collect$$$$00000000)
    .ARM.Collect$$$$00000001                 0x08000188   Section        4  entry2.o(.ARM.Collect$$$$00000001)
    .ARM.Collect$$$$00000004                 0x0800018c   Section        4  entry5.o(.ARM.Collect$$$$00000004)
    .ARM.Collect$$$$00000008                 0x08000190   Section        0  entry7b.o(.ARM.Collect$$$$00000008)
    .ARM.Collect$$$$0000000A                 0x08000190   Section        0  entry8b.o(.ARM.Collect$$$$0000000A)
    .ARM.Collect$$$$0000000B                 0x08000190   Section        8  entry9a.o(.ARM.Collect$$$$0000000B)
    .ARM.Collect$$$$0000000D                 0x08000198   Section        0  entry10a.o(.ARM.Collect$$$$0000000D)
    .ARM.Collect$$$$0000000F                 0x08000198   Section        0  entry11a.o(.ARM.Collect$$$$0000000F)
    .ARM.Collect$$$$00002712                 0x08000198   Section        4  entry2.o(.ARM.Collect$$$$00002712)
    __lit__00000000                          0x08000198   Data           4  entry2.o(.ARM.Collect$$$$00002712)
    .text                                    0x0800019c   Section       36  startup_stm32f40_41xxx.o(.text)
    .text                                    0x080001c0   Section        0  fadd.o(.text)
    .text                                    0x08000270   Section        0  fmul.o(.text)
    .text                                    0x080002d4   Section        0  fdiv.o(.text)
    .text                                    0x08000350   Section        0  dmul.o(.text)
    .text                                    0x08000434   Section        0  fflti.o(.text)
    .text                                    0x08000446   Section        0  dflti.o(.text)
    .text                                    0x08000468   Section        0  dfixui.o(.text)
    .text                                    0x0800049a   Section        0  f2d.o(.text)
    .text                                    0x080004c0   Section        0  uidiv.o(.text)
    .text                                    0x080004ec   Section        0  uldiv.o(.text)
    .text                                    0x0800054e   Section        0  llushr.o(.text)
    .text                                    0x0800056e   Section        0  fepilogue.o(.text)
    .text                                    0x0800056e   Section        0  iusefp.o(.text)
    .text                                    0x080005dc   Section        0  depilogue.o(.text)
    .text                                    0x08000696   Section        0  dadd.o(.text)
    .text                                    0x080007e4   Section        0  ddiv.o(.text)
    .text                                    0x080008c2   Section        0  dfixul.o(.text)
    .text                                    0x080008f4   Section       48  cdrcmple.o(.text)
    .text                                    0x08000924   Section       36  init.o(.text)
    .text                                    0x08000948   Section        0  llshl.o(.text)
    .text                                    0x08000966   Section        0  llsshr.o(.text)
    i.Delay_ms                               0x0800098a   Section        0  systick.o(i.Delay_ms)
    i.Delay_us                               0x080009d2   Section        0  systick.o(i.Delay_us)
    i.IIC_Delay_us                           0x08000a20   Section        0  systick.o(i.IIC_Delay_us)
    i.IIC_Receiveack                         0x08000a88   Section        0  iic.o(i.IIC_Receiveack)
    i.IIC_Receivedate                        0x08000ad8   Section        0  iic.o(i.IIC_Receivedate)
    i.IIC_SDA_Int                            0x08000b34   Section        0  iic.o(i.IIC_SDA_Int)
    i.IIC_SDA_Out                            0x08000bac   Section        0  iic.o(i.IIC_SDA_Out)
    i.IIC_Sendack                            0x08000c40   Section        0  iic.o(i.IIC_Sendack)
    i.IIC_Senddate                           0x08000c98   Section        0  iic.o(i.IIC_Senddate)
    i.IIC_Start                              0x08000d04   Section        0  iic.o(i.IIC_Start)
    i.IIC_Stop                               0x08000d54   Section        0  iic.o(i.IIC_Stop)
    i.LED_Init                               0x08000d94   Section        0  led.o(i.LED_Init)
    i.OLED_Init                              0x08000df4   Section        0  oled.o(i.OLED_Init)
    i.OLED_clear                             0x08000ef8   Section        0  oled.o(i.OLED_clear)
    i.OLED_deSelect                          0x08000f38   Section        0  oled.o(i.OLED_deSelect)
    i.OLED_pinInit                           0x08000f44   Section        0  oled.o(i.OLED_pinInit)
    i.OLED_reset                             0x08001004   Section        0  oled.o(i.OLED_reset)
    i.OLED_select                            0x08001028   Section        0  oled.o(i.OLED_select)
    i.OLED_setPos                            0x08001034   Section        0  oled.o(i.OLED_setPos)
    i.OLED_showChString                      0x08001066   Section        0  oled.o(i.OLED_showChString)
    i.OLED_showChar                          0x080010b0   Section        0  oled.o(i.OLED_showChar)
    i.OLED_writeByte                         0x080011d8   Section        0  oled.o(i.OLED_writeByte)
    i.SHT20_Init                             0x08001208   Section        0  sht20.o(i.SHT20_Init)
    i.SHT20_readTemAndHum                    0x08001210   Section        0  sht20.o(i.SHT20_readTemAndHum)
    i.SHT20_readTemOrHum                     0x08001230   Section        0  sht20.o(i.SHT20_readTemOrHum)
    i.SHT20_setResolution                    0x0800130c   Section        0  sht20.o(i.SHT20_setResolution)
    SHT20_setResolution                      0x0800130d   Thumb Code    56  sht20.o(i.SHT20_setResolution)
    i.SHT20_softReset                        0x08001344   Section        0  sht20.o(i.SHT20_softReset)
    SHT20_softReset                          0x08001345   Thumb Code    42  sht20.o(i.SHT20_softReset)
    i.SPI_Init                               0x08001370   Section        0  spi.o(i.SPI_Init)
    i.SPI_ReceiveByte                        0x08001444   Section        0  spi.o(i.SPI_ReceiveByte)
    i.SetSysClock                            0x08001474   Section        0  system_stm32f4xx.o(i.SetSysClock)
    SetSysClock                              0x08001475   Thumb Code   138  system_stm32f4xx.o(i.SetSysClock)
    i.SystemInit                             0x08001510   Section        0  system_stm32f4xx.o(i.SystemInit)
    i.__0sprintf                             0x0800156c   Section        0  printfa.o(i.__0sprintf)
    i.__scatterload_copy                     0x08001594   Section       14  handlers.o(i.__scatterload_copy)
    i.__scatterload_null                     0x080015a2   Section        2  handlers.o(i.__scatterload_null)
    i.__scatterload_zeroinit                 0x080015a4   Section       14  handlers.o(i.__scatterload_zeroinit)
    i._fp_digits                             0x080015b4   Section        0  printfa.o(i._fp_digits)
    _fp_digits                               0x080015b5   Thumb Code   366  printfa.o(i._fp_digits)
    i._printf_core                           0x08001738   Section        0  printfa.o(i._printf_core)
    _printf_core                             0x08001739   Thumb Code  1744  printfa.o(i._printf_core)
    i._printf_post_padding                   0x08001e14   Section        0  printfa.o(i._printf_post_padding)
    _printf_post_padding                     0x08001e15   Thumb Code    36  printfa.o(i._printf_post_padding)
    i._printf_pre_padding                    0x08001e38   Section        0  printfa.o(i._printf_pre_padding)
    _printf_pre_padding                      0x08001e39   Thumb Code    46  printfa.o(i._printf_pre_padding)
    i._sputc                                 0x08001e66   Section        0  printfa.o(i._sputc)
    _sputc                                   0x08001e67   Thumb Code    10  printfa.o(i._sputc)
    i.main                                   0x08001e70   Section        0  main.o(i.main)
    .constdata                               0x08001ef0   Section     3368  oled.o(.constdata)
    .data                                    0x20000000   Section        8  sht20.o(.data)
    STACK                                    0x20000008   Section     1024  startup_stm32f40_41xxx.o(STACK)

    Global Symbols

    Symbol Name                              Value     Ov Type        Size  Object(Section)

    BuildAttributes$$THM_ISAv4$E$P$D$K$B$S$7EM$PE$A:L22UL41UL21$X:L11$S22US41US21$IEEE1$IW$USESV6$~STKCKD$USESV7$~SHL$OTIME$ROPI$EBA8$MICROLIB$REQ8$PRES8$EABIv2 0x00000000   Number         0  anon$$obj.o ABSOLUTE
    __ARM_use_no_argv                        0x00000000   Number         0  main.o ABSOLUTE
    _printf_a                                0x00000000   Number         0  stubs.o ABSOLUTE
    _printf_c                                0x00000000   Number         0  stubs.o ABSOLUTE
    _printf_charcount                        0x00000000   Number         0  stubs.o ABSOLUTE
    _printf_d                                0x00000000   Number         0  stubs.o ABSOLUTE
    _printf_e                                0x00000000   Number         0  stubs.o ABSOLUTE
    _printf_f                                0x00000000   Number         0  stubs.o ABSOLUTE
    _printf_flags                            0x00000000   Number         0  stubs.o ABSOLUTE
    _printf_fp_dec                           0x00000000   Number         0  stubs.o ABSOLUTE
    _printf_fp_hex                           0x00000000   Number         0  stubs.o ABSOLUTE
    _printf_g                                0x00000000   Number         0  stubs.o ABSOLUTE
    _printf_i                                0x00000000   Number         0  stubs.o ABSOLUTE
    _printf_int_dec                          0x00000000   Number         0  stubs.o ABSOLUTE
    _printf_l                                0x00000000   Number         0  stubs.o ABSOLUTE
    _printf_lc                               0x00000000   Number         0  stubs.o ABSOLUTE
    _printf_ll                               0x00000000   Number         0  stubs.o ABSOLUTE
    _printf_lld                              0x00000000   Number         0  stubs.o ABSOLUTE
    _printf_lli                              0x00000000   Number         0  stubs.o ABSOLUTE
    _printf_llo                              0x00000000   Number         0  stubs.o ABSOLUTE
    _printf_llu                              0x00000000   Number         0  stubs.o ABSOLUTE
    _printf_llx                              0x00000000   Number         0  stubs.o ABSOLUTE
    _printf_longlong_dec                     0x00000000   Number         0  stubs.o ABSOLUTE
    _printf_longlong_hex                     0x00000000   Number         0  stubs.o ABSOLUTE
    _printf_longlong_oct                     0x00000000   Number         0  stubs.o ABSOLUTE
    _printf_ls                               0x00000000   Number         0  stubs.o ABSOLUTE
    _printf_mbtowc                           0x00000000   Number         0  stubs.o ABSOLUTE
    _printf_n                                0x00000000   Number         0  stubs.o ABSOLUTE
    _printf_o                                0x00000000   Number         0  stubs.o ABSOLUTE
    _printf_p                                0x00000000   Number         0  stubs.o ABSOLUTE
    _printf_percent                          0x00000000   Number         0  stubs.o ABSOLUTE
    _printf_pre_padding                      0x00000000   Number         0  stubs.o ABSOLUTE
    _printf_return_value                     0x00000000   Number         0  stubs.o ABSOLUTE
    _printf_s                                0x00000000   Number         0  stubs.o ABSOLUTE
    _printf_sizespec                         0x00000000   Number         0  stubs.o ABSOLUTE
    _printf_str                              0x00000000   Number         0  stubs.o ABSOLUTE
    _printf_truncate_signed                  0x00000000   Number         0  stubs.o ABSOLUTE
    _printf_truncate_unsigned                0x00000000   Number         0  stubs.o ABSOLUTE
    _printf_u                                0x00000000   Number         0  stubs.o ABSOLUTE
    _printf_wc                               0x00000000   Number         0  stubs.o ABSOLUTE
    _printf_wctomb                           0x00000000   Number         0  stubs.o ABSOLUTE
    _printf_widthprec                        0x00000000   Number         0  stubs.o ABSOLUTE
    _printf_x                                0x00000000   Number         0  stubs.o ABSOLUTE
    __cpp_initialize__aeabi_                  - Undefined Weak Reference
    __cxa_finalize                            - Undefined Weak Reference
    __decompress                              - Undefined Weak Reference
    _clock_init                               - Undefined Weak Reference
    _microlib_exit                            - Undefined Weak Reference
    __Vectors_Size                           0x00000188   Number         0  startup_stm32f40_41xxx.o ABSOLUTE
    __Vectors                                0x08000000   Data           4  startup_stm32f40_41xxx.o(RESET)
    __Vectors_End                            0x08000188   Data           0  startup_stm32f40_41xxx.o(RESET)
    __main                                   0x08000189   Thumb Code     0  entry.o(.ARM.Collect$$$$00000000)
    _main_stk                                0x08000189   Thumb Code     0  entry2.o(.ARM.Collect$$$$00000001)
    _main_scatterload                        0x0800018d   Thumb Code     0  entry5.o(.ARM.Collect$$$$00000004)
    __main_after_scatterload                 0x08000191   Thumb Code     0  entry5.o(.ARM.Collect$$$$00000004)
    _main_clock                              0x08000191   Thumb Code     0  entry7b.o(.ARM.Collect$$$$00000008)
    _main_cpp_init                           0x08000191   Thumb Code     0  entry8b.o(.ARM.Collect$$$$0000000A)
    _main_init                               0x08000191   Thumb Code     0  entry9a.o(.ARM.Collect$$$$0000000B)
    __rt_final_cpp                           0x08000199   Thumb Code     0  entry10a.o(.ARM.Collect$$$$0000000D)
    __rt_final_exit                          0x08000199   Thumb Code     0  entry11a.o(.ARM.Collect$$$$0000000F)
    Reset_Handler                            0x0800019d   Thumb Code     8  startup_stm32f40_41xxx.o(.text)
    NMI_Handler                              0x080001a5   Thumb Code     2  startup_stm32f40_41xxx.o(.text)
    HardFault_Handler                        0x080001a7   Thumb Code     2  startup_stm32f40_41xxx.o(.text)
    MemManage_Handler                        0x080001a9   Thumb Code     2  startup_stm32f40_41xxx.o(.text)
    BusFault_Handler                         0x080001ab   Thumb Code     2  startup_stm32f40_41xxx.o(.text)
    UsageFault_Handler                       0x080001ad   Thumb Code     2  startup_stm32f40_41xxx.o(.text)
    SVC_Handler                              0x080001af   Thumb Code     2  startup_stm32f40_41xxx.o(.text)
    DebugMon_Handler                         0x080001b1   Thumb Code     2  startup_stm32f40_41xxx.o(.text)
    PendSV_Handler                           0x080001b3   Thumb Code     2  startup_stm32f40_41xxx.o(.text)
    SysTick_Handler                          0x080001b5   Thumb Code     2  startup_stm32f40_41xxx.o(.text)
    ADC_IRQHandler                           0x080001b7   Thumb Code     0  startup_stm32f40_41xxx.o(.text)
    CAN1_RX0_IRQHandler                      0x080001b7   Thumb Code     0  startup_stm32f40_41xxx.o(.text)
    CAN1_RX1_IRQHandler                      0x080001b7   Thumb Code     0  startup_stm32f40_41xxx.o(.text)
    CAN1_SCE_IRQHandler                      0x080001b7   Thumb Code     0  startup_stm32f40_41xxx.o(.text)
    CAN1_TX_IRQHandler                       0x080001b7   Thumb Code     0  startup_stm32f40_41xxx.o(.text)
    CAN2_RX0_IRQHandler                      0x080001b7   Thumb Code     0  startup_stm32f40_41xxx.o(.text)
    CAN2_RX1_IRQHandler                      0x080001b7   Thumb Code     0  startup_stm32f40_41xxx.o(.text)
    CAN2_SCE_IRQHandler                      0x080001b7   Thumb Code     0  startup_stm32f40_41xxx.o(.text)
    CAN2_TX_IRQHandler                       0x080001b7   Thumb Code     0  startup_stm32f40_41xxx.o(.text)
    CRYP_IRQHandler                          0x080001b7   Thumb Code     0  startup_stm32f40_41xxx.o(.text)
    DCMI_IRQHandler                          0x080001b7   Thumb Code     0  startup_stm32f40_41xxx.o(.text)
    DMA1_Stream0_IRQHandler                  0x080001b7   Thumb Code     0  startup_stm32f40_41xxx.o(.text)
    DMA1_Stream1_IRQHandler                  0x080001b7   Thumb Code     0  startup_stm32f40_41xxx.o(.text)
    DMA1_Stream2_IRQHandler                  0x080001b7   Thumb Code     0  startup_stm32f40_41xxx.o(.text)
    DMA1_Stream3_IRQHandler                  0x080001b7   Thumb Code     0  startup_stm32f40_41xxx.o(.text)
    DMA1_Stream4_IRQHandler                  0x080001b7   Thumb Code     0  startup_stm32f40_41xxx.o(.text)
    DMA1_Stream5_IRQHandler                  0x080001b7   Thumb Code     0  startup_stm32f40_41xxx.o(.text)
    DMA1_Stream6_IRQHandler                  0x080001b7   Thumb Code     0  startup_stm32f40_41xxx.o(.text)
    DMA1_Stream7_IRQHandler                  0x080001b7   Thumb Code     0  startup_stm32f40_41xxx.o(.text)
    DMA2_Stream0_IRQHandler                  0x080001b7   Thumb Code     0  startup_stm32f40_41xxx.o(.text)
    DMA2_Stream1_IRQHandler                  0x080001b7   Thumb Code     0  startup_stm32f40_41xxx.o(.text)
    DMA2_Stream2_IRQHandler                  0x080001b7   Thumb Code     0  startup_stm32f40_41xxx.o(.text)
    DMA2_Stream3_IRQHandler                  0x080001b7   Thumb Code     0  startup_stm32f40_41xxx.o(.text)
    DMA2_Stream4_IRQHandler                  0x080001b7   Thumb Code     0  startup_stm32f40_41xxx.o(.text)
    DMA2_Stream5_IRQHandler                  0x080001b7   Thumb Code     0  startup_stm32f40_41xxx.o(.text)
    DMA2_Stream6_IRQHandler                  0x080001b7   Thumb Code     0  startup_stm32f40_41xxx.o(.text)
    DMA2_Stream7_IRQHandler                  0x080001b7   Thumb Code     0  startup_stm32f40_41xxx.o(.text)
    ETH_IRQHandler                           0x080001b7   Thumb Code     0  startup_stm32f40_41xxx.o(.text)
    ETH_WKUP_IRQHandler                      0x080001b7   Thumb Code     0  startup_stm32f40_41xxx.o(.text)
    EXTI0_IRQHandler                         0x080001b7   Thumb Code     0  startup_stm32f40_41xxx.o(.text)
    EXTI15_10_IRQHandler                     0x080001b7   Thumb Code     0  startup_stm32f40_41xxx.o(.text)
    EXTI1_IRQHandler                         0x080001b7   Thumb Code     0  startup_stm32f40_41xxx.o(.text)
    EXTI2_IRQHandler                         0x080001b7   Thumb Code     0  startup_stm32f40_41xxx.o(.text)
    EXTI3_IRQHandler                         0x080001b7   Thumb Code     0  startup_stm32f40_41xxx.o(.text)
    EXTI4_IRQHandler                         0x080001b7   Thumb Code     0  startup_stm32f40_41xxx.o(.text)
    EXTI9_5_IRQHandler                       0x080001b7   Thumb Code     0  startup_stm32f40_41xxx.o(.text)
    FLASH_IRQHandler                         0x080001b7   Thumb Code     0  startup_stm32f40_41xxx.o(.text)
    FPU_IRQHandler                           0x080001b7   Thumb Code     0  startup_stm32f40_41xxx.o(.text)
    FSMC_IRQHandler                          0x080001b7   Thumb Code     0  startup_stm32f40_41xxx.o(.text)
    HASH_RNG_IRQHandler                      0x080001b7   Thumb Code     0  startup_stm32f40_41xxx.o(.text)
    I2C1_ER_IRQHandler                       0x080001b7   Thumb Code     0  startup_stm32f40_41xxx.o(.text)
    I2C1_EV_IRQHandler                       0x080001b7   Thumb Code     0  startup_stm32f40_41xxx.o(.text)
    I2C2_ER_IRQHandler                       0x080001b7   Thumb Code     0  startup_stm32f40_41xxx.o(.text)
    I2C2_EV_IRQHandler                       0x080001b7   Thumb Code     0  startup_stm32f40_41xxx.o(.text)
    I2C3_ER_IRQHandler                       0x080001b7   Thumb Code     0  startup_stm32f40_41xxx.o(.text)
    I2C3_EV_IRQHandler                       0x080001b7   Thumb Code     0  startup_stm32f40_41xxx.o(.text)
    OTG_FS_IRQHandler                        0x080001b7   Thumb Code     0  startup_stm32f40_41xxx.o(.text)
    OTG_FS_WKUP_IRQHandler                   0x080001b7   Thumb Code     0  startup_stm32f40_41xxx.o(.text)
    OTG_HS_EP1_IN_IRQHandler                 0x080001b7   Thumb Code     0  startup_stm32f40_41xxx.o(.text)
    OTG_HS_EP1_OUT_IRQHandler                0x080001b7   Thumb Code     0  startup_stm32f40_41xxx.o(.text)
    OTG_HS_IRQHandler                        0x080001b7   Thumb Code     0  startup_stm32f40_41xxx.o(.text)
    OTG_HS_WKUP_IRQHandler                   0x080001b7   Thumb Code     0  startup_stm32f40_41xxx.o(.text)
    PVD_IRQHandler                           0x080001b7   Thumb Code     0  startup_stm32f40_41xxx.o(.text)
    RCC_IRQHandler                           0x080001b7   Thumb Code     0  startup_stm32f40_41xxx.o(.text)
    RTC_Alarm_IRQHandler                     0x080001b7   Thumb Code     0  startup_stm32f40_41xxx.o(.text)
    RTC_WKUP_IRQHandler                      0x080001b7   Thumb Code     0  startup_stm32f40_41xxx.o(.text)
    SDIO_IRQHandler                          0x080001b7   Thumb Code     0  startup_stm32f40_41xxx.o(.text)
    SPI1_IRQHandler                          0x080001b7   Thumb Code     0  startup_stm32f40_41xxx.o(.text)
    SPI2_IRQHandler                          0x080001b7   Thumb Code     0  startup_stm32f40_41xxx.o(.text)
    SPI3_IRQHandler                          0x080001b7   Thumb Code     0  startup_stm32f40_41xxx.o(.text)
    TAMP_STAMP_IRQHandler                    0x080001b7   Thumb Code     0  startup_stm32f40_41xxx.o(.text)
    TIM1_BRK_TIM9_IRQHandler                 0x080001b7   Thumb Code     0  startup_stm32f40_41xxx.o(.text)
    TIM1_CC_IRQHandler                       0x080001b7   Thumb Code     0  startup_stm32f40_41xxx.o(.text)
    TIM1_TRG_COM_TIM11_IRQHandler            0x080001b7   Thumb Code     0  startup_stm32f40_41xxx.o(.text)
    TIM1_UP_TIM10_IRQHandler                 0x080001b7   Thumb Code     0  startup_stm32f40_41xxx.o(.text)
    TIM2_IRQHandler                          0x080001b7   Thumb Code     0  startup_stm32f40_41xxx.o(.text)
    TIM3_IRQHandler                          0x080001b7   Thumb Code     0  startup_stm32f40_41xxx.o(.text)
    TIM4_IRQHandler                          0x080001b7   Thumb Code     0  startup_stm32f40_41xxx.o(.text)
    TIM5_IRQHandler                          0x080001b7   Thumb Code     0  startup_stm32f40_41xxx.o(.text)
    TIM6_DAC_IRQHandler                      0x080001b7   Thumb Code     0  startup_stm32f40_41xxx.o(.text)
    TIM7_IRQHandler                          0x080001b7   Thumb Code     0  startup_stm32f40_41xxx.o(.text)
    TIM8_BRK_TIM12_IRQHandler                0x080001b7   Thumb Code     0  startup_stm32f40_41xxx.o(.text)
    TIM8_CC_IRQHandler                       0x080001b7   Thumb Code     0  startup_stm32f40_41xxx.o(.text)
    TIM8_TRG_COM_TIM14_IRQHandler            0x080001b7   Thumb Code     0  startup_stm32f40_41xxx.o(.text)
    TIM8_UP_TIM13_IRQHandler                 0x080001b7   Thumb Code     0  startup_stm32f40_41xxx.o(.text)
    UART4_IRQHandler                         0x080001b7   Thumb Code     0  startup_stm32f40_41xxx.o(.text)
    UART5_IRQHandler                         0x080001b7   Thumb Code     0  startup_stm32f40_41xxx.o(.text)
    USART1_IRQHandler                        0x080001b7   Thumb Code     0  startup_stm32f40_41xxx.o(.text)
    USART2_IRQHandler                        0x080001b7   Thumb Code     0  startup_stm32f40_41xxx.o(.text)
    USART3_IRQHandler                        0x080001b7   Thumb Code     0  startup_stm32f40_41xxx.o(.text)
    USART6_IRQHandler                        0x080001b7   Thumb Code     0  startup_stm32f40_41xxx.o(.text)
    WWDG_IRQHandler                          0x080001b7   Thumb Code     0  startup_stm32f40_41xxx.o(.text)
    __aeabi_fadd                             0x080001c1   Thumb Code   164  fadd.o(.text)
    __aeabi_fsub                             0x08000265   Thumb Code     6  fadd.o(.text)
    __aeabi_frsub                            0x0800026b   Thumb Code     6  fadd.o(.text)
    __aeabi_fmul                             0x08000271   Thumb Code   100  fmul.o(.text)
    __aeabi_fdiv                             0x080002d5   Thumb Code   124  fdiv.o(.text)
    __aeabi_dmul                             0x08000351   Thumb Code   228  dmul.o(.text)
    __aeabi_i2f                              0x08000435   Thumb Code    18  fflti.o(.text)
    __aeabi_i2d                              0x08000447   Thumb Code    34  dflti.o(.text)
    __aeabi_d2uiz                            0x08000469   Thumb Code    50  dfixui.o(.text)
    __aeabi_f2d                              0x0800049b   Thumb Code    38  f2d.o(.text)
    __aeabi_uidiv                            0x080004c1   Thumb Code     0  uidiv.o(.text)
    __aeabi_uidivmod                         0x080004c1   Thumb Code    44  uidiv.o(.text)
    __aeabi_uldivmod                         0x080004ed   Thumb Code    98  uldiv.o(.text)
    __aeabi_llsr                             0x0800054f   Thumb Code    32  llushr.o(.text)
    _ll_ushift_r                             0x0800054f   Thumb Code     0  llushr.o(.text)
    __I$use$fp                               0x0800056f   Thumb Code     0  iusefp.o(.text)
    _float_round                             0x0800056f   Thumb Code    18  fepilogue.o(.text)
    _float_epilogue                          0x08000581   Thumb Code    92  fepilogue.o(.text)
    _double_round                            0x080005dd   Thumb Code    30  depilogue.o(.text)
    _double_epilogue                         0x080005fb   Thumb Code   156  depilogue.o(.text)
    __aeabi_dadd                             0x08000697   Thumb Code   322  dadd.o(.text)
    __aeabi_dsub                             0x080007d9   Thumb Code     6  dadd.o(.text)
    __aeabi_drsub                            0x080007df   Thumb Code     6  dadd.o(.text)
    __aeabi_ddiv                             0x080007e5   Thumb Code   222  ddiv.o(.text)
    __aeabi_d2ulz                            0x080008c3   Thumb Code    48  dfixul.o(.text)
    __aeabi_cdrcmple                         0x080008f5   Thumb Code    48  cdrcmple.o(.text)
    __scatterload                            0x08000925   Thumb Code    28  init.o(.text)
    __scatterload_rt2                        0x08000925   Thumb Code     0  init.o(.text)
    __aeabi_llsl                             0x08000949   Thumb Code    30  llshl.o(.text)
    _ll_shift_l                              0x08000949   Thumb Code     0  llshl.o(.text)
    __aeabi_lasr                             0x08000967   Thumb Code    36  llsshr.o(.text)
    _ll_sshift_r                             0x08000967   Thumb Code     0  llsshr.o(.text)
    Delay_ms                                 0x0800098b   Thumb Code    72  systick.o(i.Delay_ms)
    Delay_us                                 0x080009d3   Thumb Code    76  systick.o(i.Delay_us)
    IIC_Delay_us                             0x08000a21   Thumb Code   100  systick.o(i.IIC_Delay_us)
    IIC_Receiveack                           0x08000a89   Thumb Code    74  iic.o(i.IIC_Receiveack)
    IIC_Receivedate                          0x08000ad9   Thumb Code    88  iic.o(i.IIC_Receivedate)
    IIC_SDA_Int                              0x08000b35   Thumb Code   110  iic.o(i.IIC_SDA_Int)
    IIC_SDA_Out                              0x08000bad   Thumb Code   138  iic.o(i.IIC_SDA_Out)
    IIC_Sendack                              0x08000c41   Thumb Code    84  iic.o(i.IIC_Sendack)
    IIC_Senddate                             0x08000c99   Thumb Code   102  iic.o(i.IIC_Senddate)
    IIC_Start                                0x08000d05   Thumb Code    76  iic.o(i.IIC_Start)
    IIC_Stop                                 0x08000d55   Thumb Code    58  iic.o(i.IIC_Stop)
    LED_Init                                 0x08000d95   Thumb Code    86  led.o(i.LED_Init)
    OLED_Init                                0x08000df5   Thumb Code   260  oled.o(i.OLED_Init)
    OLED_clear                               0x08000ef9   Thumb Code    64  oled.o(i.OLED_clear)
    OLED_deSelect                            0x08000f39   Thumb Code     8  oled.o(i.OLED_deSelect)
    OLED_pinInit                             0x08000f45   Thumb Code   180  oled.o(i.OLED_pinInit)
    OLED_reset                               0x08001005   Thumb Code    30  oled.o(i.OLED_reset)
    OLED_select                              0x08001029   Thumb Code     8  oled.o(i.OLED_select)
    OLED_setPos                              0x08001035   Thumb Code    50  oled.o(i.OLED_setPos)
    OLED_showChString                        0x08001067   Thumb Code    72  oled.o(i.OLED_showChString)
    OLED_showChar                            0x080010b1   Thumb Code   282  oled.o(i.OLED_showChar)
    OLED_writeByte                           0x080011d9   Thumb Code    42  oled.o(i.OLED_writeByte)
    SHT20_Init                               0x08001209   Thumb Code     8  sht20.o(i.SHT20_Init)
    SHT20_readTemAndHum                      0x08001211   Thumb Code    26  sht20.o(i.SHT20_readTemAndHum)
    SHT20_readTemOrHum                       0x08001231   Thumb Code   204  sht20.o(i.SHT20_readTemOrHum)
    SPI_Init                                 0x08001371   Thumb Code   190  spi.o(i.SPI_Init)
    SPI_ReceiveByte                          0x08001445   Thumb Code    42  spi.o(i.SPI_ReceiveByte)
    SystemInit                               0x08001511   Thumb Code    74  system_stm32f4xx.o(i.SystemInit)
    __0sprintf                               0x0800156d   Thumb Code    34  printfa.o(i.__0sprintf)
    __1sprintf                               0x0800156d   Thumb Code     0  printfa.o(i.__0sprintf)
    __2sprintf                               0x0800156d   Thumb Code     0  printfa.o(i.__0sprintf)
    __c89sprintf                             0x0800156d   Thumb Code     0  printfa.o(i.__0sprintf)
    sprintf                                  0x0800156d   Thumb Code     0  printfa.o(i.__0sprintf)
    __scatterload_copy                       0x08001595   Thumb Code    14  handlers.o(i.__scatterload_copy)
    __scatterload_null                       0x080015a3   Thumb Code     2  handlers.o(i.__scatterload_null)
    __scatterload_zeroinit                   0x080015a5   Thumb Code    14  handlers.o(i.__scatterload_zeroinit)
    main                                     0x08001e71   Thumb Code   112  main.o(i.main)
    F8X16                                    0x08001ef0   Data        1520  oled.o(.constdata)
    F6x8                                     0x080024e0   Data         552  oled.o(.constdata)
    F16X24                                   0x08002708   Data        1296  oled.o(.constdata)
    Region$$Table$$Base                      0x08002c18   Number         0  anon$$obj.o(Region$$Table)
    Region$$Table$$Limit                     0x08002c38   Number         0  anon$$obj.o(Region$$Table)
    temp_humi_Value                          0x20000000   Data           8  sht20.o(.data)
    __initial_sp                             0x20000408   Data           0  startup_stm32f40_41xxx.o(STACK)



==============================================================================

Memory Map of the image

  Image Entry point : 0x08000189

  Load Region LR_IROM1 (Base: 0x08000000, Size: 0x00002c40, Max: 0x00080000, ABSOLUTE)

    Execution Region ER_IROM1 (Base: 0x08000000, Size: 0x00002c38, Max: 0x00080000, ABSOLUTE)

    Base Addr    Size         Type   Attr      Idx    E Section Name        Object

    0x08000000   0x00000188   Data   RO           62    RESET               startup_stm32f40_41xxx.o
    0x08000188   0x00000000   Code   RO          540  * .ARM.Collect$$$$00000000  mc_w.l(entry.o)
    0x08000188   0x00000004   Code   RO          822    .ARM.Collect$$$$00000001  mc_w.l(entry2.o)
    0x0800018c   0x00000004   Code   RO          825    .ARM.Collect$$$$00000004  mc_w.l(entry5.o)
    0x08000190   0x00000000   Code   RO          827    .ARM.Collect$$$$00000008  mc_w.l(entry7b.o)
    0x08000190   0x00000000   Code   RO          829    .ARM.Collect$$$$0000000A  mc_w.l(entry8b.o)
    0x08000190   0x00000008   Code   RO          830    .ARM.Collect$$$$0000000B  mc_w.l(entry9a.o)
    0x08000198   0x00000000   Code   RO          832    .ARM.Collect$$$$0000000D  mc_w.l(entry10a.o)
    0x08000198   0x00000000   Code   RO          834    .ARM.Collect$$$$0000000F  mc_w.l(entry11a.o)
    0x08000198   0x00000004   Code   RO          823    .ARM.Collect$$$$00002712  mc_w.l(entry2.o)
    0x0800019c   0x00000024   Code   RO           63    .text               startup_stm32f40_41xxx.o
    0x080001c0   0x000000b0   Code   RO          806    .text               mf_w.l(fadd.o)
    0x08000270   0x00000064   Code   RO          808    .text               mf_w.l(fmul.o)
    0x080002d4   0x0000007c   Code   RO          810    .text               mf_w.l(fdiv.o)
    0x08000350   0x000000e4   Code   RO          812    .text               mf_w.l(dmul.o)
    0x08000434   0x00000012   Code   RO          814    .text               mf_w.l(fflti.o)
    0x08000446   0x00000022   Code   RO          816    .text               mf_w.l(dflti.o)
    0x08000468   0x00000032   Code   RO          818    .text               mf_w.l(dfixui.o)
    0x0800049a   0x00000026   Code   RO          820    .text               mf_w.l(f2d.o)
    0x080004c0   0x0000002c   Code   RO          839    .text               mc_w.l(uidiv.o)
    0x080004ec   0x00000062   Code   RO          841    .text               mc_w.l(uldiv.o)
    0x0800054e   0x00000020   Code   RO          843    .text               mc_w.l(llushr.o)
    0x0800056e   0x00000000   Code   RO          845    .text               mc_w.l(iusefp.o)
    0x0800056e   0x0000006e   Code   RO          846    .text               mf_w.l(fepilogue.o)
    0x080005dc   0x000000ba   Code   RO          848    .text               mf_w.l(depilogue.o)
    0x08000696   0x0000014e   Code   RO          850    .text               mf_w.l(dadd.o)
    0x080007e4   0x000000de   Code   RO          852    .text               mf_w.l(ddiv.o)
    0x080008c2   0x00000030   Code   RO          854    .text               mf_w.l(dfixul.o)
    0x080008f2   0x00000002   PAD
    0x080008f4   0x00000030   Code   RO          856    .text               mf_w.l(cdrcmple.o)
    0x08000924   0x00000024   Code   RO          858    .text               mc_w.l(init.o)
    0x08000948   0x0000001e   Code   RO          861    .text               mc_w.l(llshl.o)
    0x08000966   0x00000024   Code   RO          863    .text               mc_w.l(llsshr.o)
    0x0800098a   0x00000048   Code   RO          163    i.Delay_ms          systick.o
    0x080009d2   0x0000004c   Code   RO          164    i.Delay_us          systick.o
    0x08000a1e   0x00000002   PAD
    0x08000a20   0x00000068   Code   RO          165    i.IIC_Delay_us      systick.o
    0x08000a88   0x00000050   Code   RO          435    i.IIC_Receiveack    iic.o
    0x08000ad8   0x0000005c   Code   RO          436    i.IIC_Receivedate   iic.o
    0x08000b34   0x00000078   Code   RO          437    i.IIC_SDA_Int       iic.o
    0x08000bac   0x00000094   Code   RO          438    i.IIC_SDA_Out       iic.o
    0x08000c40   0x00000058   Code   RO          439    i.IIC_Sendack       iic.o
    0x08000c98   0x0000006c   Code   RO          440    i.IIC_Senddate      iic.o
    0x08000d04   0x00000050   Code   RO          441    i.IIC_Start         iic.o
    0x08000d54   0x00000040   Code   RO          442    i.IIC_Stop          iic.o
    0x08000d94   0x00000060   Code   RO          143    i.LED_Init          led.o
    0x08000df4   0x00000104   Code   RO          327    i.OLED_Init         oled.o
    0x08000ef8   0x00000040   Code   RO          328    i.OLED_clear        oled.o
    0x08000f38   0x0000000c   Code   RO          329    i.OLED_deSelect     oled.o
    0x08000f44   0x000000c0   Code   RO          332    i.OLED_pinInit      oled.o
    0x08001004   0x00000024   Code   RO          333    i.OLED_reset        oled.o
    0x08001028   0x0000000c   Code   RO          334    i.OLED_select       oled.o
    0x08001034   0x00000032   Code   RO          335    i.OLED_setPos       oled.o
    0x08001066   0x00000048   Code   RO          337    i.OLED_showChString  oled.o
    0x080010ae   0x00000002   PAD
    0x080010b0   0x00000128   Code   RO          338    i.OLED_showChar     oled.o
    0x080011d8   0x00000030   Code   RO          340    i.OLED_writeByte    oled.o
    0x08001208   0x00000008   Code   RO          497    i.SHT20_Init        sht20.o
    0x08001210   0x00000020   Code   RO          498    i.SHT20_readTemAndHum  sht20.o
    0x08001230   0x000000dc   Code   RO          499    i.SHT20_readTemOrHum  sht20.o
    0x0800130c   0x00000038   Code   RO          500    i.SHT20_setResolution  sht20.o
    0x08001344   0x0000002a   Code   RO          501    i.SHT20_softReset   sht20.o
    0x0800136e   0x00000002   PAD
    0x08001370   0x000000d4   Code   RO          301    i.SPI_Init          spi.o
    0x08001444   0x00000030   Code   RO          302    i.SPI_ReceiveByte   spi.o
    0x08001474   0x0000009c   Code   RO            3    i.SetSysClock       system_stm32f4xx.o
    0x08001510   0x0000005c   Code   RO            5    i.SystemInit        system_stm32f4xx.o
    0x0800156c   0x00000028   Code   RO          780    i.__0sprintf        mc_w.l(printfa.o)
    0x08001594   0x0000000e   Code   RO          868    i.__scatterload_copy  mc_w.l(handlers.o)
    0x080015a2   0x00000002   Code   RO          869    i.__scatterload_null  mc_w.l(handlers.o)
    0x080015a4   0x0000000e   Code   RO          870    i.__scatterload_zeroinit  mc_w.l(handlers.o)
    0x080015b2   0x00000002   PAD
    0x080015b4   0x00000184   Code   RO          785    i._fp_digits        mc_w.l(printfa.o)
    0x08001738   0x000006dc   Code   RO          786    i._printf_core      mc_w.l(printfa.o)
    0x08001e14   0x00000024   Code   RO          787    i._printf_post_padding  mc_w.l(printfa.o)
    0x08001e38   0x0000002e   Code   RO          788    i._printf_pre_padding  mc_w.l(printfa.o)
    0x08001e66   0x0000000a   Code   RO          790    i._sputc            mc_w.l(printfa.o)
    0x08001e70   0x00000080   Code   RO           69    i.main              main.o
    0x08001ef0   0x00000d28   Data   RO          341    .constdata          oled.o
    0x08002c18   0x00000020   Data   RO          866    Region$$Table       anon$$obj.o


    Execution Region RW_IRAM1 (Base: 0x20000000, Size: 0x00000408, Max: 0x00020000, ABSOLUTE)

    Base Addr    Size         Type   Attr      Idx    E Section Name        Object

    0x20000000   0x00000008   Data   RW          502    .data               sht20.o
    0x20000008   0x00000400   Zero   RW           60    STACK               startup_stm32f40_41xxx.o


==============================================================================

Image component sizes


      Code (inc. data)   RO Data    RW Data    ZI Data      Debug   Object Name

       780         50          0          0          0       3971   iic.o
        96         10          0          0          0        435   led.o
       128         16          0          0          0        995   main.o
      1042         46       3368          0          0       6671   oled.o
       358         22          0          8          0       3238   sht20.o
       260         28          0          0          0        985   spi.o
        36          8        392          0       1024        796   startup_stm32f40_41xxx.o
       248         36          0          0          0     202049   system_stm32f4xx.o
       252          4          0          0          0       1485   systick.o

    ----------------------------------------------------------------------
      3206        220       3792          8       1024     220625   Object Totals
         0          0         32          0          0          0   (incl. Generated)
         6          0          0          0          0          0   (incl. Padding)

    ----------------------------------------------------------------------

      Code (inc. data)   RO Data    RW Data    ZI Data      Debug   Library Member Name

         0          0          0          0          0          0   entry.o
         0          0          0          0          0          0   entry10a.o
         0          0          0          0          0          0   entry11a.o
         8          4          0          0          0          0   entry2.o
         4          0          0          0          0          0   entry5.o
         0          0          0          0          0          0   entry7b.o
         0          0          0          0          0          0   entry8b.o
         8          4          0          0          0          0   entry9a.o
        30          0          0          0          0          0   handlers.o
        36          8          0          0          0         68   init.o
         0          0          0          0          0          0   iusefp.o
        30          0          0          0          0         68   llshl.o
        36          0          0          0          0         68   llsshr.o
        32          0          0          0          0         68   llushr.o
      2276         86          0          0          0        520   printfa.o
        44          0          0          0          0         80   uidiv.o
        98          0          0          0          0         92   uldiv.o
        48          0          0          0          0         68   cdrcmple.o
       334          0          0          0          0        148   dadd.o
       222          0          0          0          0        100   ddiv.o
       186          0          0          0          0        176   depilogue.o
        50          0          0          0          0         76   dfixui.o
        48          0          0          0          0         68   dfixul.o
        34          0          0          0          0         76   dflti.o
       228          0          0          0          0         96   dmul.o
        38          0          0          0          0         68   f2d.o
       176          0          0          0          0        140   fadd.o
       124          0          0          0          0         88   fdiv.o
       110          0          0          0          0        168   fepilogue.o
        18          0          0          0          0         68   fflti.o
       100          0          0          0          0         76   fmul.o

    ----------------------------------------------------------------------
      4322        102          0          0          0       2380   Library Totals
         4          0          0          0          0          0   (incl. Padding)

    ----------------------------------------------------------------------

      Code (inc. data)   RO Data    RW Data    ZI Data      Debug   Library Name

      2602        102          0          0          0        964   mc_w.l
      1716          0          0          0          0       1416   mf_w.l

    ----------------------------------------------------------------------
      4322        102          0          0          0       2380   Library Totals

    ----------------------------------------------------------------------

==============================================================================


      Code (inc. data)   RO Data    RW Data    ZI Data      Debug   

      7528        322       3792          8       1024     220401   Grand Totals
      7528        322      